Archive member included to satisfy reference by file (symbol)

/opt/SEGGER/segger_embedded_studio_8.22a/lib/libc_v7em_fpv4_sp_d16_hard_t_le_eabi_balanced.a(intasmops_arm.o)
                              Output/Debug/Obj/DMP_ICM20948/bsp.o (__aeabi_uldivmod)
/opt/SEGGER/segger_embedded_studio_8.22a/lib/libc_v7em_fpv4_sp_d16_hard_t_le_eabi_balanced.a(__SEGGER_RTL_vfprintf_short_float_long.o)
                              (__SEGGER_RTL_vfprintf_short_float_long)
/opt/SEGGER/segger_embedded_studio_8.22a/lib/libc_v7em_fpv4_sp_d16_hard_t_le_eabi_balanced.a(__SEGGER_RTL_vfscanf_long.o)
                              (__SEGGER_RTL_vfscanf_long)
/opt/SEGGER/segger_embedded_studio_8.22a/lib/libc_v7em_fpv4_sp_d16_hard_t_le_eabi_balanced.a(floatops.o)
                              /opt/SEGGER/segger_embedded_studio_8.22a/lib/libc_v7em_fpv4_sp_d16_hard_t_le_eabi_balanced.a(__SEGGER_RTL_vfprintf_short_float_long.o) (ldexpf)
/opt/SEGGER/segger_embedded_studio_8.22a/lib/libc_v7em_fpv4_sp_d16_hard_t_le_eabi_balanced.a(intops.o)
                              /opt/SEGGER/segger_embedded_studio_8.22a/lib/libc_v7em_fpv4_sp_d16_hard_t_le_eabi_balanced.a(__SEGGER_RTL_vfprintf_short_float_long.o) (abs)
/opt/SEGGER/segger_embedded_studio_8.22a/lib/libc_v7em_fpv4_sp_d16_hard_t_le_eabi_balanced.a(utilops.o)
                              /opt/SEGGER/segger_embedded_studio_8.22a/lib/libc_v7em_fpv4_sp_d16_hard_t_le_eabi_balanced.a(__SEGGER_RTL_vfprintf_short_float_long.o) (__SEGGER_RTL_pow10f)
/opt/SEGGER/segger_embedded_studio_8.22a/lib/libc_v7em_fpv4_sp_d16_hard_t_le_eabi_balanced.a(floatasmops_arm.o)
                              /opt/SEGGER/segger_embedded_studio_8.22a/lib/libc_v7em_fpv4_sp_d16_hard_t_le_eabi_balanced.a(floatops.o) (__aeabi_dadd)
/opt/SEGGER/segger_embedded_studio_8.22a/lib/libc_v7em_fpv4_sp_d16_hard_t_le_eabi_balanced.a(prinops.o)
                              /opt/SEGGER/segger_embedded_studio_8.22a/lib/libc_v7em_fpv4_sp_d16_hard_t_le_eabi_balanced.a(__SEGGER_RTL_vfprintf_short_float_long.o) (__SEGGER_RTL_putc)
/opt/SEGGER/segger_embedded_studio_8.22a/lib/libc_v7em_fpv4_sp_d16_hard_t_le_eabi_balanced.a(fileops.o)
                              /opt/SEGGER/segger_embedded_studio_8.22a/lib/libc_v7em_fpv4_sp_d16_hard_t_le_eabi_balanced.a(prinops.o) (fwrite)
/opt/SEGGER/segger_embedded_studio_8.22a/lib/libc_v7em_fpv4_sp_d16_hard_t_le_eabi_balanced.a(errno.o)
                              /opt/SEGGER/segger_embedded_studio_8.22a/lib/libc_v7em_fpv4_sp_d16_hard_t_le_eabi_balanced.a(fileops.o) (__aeabi_errno_addr)
/opt/SEGGER/segger_embedded_studio_8.22a/lib/prinops_rtt_v7em_fpv4_sp_d16_hard_t_le_eabi_balanced.a(prinops_rtt.o)
                              /opt/SEGGER/segger_embedded_studio_8.22a/lib/libc_v7em_fpv4_sp_d16_hard_t_le_eabi_balanced.a(fileops.o) (__SEGGER_RTL_X_file_stat)
/opt/SEGGER/segger_embedded_studio_8.22a/lib/prinops_rtt_v7em_fpv4_sp_d16_hard_t_le_eabi_balanced.a(SEGGER_RTT.o)
                              /opt/SEGGER/segger_embedded_studio_8.22a/lib/prinops_rtt_v7em_fpv4_sp_d16_hard_t_le_eabi_balanced.a(prinops_rtt.o) (SEGGER_RTT_Read)
/opt/SEGGER/segger_embedded_studio_8.22a/lib/heapops_disable_interrupts_locking_v7em_fpv4_sp_d16_hard_t_le_eabi_balanced.a(heapops.o)
                              /opt/SEGGER/segger_embedded_studio_8.22a/lib/libc_v7em_fpv4_sp_d16_hard_t_le_eabi_balanced.a(prinops.o) (free)
/opt/SEGGER/segger_embedded_studio_8.22a/lib/strops_unaligned_v7em_fpv4_sp_d16_hard_t_le_eabi_balanced.a(strops.o)
                              Output/Debug/Obj/DMP_ICM20948/nrf_fprintf_format.o (strlen)
/opt/SEGGER/segger_embedded_studio_8.22a/lib/strops_unaligned_v7em_fpv4_sp_d16_hard_t_le_eabi_balanced.a(strasmops_arm.o)
                              /opt/SEGGER/segger_embedded_studio_8.22a/lib/strops_unaligned_v7em_fpv4_sp_d16_hard_t_le_eabi_balanced.a(strops.o) (strcmp)
/opt/SEGGER/segger_embedded_studio_8.22a/lib/mbops_timeops_v7em_fpv4_sp_d16_hard_t_le_eabi_balanced.a(mbops.o)
                              /opt/SEGGER/segger_embedded_studio_8.22a/lib/libc_v7em_fpv4_sp_d16_hard_t_le_eabi_balanced.a(prinops.o) (__SEGGER_RTL_current_locale)
/opt/SEGGER/segger_embedded_studio_8.22a/lib/mbops_timeops_v7em_fpv4_sp_d16_hard_t_le_eabi_balanced.a(timeops.o)
                              /opt/SEGGER/segger_embedded_studio_8.22a/lib/mbops_timeops_v7em_fpv4_sp_d16_hard_t_le_eabi_balanced.a(mbops.o) (__SEGGER_RTL_string_list_encode)
/opt/SEGGER/segger_embedded_studio_8.22a/lib/libc_v7em_fpv4_sp_d16_hard_t_le_eabi_balanced.a(execops.o)
                              /opt/SEGGER/segger_embedded_studio_8.22a/lib/strops_unaligned_v7em_fpv4_sp_d16_hard_t_le_eabi_balanced.a(strops.o) (__SEGGER_RTL_constraint_violation)
/opt/SEGGER/segger_embedded_studio_8.22a/lib/libc_v7em_fpv4_sp_d16_hard_t_le_eabi_balanced.a(execops_arm.o)
                              /opt/SEGGER/segger_embedded_studio_8.22a/lib/libc_v7em_fpv4_sp_d16_hard_t_le_eabi_balanced.a(execops.o) (__aeabi_SIGABRT)
[...]
Memory Configuration

Name             Origin             Length             Attributes
UNPLACED_SECTIONS 0x00000000         0x00000000         xw
RAM              0x20000000         0x00010000         xw
FLASH            0x00000000         0x00080000         xw
*default*        0x00000000         0xffffffff

Linker script and memory map

                0x20000000                        __RAM_segment_start__ = 0x20000000
                0x20000c50                        __RAM_segment_end__ = 0x20010000
                0x00010000                        __RAM_segment_size__ = 0x10000
                0x00000000                        __FLASH_segment_start__ = 0x0
                0x00080000                        __FLASH_segment_end__ = 0x80000
                0x00080000                        __FLASH_segment_size__ = 0x80000
                0x00000200                        __HEAPSIZE__ = 0x200
                0x00000000                        __SEGGER_RTL_vfprintf = __SEGGER_RTL_vfprintf_short_float_long
                0x00000000                        __SEGGER_RTL_vfscanf = __SEGGER_RTL_vfscanf_long
                0x00000000                        __STACKSIZE_PROCESS__ = 0x0
                0x00000800                        __STACKSIZE__ = 0x800
                0x20000000                        __vectors_ram_load_start__ = 0x20000000

.vectors_ram    0x20000000        0x0
                0x20000000                        __vectors_ram_start__ = .
                0x20000000                        __app_ram_start__ = __vectors_ram_start__
 *(.vectors_ram .vectors_ram.*)
                0x20000000                        __vectors_ram_end__ = (__vectors_ram_start__ + SIZEOF (.vectors_ram))
                0x00000000                        __vectors_ram_size__ = SIZEOF (.vectors_ram)
                0x20000000                        __vectors_ram_load_end__ = __vectors_ram_end__
                0x00000001                        . = ASSERT (((__vectors_ram_start__ == __vectors_ram_end__) || ((__vectors_ram_end__ - __RAM_segment_start__) <= __RAM_segment_size__)), error: .vectors_ram is too large to fit in RAM memory segment)
                0x20000000                        __nrf_sections_run_load_start__ = ALIGN (__vectors_ram_end__, 0x4)

.nrf_sections_run
                0x20000000        0x0
                0x20000000                        __nrf_sections_run_start__ = .
                0x20000000                        __start_nrf_sections_run = __nrf_sections_run_start__
 *(.nrf_sections_run .nrf_sections_run.*)
                0x20000000                        __nrf_sections_run_end__ = (__nrf_sections_run_start__ + SIZEOF (.nrf_sections_run))
                0x00000000                        __nrf_sections_run_size__ = SIZEOF (.nrf_sections_run)
                0x20000000                        __nrf_sections_run_load_end__ = __nrf_sections_run_end__
                0x00000001                        . = ASSERT (((__nrf_sections_run_start__ == __nrf_sections_run_end__) || ((__nrf_sections_run_end__ - __RAM_segment_start__) <= __RAM_segment_size__)), error: .nrf_sections_run is too large to fit in RAM memory segment)
                0x00000000                        __vectors_load_start__ = 0x0

.vectors        0x00000000      0x200
                0x00000000                        __vectors_start__ = .
 *(.vectors .vectors.*)
 .vectors       0x00000000      0x200 Output/Debug/Obj/DMP_ICM20948/ses_startup_nrf52.o
                0x00000000                _vectors
                0x00000200                        __vectors_end__ = (__vectors_start__ + SIZEOF (.vectors))
                0x00000200                        __vectors_size__ = SIZEOF (.vectors)
                0x00000200                        __vectors_load_end__ = __vectors_end__
                0x00000001                        . = ASSERT (((__vectors_start__ == __vectors_end__) || ((__vectors_end__ - __FLASH_segment_start__) <= __FLASH_segment_size__)), error: .vectors is too large to fit in FLASH memory segment)
                0x00000200                        __init_load_start__ = ALIGN (__vectors_end__, 0x4)

.init           0x00000200      0x950
                0x00000200                        __init_start__ = .
 *(.init .init.*)
 .init.__NVIC_SystemReset
                0x00000200       0x28 Output/Debug/Obj/DMP_ICM20948/system_nrf52.o
 .init.nrf52_errata_12
                0x00000228       0x88 Output/Debug/Obj/DMP_ICM20948/system_nrf52.o
 .init.nrf52_errata_16
                0x000002b0       0x68 Output/Debug/Obj/DMP_ICM20948/system_nrf52.o
 .init.nrf52_errata_31
                0x00000318       0x88 Output/Debug/Obj/DMP_ICM20948/system_nrf52.o
 .init.nrf52_errata_32
                0x000003a0       0x68 Output/Debug/Obj/DMP_ICM20948/system_nrf52.o
 .init.nrf52_errata_36
                0x00000408       0x88 Output/Debug/Obj/DMP_ICM20948/system_nrf52.o
 .init.nrf52_errata_37
                0x00000490       0x68 Output/Debug/Obj/DMP_ICM20948/system_nrf52.o
 .init.nrf52_errata_57
                0x000004f8       0x68 Output/Debug/Obj/DMP_ICM20948/system_nrf52.o
 .init.nrf52_errata_66
                0x00000560       0x88 Output/Debug/Obj/DMP_ICM20948/system_nrf52.o
 .init.nrf52_errata_108
                0x000005e8       0x88 Output/Debug/Obj/DMP_ICM20948/system_nrf52.o
 .init.nrf52_errata_136
                0x00000670       0x88 Output/Debug/Obj/DMP_ICM20948/system_nrf52.o
 .init.nrf52_errata_182
                0x000006f8       0x60 Output/Debug/Obj/DMP_ICM20948/system_nrf52.o
 .init.nrf52_configuration_249
                0x00000758       0x60 Output/Debug/Obj/DMP_ICM20948/system_nrf52.o
 .init.nrf52_handle_approtect
                0x000007b8       0x20 Output/Debug/Obj/DMP_ICM20948/system_nrf52.o
 .init.nvmc_wait
                0x000007d8       0x18 Output/Debug/Obj/DMP_ICM20948/system_nrf52.o
                0x000007d8                nvmc_wait
 .init.nvmc_config
                0x000007f0       0x20 Output/Debug/Obj/DMP_ICM20948/system_nrf52.o
                0x000007f0                nvmc_config
 .init.SystemCoreClockUpdate
                0x00000810       0x14 Output/Debug/Obj/DMP_ICM20948/system_nrf52.o
                0x00000810                SystemCoreClockUpdate
 .init.SystemInit
                0x00000824      0x2ac Output/Debug/Obj/DMP_ICM20948/system_nrf52.o
                0x00000824                SystemInit
 .init          0x00000ad0       0x18 Output/Debug/Obj/DMP_ICM20948/ses_startup_nrf52.o
                0x00000ad0                NMI_Handler
                0x00000ad2                HardFault_Handler
                0x00000ad4                MemoryManagement_Handler
                0x00000ad6                BusFault_Handler
                0x00000ad8                UsageFault_Handler
                0x00000ada                SVC_Handler
                0x00000adc                DebugMon_Handler
                0x00000ade                PendSV_Handler
                0x00000ae0                SysTick_Handler
                0x00000ae2                TIMER2_IRQHandler
                0x00000ae2                RTC0_IRQHandler
                0x00000ae2                SWI0_EGU0_IRQHandler
                0x00000ae2                SWI2_EGU2_IRQHandler
                0x00000ae2                GPIOTE_IRQHandler
                0x00000ae2                PWM1_IRQHandler
                0x00000ae2                POWER_CLOCK_IRQHandler
                0x00000ae2                RADIO_IRQHandler
                0x00000ae2                PDM_IRQHandler
                0x00000ae2                TEMP_IRQHandler
                0x00000ae2                QDEC_IRQHandler
                0x00000ae2                TIMER3_IRQHandler
                0x00000ae2                FPU_IRQHandler
                0x00000ae2                UARTE0_UART0_IRQHandler
                0x00000ae2                TIMER4_IRQHandler
                0x00000ae2                I2S_IRQHandler
                0x00000ae2                SWI4_EGU4_IRQHandler
                0x00000ae2                TIMER0_IRQHandler
                0x00000ae2                Dummy_Handler
                0x00000ae2                TIMER1_IRQHandler
                0x00000ae2                PWM2_IRQHandler
                0x00000ae2                ECB_IRQHandler
                0x00000ae2                SPIM1_SPIS1_TWIM1_TWIS1_SPI1_TWI1_IRQHandler
                0x00000ae2                SAADC_IRQHandler
                0x00000ae2                CCM_AAR_IRQHandler
                0x00000ae2                WDT_IRQHandler
                0x00000ae2                SWI5_EGU5_IRQHandler
                0x00000ae2                RNG_IRQHandler
                0x00000ae2                RTC2_IRQHandler
                0x00000ae2                PWM0_IRQHandler
                0x00000ae2                SWI3_EGU3_IRQHandler
                0x00000ae2                SWI1_EGU1_IRQHandler
                0x00000ae2                SPIM2_SPIS2_SPI2_IRQHandler
                0x00000ae2                NFCT_IRQHandler
                0x00000ae2                MWU_IRQHandler
                0x00000ae2                COMP_LPCOMP_IRQHandler
                0x00000ae4                nRFInitialize
 .init          0x00000ae8       0x5c Output/Debug/Obj/DMP_ICM20948/ses_startup_nrf_common.o
                0x00000ae8                Reset_Handler
                0x00000aec                afterInitialize
                0x00000b10                InitializeUserMemorySections
 *fill*         0x00000b44        0x4 
 .init.__stub   0x00000b48        0x8 linker stubs
                0x00000b50                        __init_end__ = (__init_start__ + SIZEOF (.init))
                0x00000950                        __init_size__ = SIZEOF (.init)
                0x00000b50                        __init_load_end__ = __init_end__
                0x00000001                        . = ASSERT (((__init_start__ == __init_end__) || ((__init_end__ - __FLASH_segment_start__) <= __FLASH_segment_size__)), error: .init is too large to fit in FLASH memory segment)
                0x00000b50                        __init_rodata_load_start__ = ALIGN (__init_end__, 0x4)

.init_rodata    0x00000b50        0x0
                0x00000b50                        __init_rodata_start__ = .
 *(.init_rodata .init_rodata.*)
                0x00000b50                        __init_rodata_end__ = (__init_rodata_start__ + SIZEOF (.init_rodata))
                0x00000000                        __init_rodata_size__ = SIZEOF (.init_rodata)
                0x00000b50                        __init_rodata_load_end__ = __init_rodata_end__
                0x00000001                        . = ASSERT (((__init_rodata_start__ == __init_rodata_end__) || ((__init_rodata_end__ - __FLASH_segment_start__) <= __FLASH_segment_size__)), error: .init_rodata is too large to fit in FLASH memory segment)
                0x00000b50                        __text_load_start__ = ALIGN (__init_rodata_end__, 0x4)

.text           0x00000b50     0x14a6
                0x00000b50                        __text_start__ = .
 *(.text .text.* .gnu.linkonce.t.* .glue_7t .glue_7 .gcc_except_table .ARM.extab* .gnu.linkonce.armextab.*)
 .glue_7        0x00000b50        0x0 linker stubs
 .glue_7t       0x00000b50        0x0 linker stubs
 .text.nrf_spim_event_clear
                0x00000b50       0x2a Output/Debug/Obj/DMP_ICM20948/nrfx_spim.o
 .text.nrf_spim_event_check
                0x00000b7a       0x24 Output/Debug/Obj/DMP_ICM20948/nrfx_spim.o
 .text.nrf_gpio_pin_port_decode
                0x00000b9e        0xe Output/Debug/Obj/DMP_ICM20948/nrfx_spim.o
 .text.nrf_gpio_pin_set
                0x00000bac       0x28 Output/Debug/Obj/DMP_ICM20948/nrfx_spim.o
 .text.nrf_gpio_pin_clear
                0x00000bd4       0x28 Output/Debug/Obj/DMP_ICM20948/nrfx_spim.o
 .text.nrf_gpio_port_out_set
                0x00000bfc       0x14 Output/Debug/Obj/DMP_ICM20948/nrfx_spim.o
 .text.nrf_gpio_port_out_clear
                0x00000c10       0x14 Output/Debug/Obj/DMP_ICM20948/nrfx_spim.o
 .text.finish_transfer
                0x00000c24       0x52 Output/Debug/Obj/DMP_ICM20948/nrfx_spim.o
 .text.irq_handler
                0x00000c76       0x30 Output/Debug/Obj/DMP_ICM20948/nrfx_spim.o
 *fill*         0x00000ca6        0x2 
 .text.SPIM0_SPIS0_TWIM0_TWIS0_SPI0_TWI0_IRQHandler
                0x00000ca8       0x18 Output/Debug/Obj/DMP_ICM20948/nrfx_spim.o
                0x00000ca8                SPIM0_SPIS0_TWIM0_TWIS0_SPI0_TWI0_IRQHandler
 .text.app_util_disable_irq
                0x00000cc0       0x18 Output/Debug/Obj/DMP_ICM20948/app_util_platform.o
                0x00000cc0                app_util_disable_irq
 .text.app_util_enable_irq
                0x00000cd8       0x20 Output/Debug/Obj/DMP_ICM20948/app_util_platform.o
                0x00000cd8                app_util_enable_irq
 .text.app_util_critical_region_enter
                0x00000cf8       0x12 Output/Debug/Obj/DMP_ICM20948/app_util_platform.o
                0x00000cf8                app_util_critical_region_enter
 .text.app_util_critical_region_exit
                0x00000d0a       0x16 Output/Debug/Obj/DMP_ICM20948/app_util_platform.o
                0x00000d0a                app_util_critical_region_exit
 .text.RTC1_IRQHandler
                0x00000d20       0x1c Output/Debug/Obj/DMP_ICM20948/drv_rtc.o
                0x00000d20                RTC1_IRQHandler
 .text.nrf_atomic_u32_add
                0x00000d3c       0x30 Output/Debug/Obj/DMP_ICM20948/nrf_atomic.o
                0x00000d3c                nrf_atomic_u32_add
 .text.nrf_atomic_u32_sub
                0x00000d6c       0x30 Output/Debug/Obj/DMP_ICM20948/nrf_atomic.o
                0x00000d6c                nrf_atomic_u32_sub
 .text.nrf_balloc_block2idx
                0x00000d9c       0x1e Output/Debug/Obj/DMP_ICM20948/nrf_balloc.o
 .text.nrf_balloc_free
                0x00000dba       0x34 Output/Debug/Obj/DMP_ICM20948/nrf_balloc.o
                0x00000dba                nrf_balloc_free
 .text.nrf_fprintf_buffer_flush
                0x00000dee       0x30 Output/Debug/Obj/DMP_ICM20948/nrf_fprintf.o
                0x00000dee                nrf_fprintf_buffer_flush
 .text.nrf_fprintf
                0x00000e1e       0x30 Output/Debug/Obj/DMP_ICM20948/nrf_fprintf.o
                0x00000e1e                nrf_fprintf
 .text.buffer_add
                0x00000e4e       0x4c Output/Debug/Obj/DMP_ICM20948/nrf_fprintf_format.o
 .text.string_print
                0x00000e9a       0xc2 Output/Debug/Obj/DMP_ICM20948/nrf_fprintf_format.o
 .text.unsigned_print
                0x00000f5c      0x130 Output/Debug/Obj/DMP_ICM20948/nrf_fprintf_format.o
 .text.int_print
                0x0000108c      0x11c Output/Debug/Obj/DMP_ICM20948/nrf_fprintf_format.o
 .text.nrf_fprintf_fmt
                0x000011a8      0x33c Output/Debug/Obj/DMP_ICM20948/nrf_fprintf_format.o
                0x000011a8                nrf_fprintf_fmt
 .text.nrf_memobj_free
                0x000014e4       0x74 Output/Debug/Obj/DMP_ICM20948/nrf_memobj.o
                0x000014e4                nrf_memobj_free
 .text.nrf_memobj_get
                0x00001558       0x1e Output/Debug/Obj/DMP_ICM20948/nrf_memobj.o
                0x00001558                nrf_memobj_get
 .text.nrf_memobj_put
                0x00001576       0x34 Output/Debug/Obj/DMP_ICM20948/nrf_memobj.o
                0x00001576                nrf_memobj_put
 .text.memobj_op
                0x000015aa      0x102 Output/Debug/Obj/DMP_ICM20948/nrf_memobj.o
 .text.nrf_memobj_read
                0x000016ac       0x28 Output/Debug/Obj/DMP_ICM20948/nrf_memobj.o
                0x000016ac                nrf_memobj_read
 .text.nrfx_coredep_delay_us
                0x000016d4       0x30 Output/Debug/Obj/DMP_ICM20948/nrf_log_backend_rtt.o
 .text.nrf_delay_ms
                0x00001704       0x2a Output/Debug/Obj/DMP_ICM20948/nrf_log_backend_rtt.o
 *fill*         0x0000172e        0x2 
 .text.serial_tx
                0x00001730       0x84 Output/Debug/Obj/DMP_ICM20948/nrf_log_backend_rtt.o
 .text.nrf_log_backend_rtt_put
                0x000017b4       0x28 Output/Debug/Obj/DMP_ICM20948/nrf_log_backend_rtt.o
 .text.nrf_log_backend_rtt_flush
                0x000017dc        0xa Output/Debug/Obj/DMP_ICM20948/nrf_log_backend_rtt.o
 .text.nrf_log_backend_rtt_panic_set
                0x000017e6        0xa Output/Debug/Obj/DMP_ICM20948/nrf_log_backend_rtt.o
 .text.nrf_log_backend_serial_put
                0x000017f0      0x124 Output/Debug/Obj/DMP_ICM20948/nrf_log_backend_serial.o
                0x000017f0                nrf_log_backend_serial_put
 .text.nrf_log_module_cnt_get
                0x00001914       0x14 Output/Debug/Obj/DMP_ICM20948/nrf_log_frontend.o
                0x00001914                nrf_log_module_cnt_get
 .text.module_idx_get
                0x00001928       0x64 Output/Debug/Obj/DMP_ICM20948/nrf_log_frontend.o
 .text.nrf_log_module_name_get
                0x0000198c       0x40 Output/Debug/Obj/DMP_ICM20948/nrf_log_frontend.o
                0x0000198c                nrf_log_module_name_get
 .text.nrf_log_color_id_get
                0x000019cc       0x70 Output/Debug/Obj/DMP_ICM20948/nrf_log_frontend.o
                0x000019cc                nrf_log_color_id_get
 .text.timestamp_print
                0x00001a3c        0xc Output/Debug/Obj/DMP_ICM20948/nrf_log_str_formatter.o
 .text.prefix_process
                0x00001a48       0xb0 Output/Debug/Obj/DMP_ICM20948/nrf_log_str_formatter.o
 .text.postfix_process
                0x00001af8       0x60 Output/Debug/Obj/DMP_ICM20948/nrf_log_str_formatter.o
 .text.nrf_log_std_entry_process
                0x00001b58      0x144 Output/Debug/Obj/DMP_ICM20948/nrf_log_str_formatter.o
                0x00001b58                nrf_log_std_entry_process
 .text.nrf_log_hexdump_entry_process
                0x00001c9c       0xf0 Output/Debug/Obj/DMP_ICM20948/nrf_log_str_formatter.o
                0x00001c9c                nrf_log_hexdump_entry_process
 .text.libc._GetAvailWriteSpace
                0x00001d8c       0x16 /opt/SEGGER/segger_embedded_studio_8.22a/lib/prinops_rtt_v7em_fpv4_sp_d16_hard_t_le_eabi_balanced.a(SEGGER_RTT.o)
 .text.libc._WriteNoCheck
                0x00001da2       0x44 /opt/SEGGER/segger_embedded_studio_8.22a/lib/prinops_rtt_v7em_fpv4_sp_d16_hard_t_le_eabi_balanced.a(SEGGER_RTT.o)
 .text.libc._WriteBlocking
                0x00001de6       0x56 /opt/SEGGER/segger_embedded_studio_8.22a/lib/prinops_rtt_v7em_fpv4_sp_d16_hard_t_le_eabi_balanced.a(SEGGER_RTT.o)
 .text.libc.SEGGER_RTT_WriteNoLock
                0x00001e3c       0x5a /opt/SEGGER/segger_embedded_studio_8.22a/lib/prinops_rtt_v7em_fpv4_sp_d16_hard_t_le_eabi_balanced.a(SEGGER_RTT.o)
                0x00001e3c                SEGGER_RTT_WriteNoLock
 .text.libc.strlen
                0x00001e96       0x2c /opt/SEGGER/segger_embedded_studio_8.22a/lib/strops_unaligned_v7em_fpv4_sp_d16_hard_t_le_eabi_balanced.a(strops.o)
                0x00001e96                strlen
 *fill*         0x00001ec2        0x2 
 .text.libc.memcpy
                0x00001ec4       0x5c /opt/SEGGER/segger_embedded_studio_8.22a/lib/strops_unaligned_v7em_fpv4_sp_d16_hard_t_le_eabi_balanced.a(strasmops_arm.o)
                0x00001ec4                memcpy
                0x00001ec4                __aeabi_memcpy
                0x00001ee2                __aeabi_memcpy4
                0x00001ee2                __aeabi_memcpy8
 .text.libc.__SEGGER_RTL_ascii_mbtowc
                0x00001f20       0x34 /opt/SEGGER/segger_embedded_studio_8.22a/lib/mbops_timeops_v7em_fpv4_sp_d16_hard_t_le_eabi_balanced.a(mbops.o)
                0x00001f20                __SEGGER_RTL_ascii_mbtowc
 .text.libc.__SEGGER_RTL_ascii_wctomb
                0x00001f54        0xe /opt/SEGGER/segger_embedded_studio_8.22a/lib/mbops_timeops_v7em_fpv4_sp_d16_hard_t_le_eabi_balanced.a(mbops.o)
                0x00001f54                __SEGGER_RTL_ascii_wctomb
 .text.libc.isprint
                0x00001f62       0x20 /opt/SEGGER/segger_embedded_studio_8.22a/lib/mbops_timeops_v7em_fpv4_sp_d16_hard_t_le_eabi_balanced.a(mbops.o)
                0x00001f62                isprint
 .text.libc.__SEGGER_RTL_ascii_isctype
                0x00001f82       0x20 /opt/SEGGER/segger_embedded_studio_8.22a/lib/mbops_timeops_v7em_fpv4_sp_d16_hard_t_le_eabi_balanced.a(mbops.o)
 .text.libc.__SEGGER_RTL_ascii_toupper
                0x00001fa2        0xc /opt/SEGGER/segger_embedded_studio_8.22a/lib/mbops_timeops_v7em_fpv4_sp_d16_hard_t_le_eabi_balanced.a(mbops.o)
 .text.libc.__SEGGER_RTL_ascii_tolower
                0x00001fae        0xe /opt/SEGGER/segger_embedded_studio_8.22a/lib/mbops_timeops_v7em_fpv4_sp_d16_hard_t_le_eabi_balanced.a(mbops.o)
 .text.libc.__SEGGER_RTL_ascii_iswctype
                0x00001fbc       0x20 /opt/SEGGER/segger_embedded_studio_8.22a/lib/mbops_timeops_v7em_fpv4_sp_d16_hard_t_le_eabi_balanced.a(mbops.o)
 .text.libc.__SEGGER_RTL_ascii_towupper
                0x00001fdc        0xc /opt/SEGGER/segger_embedded_studio_8.22a/lib/mbops_timeops_v7em_fpv4_sp_d16_hard_t_le_eabi_balanced.a(mbops.o)
 .text.libc.__SEGGER_RTL_ascii_towlower
                0x00001fe8        0xe /opt/SEGGER/segger_embedded_studio_8.22a/lib/mbops_timeops_v7em_fpv4_sp_d16_hard_t_le_eabi_balanced.a(mbops.o)
                0x00001ff6                        __text_end__ = (__text_start__ + SIZEOF (.text))
                0x000014a6                        __text_size__ = SIZEOF (.text)
                0x00001ff6                        __text_load_end__ = __text_end__

.vfp11_veneer   0x00000000        0x0
 .vfp11_veneer  0x00000000        0x0 linker stubs

.v4_bx          0x00000000        0x0
 .v4_bx         0x00000000        0x0 linker stubs

.iplt           0x00000000        0x0
 .iplt          0x00000000        0x0 Output/Debug/Obj/DMP_ICM20948/system_nrf52.o
                0x00000001                        . = ASSERT (((__text_start__ == __text_end__) || ((__text_end__ - __FLASH_segment_start__) <= __FLASH_segment_size__)), error: .text is too large to fit in FLASH memory segment)
                0x00001ff8                        __log_const_data_load_start__ = ALIGN (__text_end__, 0x4)

.log_const_data
                0x00001ff8       0x20
                0x00001ff8                        __log_const_data_start__ = .
                0x00001ff8                        __start_log_const_data = __log_const_data_start__
 *(SORT_BY_NAME(.log_const_data*))
 .log_const_data_SPIM
                0x00001ff8        0x8 Output/Debug/Obj/DMP_ICM20948/nrfx_spim.o
                0x00001ff8                m_nrf_log_SPIM_logs_data_const
 .log_const_data_app
                0x00002000        0x8 Output/Debug/Obj/DMP_ICM20948/nrf_log_frontend.o
                0x00002000                m_nrf_log_app_logs_data_const
 .log_const_data_app_timer
                0x00002008        0x8 Output/Debug/Obj/DMP_ICM20948/app_timer2.o
                0x00002008                m_nrf_log_app_timer_logs_data_const
 .log_const_data_sortlist
                0x00002010        0x8 Output/Debug/Obj/DMP_ICM20948/nrf_sortlist.o
                0x00002010                m_nrf_log_sortlist_logs_data_const
                0x00002018                        __log_const_data_end__ = (__log_const_data_start__ + SIZEOF (.log_const_data))
                0x00000020                        __log_const_data_size__ = SIZEOF (.log_const_data)
                0x00002018                        __stop_log_const_data = __log_const_data_end__
                0x00002018                        __log_const_data_load_end__ = __log_const_data_end__
                0x00000001                        . = ASSERT (((__log_const_data_start__ == __log_const_data_end__) || ((__log_const_data_end__ - __FLASH_segment_start__) <= __FLASH_segment_size__)), error: .log_const_data is too large to fit in FLASH memory segment)
                0x00002018                        __log_backends_load_start__ = ALIGN (__log_const_data_end__, 0x4)

.log_backends   0x00002018       0x10
                0x00002018                        __log_backends_start__ = .
                0x00002018                        __start_log_backends = __log_backends_start__
 *(SORT_BY_NAME(.log_backends*))
 .log_backends  0x00002018       0x10 Output/Debug/Obj/DMP_ICM20948/nrf_log_default_backends.o
                0x00002028                        __log_backends_end__ = (__log_backends_start__ + SIZEOF (.log_backends))
                0x00000010                        __log_backends_size__ = SIZEOF (.log_backends)
                0x00002028                        __stop_log_backends = __log_backends_end__
                0x00002028                        __log_backends_load_end__ = __log_backends_end__
                0x00000001                        . = ASSERT (((__log_backends_start__ == __log_backends_end__) || ((__log_backends_end__ - __FLASH_segment_start__) <= __FLASH_segment_size__)), error: .log_backends is too large to fit in FLASH memory segment)
                0x00002028                        __nrf_balloc_load_start__ = ALIGN (__log_backends_end__, 0x4)

.nrf_balloc     0x00002028       0x14
                0x00002028                        __nrf_balloc_start__ = .
                0x00002028                        __start_nrf_balloc = __nrf_balloc_start__
 *(.nrf_balloc*)
 .nrf_balloc    0x00002028       0x14 Output/Debug/Obj/DMP_ICM20948/nrf_log_frontend.o
                0x00002028                log_mempool
                0x0000203c                        __nrf_balloc_end__ = (__nrf_balloc_start__ + SIZEOF (.nrf_balloc))
                0x00000014                        __nrf_balloc_size__ = SIZEOF (.nrf_balloc)
                0x0000203c                        __stop_nrf_balloc = __nrf_balloc_end__
                0x0000203c                        __nrf_balloc_load_end__ = __nrf_balloc_end__
                0x00000001                        . = ASSERT (((__nrf_balloc_start__ == __nrf_balloc_end__) || ((__nrf_balloc_end__ - __FLASH_segment_start__) <= __FLASH_segment_size__)), error: .nrf_balloc is too large to fit in FLASH memory segment)
                0x0000203c                        __nrf_sections_load_start__ = ALIGN (__nrf_balloc_end__, 0x4)

.nrf_sections   0x0000203c        0x0
                0x0000203c                        __nrf_sections_start__ = .
                0x0000203c                        __start_nrf_sections = __nrf_sections_start__
 *(.nrf_sections .nrf_sections.*)
                0x0000203c                        __nrf_sections_end__ = (__nrf_sections_start__ + SIZEOF (.nrf_sections))
                0x00000000                        __nrf_sections_size__ = SIZEOF (.nrf_sections)
                0x0000203c                        __stop_nrf_sections = __nrf_sections_end__
                0x0000203c                        __nrf_sections_load_end__ = __nrf_sections_end__
                0x00000001                        . = ASSERT (((__nrf_sections_start__ == __nrf_sections_end__) || ((__nrf_sections_end__ - __FLASH_segment_start__) <= __FLASH_segment_size__)), error: .nrf_sections is too large to fit in FLASH memory segment)
                0x0000203c                        __log_dynamic_data_load_start__ = ALIGN (__nrf_sections_end__, 0x4)

.log_dynamic_data
                0x20000000        0x0 load address 0x0000203c
                0x20000000                        __log_dynamic_data_start__ = .
 *(SORT_BY_NAME(.log_dynamic_data*))
                0x20000000                        __log_dynamic_data_end__ = (__log_dynamic_data_start__ + SIZEOF (.log_dynamic_data))
                0x00000000                        __log_dynamic_data_size__ = SIZEOF (.log_dynamic_data)
                0x0000203c                        __log_dynamic_data_load_end__ = (__log_dynamic_data_load_start__ + SIZEOF (.log_dynamic_data))
                0x00000001                        . = ASSERT (((__log_dynamic_data_load_start__ == __log_dynamic_data_load_end__) || ((__log_dynamic_data_load_end__ - __FLASH_segment_start__) <= __FLASH_segment_size__)), error: .log_dynamic_data is too large to fit in FLASH memory segment)

.log_dynamic_data_run
                0x20000000        0x0
                0x20000000                        __log_dynamic_data_run_start__ = .
                0x20000000                        __start_log_dynamic_data = __log_dynamic_data_run_start__
                0x20000000                        __log_dynamic_data_run_end__ = (__log_dynamic_data_run_start__ + SIZEOF (.log_dynamic_data))
                0x00000000                        __log_dynamic_data_run_size__ = (__log_dynamic_data_run_end__ - __log_dynamic_data_run_start__)
                0x20000000                        __stop_log_dynamic_data = __log_dynamic_data_run_end__
                0x20000000                        __log_dynamic_data_run_load_end__ = __log_dynamic_data_run_end__
                0x00000001                        . = ASSERT (((__log_dynamic_data_run_start__ == __log_dynamic_data_run_end__) || ((__log_dynamic_data_run_end__ - __RAM_segment_start__) <= __RAM_segment_size__)), error: .log_dynamic_data_run is too large to fit in RAM memory segment)
                0x0000203c                        __log_filter_data_load_start__ = ALIGN ((__log_dynamic_data_load_start__ + SIZEOF (.log_dynamic_data)), 0x4)

.log_filter_data
                0x20000000        0x0 load address 0x0000203c
                0x20000000                        __log_filter_data_start__ = .
 *(SORT_BY_NAME(.log_filter_data*))
                0x20000000                        __log_filter_data_end__ = (__log_filter_data_start__ + SIZEOF (.log_filter_data))
                0x00000000                        __log_filter_data_size__ = SIZEOF (.log_filter_data)
                0x0000203c                        __log_filter_data_load_end__ = (__log_filter_data_load_start__ + SIZEOF (.log_filter_data))
                0x00000001                        . = ASSERT (((__log_filter_data_load_start__ == __log_filter_data_load_end__) || ((__log_filter_data_load_end__ - __FLASH_segment_start__) <= __FLASH_segment_size__)), error: .log_filter_data is too large to fit in FLASH memory segment)

.log_filter_data_run
                0x20000000        0x0
                0x20000000                        __log_filter_data_run_start__ = .
                0x20000000                        __start_log_filter_data = __log_filter_data_run_start__
                0x20000000                        __log_filter_data_run_end__ = (__log_filter_data_run_start__ + SIZEOF (.log_filter_data))
                0x00000000                        __log_filter_data_run_size__ = (__log_filter_data_run_end__ - __log_filter_data_run_start__)
                0x20000000                        __stop_log_filter_data = __log_filter_data_run_end__
                0x20000000                        __log_filter_data_run_load_end__ = __log_filter_data_run_end__
                0x00000001                        . = ASSERT (((__log_filter_data_run_start__ == __log_filter_data_run_end__) || ((__log_filter_data_run_end__ - __RAM_segment_start__) <= __RAM_segment_size__)), error: .log_filter_data_run is too large to fit in RAM memory segment)
                0x20000000                        __nrf_sections_run_end_load_start__ = ALIGN (__log_filter_data_run_end__, 0x4)

.nrf_sections_run_end
                0x20000000        0x0
                0x20000000                        __nrf_sections_run_end_start__ = .
                0x20000000                        __end_nrf_sections_run = __nrf_sections_run_end_start__
 *(.nrf_sections_run_end .nrf_sections_run_end.*)
                0x20000000                        __nrf_sections_run_end_end__ = (__nrf_sections_run_end_start__ + SIZEOF (.nrf_sections_run_end))
                0x00000000                        __nrf_sections_run_end_size__ = SIZEOF (.nrf_sections_run_end)
                0x20000000                        __nrf_sections_run_end_load_end__ = __nrf_sections_run_end_end__
                0x00000001                        . = ASSERT (((__nrf_sections_run_end_start__ == __nrf_sections_run_end_end__) || ((__nrf_sections_run_end_end__ - __RAM_segment_start__) <= __RAM_segment_size__)), error: .nrf_sections_run_end is too large to fit in RAM memory segment)
                0x0000203c                        __dtors_load_start__ = ALIGN ((__log_filter_data_load_start__ + SIZEOF (.log_filter_data)), 0x4)

.dtors          0x0000203c        0x0
                0x0000203c                        __dtors_start__ = .
 *(SORT_BY_NAME(.dtors.*))
 *(.dtors)
 *(.fini_array)
 *(SORT_BY_NAME(.fini_array.*))
                0x0000203c                        __dtors_end__ = (__dtors_start__ + SIZEOF (.dtors))
                0x00000000                        __dtors_size__ = SIZEOF (.dtors)
                0x0000203c                        __dtors_load_end__ = __dtors_end__
                0x00000001                        . = ASSERT (((__dtors_start__ == __dtors_end__) || ((__dtors_end__ - __FLASH_segment_start__) <= __FLASH_segment_size__)), error: .dtors is too large to fit in FLASH memory segment)
                0x0000203c                        __ctors_load_start__ = ALIGN (__dtors_end__, 0x4)

.ctors          0x0000203c        0x0
                0x0000203c                        __ctors_start__ = .
 *(SORT_BY_NAME(.ctors.*))
 *(.ctors)
 *(.init_array)
 *(SORT_BY_NAME(.init_array.*))
                0x0000203c                        __ctors_end__ = (__ctors_start__ + SIZEOF (.ctors))
                0x00000000                        __ctors_size__ = SIZEOF (.ctors)
                0x0000203c                        __ctors_load_end__ = __ctors_end__
                0x00000001                        . = ASSERT (((__ctors_start__ == __ctors_end__) || ((__ctors_end__ - __FLASH_segment_start__) <= __FLASH_segment_size__)), error: .ctors is too large to fit in FLASH memory segment)
                0x0000203c                        __rodata_load_start__ = ALIGN (__ctors_end__, 0x4)

.rodata         0x0000203c      0x341
                0x0000203c                        __rodata_start__ = .
 *(.rodata .rodata.* .gnu.linkonce.r.* .data.rel.ro .data.rel.ro.*)
 .rodata        0x0000203c        0x5 Output/Debug/Obj/DMP_ICM20948/nrfx_spim.o
 *fill*         0x00002041        0x3 
 .rodata        0x00002044       0x10 Output/Debug/Obj/DMP_ICM20948/app_timer2.o
 .rodata._aV2C.0
                0x00002054       0x10 Output/Debug/Obj/DMP_ICM20948/nrf_fprintf_format.o
 .rodata        0x00002064        0x9 Output/Debug/Obj/DMP_ICM20948/nrf_sortlist.o
 *fill*         0x0000206d        0x3 
 .rodata.nrf_log_backend_rtt_api
                0x00002070        0xc Output/Debug/Obj/DMP_ICM20948/nrf_log_backend_rtt.o
                0x00002070                nrf_log_backend_rtt_api
 *fill*         0x0000207c        0x4 
 .rodata.delay_machine_code.0
                0x00002080        0x6 Output/Debug/Obj/DMP_ICM20948/nrf_log_backend_rtt.o
 *fill*         0x00002086        0x2 
 .rodata        0x00002088       0x10 Output/Debug/Obj/DMP_ICM20948/nrf_log_default_backends.o
 .rodata        0x00002098       0x15 Output/Debug/Obj/DMP_ICM20948/nrf_log_frontend.o
 *fill*         0x000020ad        0x3 
 .rodata        0x000020b0       0xaa Output/Debug/Obj/DMP_ICM20948/nrf_log_str_formatter.o
 *fill*         0x0000215a        0x2 
 .rodata.libc.__SEGGER_RTL_c_locale
                0x0000215c        0xc /opt/SEGGER/segger_embedded_studio_8.22a/lib/mbops_timeops_v7em_fpv4_sp_d16_hard_t_le_eabi_balanced.a(mbops.o)
                0x0000215c                __SEGGER_RTL_c_locale
 .rodata.libc.__SEGGER_RTL_c_locale_day_names
                0x00002168       0x3a /opt/SEGGER/segger_embedded_studio_8.22a/lib/mbops_timeops_v7em_fpv4_sp_d16_hard_t_le_eabi_balanced.a(mbops.o)
                0x00002168                __SEGGER_RTL_c_locale_day_names
 .rodata.libc.__SEGGER_RTL_c_locale_month_names
                0x000021a2       0x57 /opt/SEGGER/segger_embedded_studio_8.22a/lib/mbops_timeops_v7em_fpv4_sp_d16_hard_t_le_eabi_balanced.a(mbops.o)
                0x000021a2                __SEGGER_RTL_c_locale_month_names
 .rodata.libc.__SEGGER_RTL_c_locale_am_pm_indicator
                0x000021f9        0x7 /opt/SEGGER/segger_embedded_studio_8.22a/lib/mbops_timeops_v7em_fpv4_sp_d16_hard_t_le_eabi_balanced.a(mbops.o)
                0x000021f9                __SEGGER_RTL_c_locale_am_pm_indicator
 .rodata.libc.__SEGGER_RTL_c_locale_date_format
                0x00002200        0x9 /opt/SEGGER/segger_embedded_studio_8.22a/lib/mbops_timeops_v7em_fpv4_sp_d16_hard_t_le_eabi_balanced.a(mbops.o)
                0x00002200                __SEGGER_RTL_c_locale_date_format
 .rodata.libc.__SEGGER_RTL_c_locale_time_format
                0x00002209        0x9 /opt/SEGGER/segger_embedded_studio_8.22a/lib/mbops_timeops_v7em_fpv4_sp_d16_hard_t_le_eabi_balanced.a(mbops.o)
                0x00002209                __SEGGER_RTL_c_locale_time_format
 .rodata.libc.__SEGGER_RTL_c_locale_date_time_format
                0x00002212        0xf /opt/SEGGER/segger_embedded_studio_8.22a/lib/mbops_timeops_v7em_fpv4_sp_d16_hard_t_le_eabi_balanced.a(mbops.o)
                0x00002212                __SEGGER_RTL_c_locale_date_time_format
 .rodata.libc..L.str
                0x00002221        0x2 /opt/SEGGER/segger_embedded_studio_8.22a/lib/mbops_timeops_v7em_fpv4_sp_d16_hard_t_le_eabi_balanced.a(mbops.o)
 *fill*         0x00002223        0x1 
 .rodata.libc.__SEGGER_RTL_codeset_ascii
                0x00002224       0x20 /opt/SEGGER/segger_embedded_studio_8.22a/lib/mbops_timeops_v7em_fpv4_sp_d16_hard_t_le_eabi_balanced.a(mbops.o)
                0x00002224                __SEGGER_RTL_codeset_ascii
 .rodata.libc.__SEGGER_RTL_c_locale_abbrev_day_names
                0x00002244       0x1d /opt/SEGGER/segger_embedded_studio_8.22a/lib/mbops_timeops_v7em_fpv4_sp_d16_hard_t_le_eabi_balanced.a(mbops.o)
                0x00002244                __SEGGER_RTL_c_locale_abbrev_day_names
 .rodata.libc.__SEGGER_RTL_c_locale_abbrev_month_names
                0x00002261       0x31 /opt/SEGGER/segger_embedded_studio_8.22a/lib/mbops_timeops_v7em_fpv4_sp_d16_hard_t_le_eabi_balanced.a(mbops.o)
                0x00002261                __SEGGER_RTL_c_locale_abbrev_month_names
 .rodata.libc.__SEGGER_RTL_data_utf8_period
                0x00002292        0x2 /opt/SEGGER/segger_embedded_studio_8.22a/lib/mbops_timeops_v7em_fpv4_sp_d16_hard_t_le_eabi_balanced.a(mbops.o)
                0x00002292                __SEGGER_RTL_data_utf8_period
 .rodata.libc.__SEGGER_RTL_data_empty_string
                0x00002294        0x1 /opt/SEGGER/segger_embedded_studio_8.22a/lib/mbops_timeops_v7em_fpv4_sp_d16_hard_t_le_eabi_balanced.a(mbops.o)
                0x00002294                __SEGGER_RTL_data_empty_string
 *fill*         0x00002295        0x3 
 .rodata.libc.__SEGGER_RTL_c_locale_data
                0x00002298       0x58 /opt/SEGGER/segger_embedded_studio_8.22a/lib/mbops_timeops_v7em_fpv4_sp_d16_hard_t_le_eabi_balanced.a(mbops.o)
                0x00002298                __SEGGER_RTL_c_locale_data
 .rodata.libc.__SEGGER_RTL_ascii_ctype_map
                0x000022f0       0x80 /opt/SEGGER/segger_embedded_studio_8.22a/lib/mbops_timeops_v7em_fpv4_sp_d16_hard_t_le_eabi_balanced.a(mbops.o)
 .rodata.libc.__SEGGER_RTL_ascii_ctype_mask
                0x00002370        0xd /opt/SEGGER/segger_embedded_studio_8.22a/lib/mbops_timeops_v7em_fpv4_sp_d16_hard_t_le_eabi_balanced.a(mbops.o)
                0x0000237d                        __rodata_end__ = (__rodata_start__ + SIZEOF (.rodata))
                0x00000341                        __rodata_size__ = SIZEOF (.rodata)
                0x0000237d                        __rodata_load_end__ = __rodata_end__

.rel.dyn        0x00002380        0x0
 .rel.iplt      0x00002380        0x0 Output/Debug/Obj/DMP_ICM20948/system_nrf52.o
                0x00000001                        . = ASSERT (((__rodata_start__ == __rodata_end__) || ((__rodata_end__ - __FLASH_segment_start__) <= __FLASH_segment_size__)), error: .rodata is too large to fit in FLASH memory segment)
                0x00002380                        __ARM.exidx_load_start__ = ALIGN (__rodata_end__, 0x4)

.ARM.exidx      0x00002380        0x0
                0x00002380                        __ARM.exidx_start__ = .
                0x00002380                        __exidx_start = __ARM.exidx_start__
 *(.ARM.exidx .ARM.exidx.*)
                0x00002380                        __ARM.exidx_end__ = (__ARM.exidx_start__ + SIZEOF (.ARM.exidx))
                0x00000000                        __ARM.exidx_size__ = SIZEOF (.ARM.exidx)
                0x00002380                        __exidx_end = __ARM.exidx_end__
                0x00002380                        __ARM.exidx_load_end__ = __ARM.exidx_end__
                0x00000001                        . = ASSERT (((__ARM.exidx_start__ == __ARM.exidx_end__) || ((__ARM.exidx_end__ - __FLASH_segment_start__) <= __FLASH_segment_size__)), error: .ARM.exidx is too large to fit in FLASH memory segment)
                0x00002380                        __fast_load_start__ = ALIGN (__ARM.exidx_end__, 0x4)

.fast           0x20000000        0x0 load address 0x00002380
                0x20000000                        __fast_start__ = .
 *(.fast .fast.*)
                0x20000000                        __fast_end__ = (__fast_start__ + SIZEOF (.fast))
                0x00000000                        __fast_size__ = SIZEOF (.fast)
                0x00002380                        __fast_load_end__ = (__fast_load_start__ + SIZEOF (.fast))
                0x00000001                        . = ASSERT (((__fast_load_start__ == __fast_load_end__) || ((__fast_load_end__ - __FLASH_segment_start__) <= __FLASH_segment_size__)), error: .fast is too large to fit in FLASH memory segment)

.fast_run       0x20000000        0x0
                0x20000000                        __fast_run_start__ = .
                0x20000000                        __fast_run_end__ = (__fast_run_start__ + SIZEOF (.fast))
                0x00000000                        __fast_run_size__ = (__fast_run_end__ - __fast_run_start__)
                0x20000000                        __fast_run_load_end__ = __fast_run_end__
                0x00000001                        . = ASSERT (((__fast_run_start__ == __fast_run_end__) || ((__fast_run_end__ - __RAM_segment_start__) <= __RAM_segment_size__)), error: .fast_run is too large to fit in RAM memory segment)
                0x00002380                        __data_load_start__ = ALIGN ((__fast_load_start__ + SIZEOF (.fast)), 0x4)

.data           0x20000000       0x58 load address 0x00002380
                0x20000000                        __data_start__ = .
 *(.data .data.* .gnu.linkonce.d.*)
 .data.SystemCoreClock
                0x20000000        0x4 Output/Debug/Obj/DMP_ICM20948/system_nrf52.o
                0x20000000                SystemCoreClock
 .data.log_backend_cb_rtt_log_backend
                0x20000004        0x8 Output/Debug/Obj/DMP_ICM20948/nrf_log_default_backends.o
 .data.severity_names
                0x2000000c       0x14 Output/Debug/Obj/DMP_ICM20948/nrf_log_str_formatter.o
 .data.m_colors
                0x20000020       0x24 Output/Debug/Obj/DMP_ICM20948/nrf_log_str_formatter.o
 .data.libc.__SEGGER_RTL_global_locale
                0x20000044       0x14 /opt/SEGGER/segger_embedded_studio_8.22a/lib/mbops_timeops_v7em_fpv4_sp_d16_hard_t_le_eabi_balanced.a(mbops.o)
                0x20000044                __RAL_global_locale
                0x20000044                __SEGGER_RTL_global_locale
                0x20000058                        __data_end__ = (__data_start__ + SIZEOF (.data))
                0x00000058                        __data_size__ = SIZEOF (.data)
                0x000023d8                        __data_load_end__ = (__data_load_start__ + SIZEOF (.data))

.igot.plt       0x00000000        0x0
 .igot.plt      0x00000000        0x0 Output/Debug/Obj/DMP_ICM20948/system_nrf52.o
                0x00000001                        . = ASSERT (((__data_load_start__ == __data_load_end__) || ((__data_load_end__ - __FLASH_segment_start__) <= __FLASH_segment_size__)), error: .data is too large to fit in FLASH memory segment)

.data_run       0x20000000        0x0
                0x20000000                        __data_run_start__ = .
                0x20000058                        __data_run_end__ = (__data_run_start__ + SIZEOF (.data))
                0x00000058                        __data_run_size__ = (__data_run_end__ - __data_run_start__)
                0x20000058                        __data_run_load_end__ = __data_run_end__
                0x00000001                        . = ASSERT (((__data_run_start__ == __data_run_end__) || ((__data_run_end__ - __RAM_segment_start__) <= __RAM_segment_size__)), error: .data_run is too large to fit in RAM memory segment)
                0x000023d8                        __tdata_load_start__ = ALIGN ((__data_load_start__ + SIZEOF (.data)), 0x4)

.tdata          0x20000058        0x0 load address 0x000023d8
                0x20000058                        __tdata_start__ = .
 *(.tdata .tdata.*)
                0x20000058                        __tdata_end__ = (__tdata_start__ + SIZEOF (.tdata))
                0x00000000                        __tdata_size__ = SIZEOF (.tdata)
                0x000023d8                        __tdata_load_end__ = (__tdata_load_start__ + SIZEOF (.tdata))
                0x000023d8                        __FLASH_segment_used_end__ = (ALIGN ((__data_load_start__ + SIZEOF (.data)), 0x4) + SIZEOF (.tdata))
                0x000023d8                        __FLASH_segment_used_size__ = (__FLASH_segment_used_end__ - __FLASH_segment_start__)
                0x00000001                        . = ASSERT (((__tdata_load_start__ == __tdata_load_end__) || ((__tdata_load_end__ - __FLASH_segment_start__) <= __FLASH_segment_size__)), error: .tdata is too large to fit in FLASH memory segment)

.tdata_run      0x20000058        0x0
                0x20000058                        __tdata_run_start__ = .
                0x20000058                        __tdata_run_end__ = (__tdata_run_start__ + SIZEOF (.tdata))
                0x00000000                        __tdata_run_size__ = (__tdata_run_end__ - __tdata_run_start__)
                0x20000058                        __tdata_run_load_end__ = __tdata_run_end__
                0x00000001                        . = ASSERT (((__tdata_run_start__ == __tdata_run_end__) || ((__tdata_run_end__ - __RAM_segment_start__) <= __RAM_segment_size__)), error: .tdata_run is too large to fit in RAM memory segment)
                0x20000058                        __bss_load_start__ = ALIGN (__tdata_run_end__, 0x4)

.bss            0x20000058      0x1f4
                0x20000058                        __bss_start__ = .
 *(.bss .bss.* .gnu.linkonce.b.*)
 .bss.m_cb      0x20000058       0x24 Output/Debug/Obj/DMP_ICM20948/nrfx_spim.o
 .bss.m_in_critical_region
                0x2000007c        0x4 Output/Debug/Obj/DMP_ICM20948/app_util_platform.o
 .bss.m_handlers
                0x20000080        0x4 Output/Debug/Obj/DMP_ICM20948/drv_rtc.o
 .bss.m_cb      0x20000084        0x8 Output/Debug/Obj/DMP_ICM20948/drv_rtc.o
 .bss.m_host_present
                0x2000008c        0x1 Output/Debug/Obj/DMP_ICM20948/nrf_log_backend_rtt.o
 *fill*         0x2000008d        0x3 
 .bss.m_string_buff
                0x20000090       0x40 Output/Debug/Obj/DMP_ICM20948/nrf_log_backend_rtt.o
 .bss.log_mempool_nrf_balloc_pool_stack
                0x200000d0        0x8 Output/Debug/Obj/DMP_ICM20948/nrf_log_frontend.o
 .bss.log_mempool_nrf_balloc_pool_mem
                0x200000d8       0xc0 Output/Debug/Obj/DMP_ICM20948/nrf_log_frontend.o
 .bss.log_mempool_nrf_balloc_cb
                0x20000198        0x8 Output/Debug/Obj/DMP_ICM20948/nrf_log_frontend.o
 .bss.libc._SEGGER_RTT
                0x200001a0       0xa8 /opt/SEGGER/segger_embedded_studio_8.22a/lib/prinops_rtt_v7em_fpv4_sp_d16_hard_t_le_eabi_balanced.a(SEGGER_RTT.o)
                0x200001a0                _SEGGER_RTT
 .bss.libc.__SEGGER_RTL_locale_ptr
                0x20000248        0x4 /opt/SEGGER/segger_embedded_studio_8.22a/lib/mbops_timeops_v7em_fpv4_sp_d16_hard_t_le_eabi_balanced.a(mbops.o)
                0x20000248                __SEGGER_RTL_locale_ptr
 *(COMMON)
                0x2000024c                        __bss_end__ = (__bss_start__ + SIZEOF (.bss))
                0x000001f4                        __bss_size__ = SIZEOF (.bss)
                0x2000024c                        __bss_load_end__ = __bss_end__
                0x00000001                        . = ASSERT (((__bss_start__ == __bss_end__) || ((__bss_end__ - __RAM_segment_start__) <= __RAM_segment_size__)), error: .bss is too large to fit in RAM memory segment)
                0x2000024c                        __tbss_load_start__ = ALIGN (__bss_end__, 0x4)

.tbss           0x2000024c        0x0
                0x2000024c                        __tbss_start__ = .
 *(.tbss .tbss.*)
                0x2000024c                        __tbss_end__ = (__tbss_start__ + SIZEOF (.tbss))
                0x00000000                        __tbss_size__ = SIZEOF (.tbss)
                0x2000024c                        __tbss_load_end__ = __tbss_end__
                0x00000001                        . = ASSERT (((__tbss_start__ == __tbss_end__) || ((__tbss_end__ - __RAM_segment_start__) <= __RAM_segment_size__)), error: .tbss is too large to fit in RAM memory segment)
                0x2000024c                        __non_init_load_start__ = ALIGN (__tbss_end__, 0x4)

.non_init       0x2000024c        0x0
                0x2000024c                        __non_init_start__ = .
 *(.non_init .non_init.*)
                0x2000024c                        __non_init_end__ = (__non_init_start__ + SIZEOF (.non_init))
                0x00000000                        __non_init_size__ = SIZEOF (.non_init)
                0x2000024c                        __non_init_load_end__ = __non_init_end__
                0x00000001                        . = ASSERT (((__non_init_start__ == __non_init_end__) || ((__non_init_end__ - __RAM_segment_start__) <= __RAM_segment_size__)), error: .non_init is too large to fit in RAM memory segment)
                0x2000024c                        __heap_load_start__ = ALIGN (__non_init_end__, 0x4)

.heap           0x2000024c      0x200
                0x2000024c                        __heap_start__ = .
 *(.heap .heap.*)
                0x2000044c                        . = ALIGN (MAX ((__heap_start__ + __HEAPSIZE__), .), 0x4)
 *fill*         0x2000024c      0x200 
                0x2000044c                        __heap_end__ = (__heap_start__ + SIZEOF (.heap))
                0x00000200                        __heap_size__ = SIZEOF (.heap)
                0x2000044c                        __heap_load_end__ = __heap_end__
                0x00000001                        . = ASSERT (((__heap_start__ == __heap_end__) || ((__heap_end__ - __RAM_segment_start__) <= __RAM_segment_size__)), error: .heap is too large to fit in RAM memory segment)
                0x00000001                        . = ASSERT ((__HEAPSIZE__ == ALIGN (__HEAPSIZE__, 0x4)), error: .heap section size does not match alignment)
                0x00000001                        . = ASSERT ((__heap_size__ <= __HEAPSIZE__), error: .heap section is larger than specified size)
                0x20000450                        __stack_load_start__ = ALIGN (__heap_end__, 0x8)

.stack          0x20000450      0x800
                0x20000450                        __stack_start__ = .
                0x20000450                        __StackLimit = __stack_start__
 *(.stack .stack.*)
                0x20000c50                        . = ALIGN (MAX ((__stack_start__ + __STACKSIZE__), .), 0x8)
 *fill*         0x20000450      0x800 
                0x20000c50                        __stack_end__ = (__stack_start__ + SIZEOF (.stack))
                0x00000800                        __stack_size__ = SIZEOF (.stack)
                0x20000c50                        __StackTop = __stack_end__
                0x20000c50                        __stack_load_end__ = __stack_end__
                0x00000001                        . = ASSERT (((__stack_start__ == __stack_end__) || ((__stack_end__ - __RAM_segment_start__) <= __RAM_segment_size__)), error: .stack is too large to fit in RAM memory segment)
                0x00000001                        . = ASSERT ((__STACKSIZE__ == ALIGN (__STACKSIZE__, 0x8)), error: .stack section size does not match alignment)
                0x00000001                        . = ASSERT ((__stack_size__ <= __STACKSIZE__), error: .stack section is larger than specified size)
                0x20000c50                        __stack_process_load_start__ = ALIGN (__stack_end__, 0x8)

.stack_process  0x20000c50        0x0
                0x20000c50                        __stack_process_start__ = .
 *(.stack_process .stack_process.*)
                0x20000c50                        . = ALIGN (MAX ((__stack_process_start__ + __STACKSIZE_PROCESS__), .), 0x8)
                0x20000c50                        __stack_process_end__ = (__stack_process_start__ + SIZEOF (.stack_process))
                0x00000000                        __stack_process_size__ = SIZEOF (.stack_process)
                0x20000c50                        __stack_process_load_end__ = __stack_process_end__
                0x00000001                        . = ASSERT (((__stack_process_start__ == __stack_process_end__) || ((__stack_process_end__ - __RAM_segment_start__) <= __RAM_segment_size__)), error: .stack_process is too large to fit in RAM memory segment)
                0x00000001                        . = ASSERT ((__STACKSIZE_PROCESS__ == ALIGN (__STACKSIZE_PROCESS__, 0x8)), error: .stack_process section size does not match alignment)
                0x00000001                        . = ASSERT ((__stack_process_size__ <= __STACKSIZE_PROCESS__), error: .stack_process section is larger than specified size)
                0x20000c50                        __ram_end_load_start__ = ALIGN (__stack_process_end__, 0x4)

.ram_end        0x20000c50        0x0
                0x20000c50                        __ram_end_start__ = .
                0x20000c50                        __RAM_segment_end__ = __ram_end_start__
 *(.ram_end .ram_end.*)
                0x20000c50                        __ram_end_end__ = (__ram_end_start__ + SIZEOF (.ram_end))
                0x00000000                        __ram_end_size__ = SIZEOF (.ram_end)
                0x20000c50                        __ram_end_load_end__ = __ram_end_end__
                0x00000001                        . = ASSERT (((__ram_end_start__ == __ram_end_end__) || ((__ram_end_end__ - __RAM_segment_start__) <= __RAM_segment_size__)), error: .ram_end is too large to fit in RAM memory segment)
                0x20000c50                        __start_symbol_load_start__ = ALIGN (__ram_end_end__, 0x4)

.start_symbol   0x20000c50        0x0
                0x20000c50                        __start_symbol_start__ = .
                0x20000c50                        _start = __start_symbol_start__
 *(.start_symbol .start_symbol.*)
                0x20000c50                        __start_symbol_end__ = (__start_symbol_start__ + SIZEOF (.start_symbol))
                0x00000000                        __start_symbol_size__ = SIZEOF (.start_symbol)
                0x20000c50                        __start_symbol_load_end__ = __start_symbol_end__
                0x20000c50                        __RAM_segment_used_end__ = (ALIGN (__ram_end_end__, 0x4) + SIZEOF (.start_symbol))
                0x00000c50                        __RAM_segment_used_size__ = (__RAM_segment_used_end__ - __RAM_segment_start__)
                0x00000001                        . = ASSERT (((__start_symbol_start__ == __start_symbol_end__) || ((__start_symbol_end__ - __RAM_segment_start__) <= __RAM_segment_size__)), error: .start_symbol is too large to fit in RAM memory segment)
                0x00000800                        __STACKSIZE__ = 0x800
                0x00000000                        __STACKSIZE_PROCESS__ = 0x0
                0x00000200                        __HEAPSIZE__ = 0x200
                0x00000000                        __SEGGER_RTL_vfprintf = __SEGGER_RTL_vfprintf_short_float_long
                0x00000000                        __SEGGER_RTL_vfscanf = __SEGGER_RTL_vfscanf_long
START GROUP
LOAD Output/Debug/Obj/DMP_ICM20948/boards.o
LOAD Output/Debug/Obj/DMP_ICM20948/bsp.o
LOAD Output/Debug/Obj/DMP_ICM20948/system_nrf52.o
LOAD Output/Debug/Obj/DMP_ICM20948/nrf_drv_spi.o
LOAD Output/Debug/Obj/DMP_ICM20948/nrf_drv_uart.o
LOAD Output/Debug/Obj/DMP_ICM20948/nrfx_atomic.o
LOAD Output/Debug/Obj/DMP_ICM20948/nrfx_gpiote.o
LOAD Output/Debug/Obj/DMP_ICM20948/nrfx_prs.o
LOAD Output/Debug/Obj/DMP_ICM20948/nrfx_spi.o
LOAD Output/Debug/Obj/DMP_ICM20948/nrfx_spim.o
LOAD Output/Debug/Obj/DMP_ICM20948/nrfx_uart.o
LOAD Output/Debug/Obj/DMP_ICM20948/nrfx_uarte.o
LOAD Output/Debug/Obj/DMP_ICM20948/app_button.o
LOAD Output/Debug/Obj/DMP_ICM20948/app_error.o
LOAD Output/Debug/Obj/DMP_ICM20948/app_error_handler_gcc.o
LOAD Output/Debug/Obj/DMP_ICM20948/app_error_weak.o
LOAD Output/Debug/Obj/DMP_ICM20948/app_scheduler.o
LOAD Output/Debug/Obj/DMP_ICM20948/app_timer2.o
LOAD Output/Debug/Obj/DMP_ICM20948/app_util_platform.o
LOAD Output/Debug/Obj/DMP_ICM20948/drv_rtc.o
LOAD Output/Debug/Obj/DMP_ICM20948/nrf_assert.o
LOAD Output/Debug/Obj/DMP_ICM20948/nrf_atfifo.o
LOAD Output/Debug/Obj/DMP_ICM20948/nrf_atomic.o
LOAD Output/Debug/Obj/DMP_ICM20948/nrf_balloc.o
LOAD Output/Debug/Obj/DMP_ICM20948/nrf_fprintf.o
LOAD Output/Debug/Obj/DMP_ICM20948/nrf_fprintf_format.o
LOAD Output/Debug/Obj/DMP_ICM20948/nrf_memobj.o
LOAD Output/Debug/Obj/DMP_ICM20948/nrf_ringbuf.o
LOAD Output/Debug/Obj/DMP_ICM20948/nrf_sortlist.o
LOAD Output/Debug/Obj/DMP_ICM20948/nrf_strerror.o
LOAD Output/Debug/Obj/DMP_ICM20948/nrf_log_backend_rtt.o
LOAD Output/Debug/Obj/DMP_ICM20948/nrf_log_backend_serial.o
LOAD Output/Debug/Obj/DMP_ICM20948/nrf_log_backend_uart.o
LOAD Output/Debug/Obj/DMP_ICM20948/nrf_log_default_backends.o
LOAD Output/Debug/Obj/DMP_ICM20948/nrf_log_frontend.o
LOAD Output/Debug/Obj/DMP_ICM20948/nrf_log_str_formatter.o
LOAD Output/Debug/Obj/DMP_ICM20948/main.o
LOAD Output/Debug/Obj/DMP_ICM20948/ses_startup_nrf52.o
LOAD Output/Debug/Obj/DMP_ICM20948/ses_startup_nrf_common.o
LOAD /opt/SEGGER/segger_embedded_studio_8.22a/lib/libc_v7em_fpv4_sp_d16_hard_t_le_eabi_balanced.a
LOAD /opt/SEGGER/segger_embedded_studio_8.22a/lib/prinops_rtt_v7em_fpv4_sp_d16_hard_t_le_eabi_balanced.a
LOAD /opt/SEGGER/segger_embedded_studio_8.22a/lib/heapops_basic_v7em_fpv4_sp_d16_hard_t_le_eabi_balanced.a
LOAD /opt/SEGGER/segger_embedded_studio_8.22a/lib/heapops_disable_interrupts_locking_v7em_fpv4_sp_d16_hard_t_le_eabi_balanced.a
LOAD /opt/SEGGER/segger_embedded_studio_8.22a/lib/strops_unaligned_v7em_fpv4_sp_d16_hard_t_le_eabi_balanced.a
LOAD /opt/SEGGER/segger_embedded_studio_8.22a/lib/mbops_timeops_v7em_fpv4_sp_d16_hard_t_le_eabi_balanced.a
END GROUP
OUTPUT(/home/srikar/Projects/DMP_ICM20948/nrf/Output/Debug/Exe/DMP_ICM20948.elf elf32-littlearm)
LOAD linker stubs

.debug_info     0x00000000     0xc36d
 .debug_info    0x00000000     0x31ef Output/Debug/Obj/DMP_ICM20948/system_nrf52.o
 .debug_info    0x000031ef     0x1b58 Output/Debug/Obj/DMP_ICM20948/nrfx_spim.o
 .debug_info    0x00004d47     0x10cf Output/Debug/Obj/DMP_ICM20948/app_timer2.o
 .debug_info    0x00005e16      0x731 Output/Debug/Obj/DMP_ICM20948/app_util_platform.o
 .debug_info    0x00006547     0x1383 Output/Debug/Obj/DMP_ICM20948/drv_rtc.o
 .debug_info    0x000078ca      0x880 Output/Debug/Obj/DMP_ICM20948/nrf_atomic.o
 .debug_info    0x0000814a      0x300 Output/Debug/Obj/DMP_ICM20948/nrf_balloc.o
 .debug_info    0x0000844a      0x21a Output/Debug/Obj/DMP_ICM20948/nrf_fprintf.o
 .debug_info    0x00008664      0x4a8 Output/Debug/Obj/DMP_ICM20948/nrf_fprintf_format.o
 .debug_info    0x00008b0c      0x748 Output/Debug/Obj/DMP_ICM20948/nrf_memobj.o
 .debug_info    0x00009254      0x36c Output/Debug/Obj/DMP_ICM20948/nrf_sortlist.o
 .debug_info    0x000095c0      0x482 Output/Debug/Obj/DMP_ICM20948/nrf_log_backend_rtt.o
 .debug_info    0x00009a42      0x6ed Output/Debug/Obj/DMP_ICM20948/nrf_log_backend_serial.o
 .debug_info    0x0000a12f      0x2bb Output/Debug/Obj/DMP_ICM20948/nrf_log_default_backends.o
 .debug_info    0x0000a3ea     0x1a2a Output/Debug/Obj/DMP_ICM20948/nrf_log_frontend.o
 .debug_info    0x0000be14      0x513 Output/Debug/Obj/DMP_ICM20948/nrf_log_str_formatter.o
 .debug_info    0x0000c327       0x23 Output/Debug/Obj/DMP_ICM20948/ses_startup_nrf52.o
 .debug_info    0x0000c34a       0x23 Output/Debug/Obj/DMP_ICM20948/ses_startup_nrf_common.o

.debug_abbrev   0x00000000     0x2364
 .debug_abbrev  0x00000000      0x265 Output/Debug/Obj/DMP_ICM20948/system_nrf52.o
 .debug_abbrev  0x00000265      0x313 Output/Debug/Obj/DMP_ICM20948/nrfx_spim.o
 .debug_abbrev  0x00000578      0x37c Output/Debug/Obj/DMP_ICM20948/app_timer2.o
 .debug_abbrev  0x000008f4      0x235 Output/Debug/Obj/DMP_ICM20948/app_util_platform.o
 .debug_abbrev  0x00000b29      0x358 Output/Debug/Obj/DMP_ICM20948/drv_rtc.o
 .debug_abbrev  0x00000e81      0x130 Output/Debug/Obj/DMP_ICM20948/nrf_atomic.o
 .debug_abbrev  0x00000fb1      0x1ae Output/Debug/Obj/DMP_ICM20948/nrf_balloc.o
 .debug_abbrev  0x0000115f      0x12a Output/Debug/Obj/DMP_ICM20948/nrf_fprintf.o
 .debug_abbrev  0x00001289      0x1fa Output/Debug/Obj/DMP_ICM20948/nrf_fprintf_format.o
 .debug_abbrev  0x00001483      0x1d9 Output/Debug/Obj/DMP_ICM20948/nrf_memobj.o
 .debug_abbrev  0x0000165c      0x14a Output/Debug/Obj/DMP_ICM20948/nrf_sortlist.o
 .debug_abbrev  0x000017a6      0x1e3 Output/Debug/Obj/DMP_ICM20948/nrf_log_backend_rtt.o
 .debug_abbrev  0x00001989      0x1d3 Output/Debug/Obj/DMP_ICM20948/nrf_log_backend_serial.o
 .debug_abbrev  0x00001b5c      0x166 Output/Debug/Obj/DMP_ICM20948/nrf_log_default_backends.o
 .debug_abbrev  0x00001cc2      0x4ae Output/Debug/Obj/DMP_ICM20948/nrf_log_frontend.o
 .debug_abbrev  0x00002170      0x1cc Output/Debug/Obj/DMP_ICM20948/nrf_log_str_formatter.o
 .debug_abbrev  0x0000233c       0x14 Output/Debug/Obj/DMP_ICM20948/ses_startup_nrf52.o
 .debug_abbrev  0x00002350       0x14 Output/Debug/Obj/DMP_ICM20948/ses_startup_nrf_common.o

.debug_pubnames
                0x00000000     0x410e
 .debug_pubnames
                0x00000000      0xff1 Output/Debug/Obj/DMP_ICM20948/system_nrf52.o
 .debug_pubnames
                0x00000ff1      0xa17 Output/Debug/Obj/DMP_ICM20948/nrfx_spim.o
 .debug_pubnames
                0x00001a08      0x9bf Output/Debug/Obj/DMP_ICM20948/app_timer2.o
 .debug_pubnames
                0x000023c7      0x223 Output/Debug/Obj/DMP_ICM20948/app_util_platform.o
 .debug_pubnames
                0x000025ea      0x714 Output/Debug/Obj/DMP_ICM20948/drv_rtc.o
 .debug_pubnames
                0x00002cfe      0x233 Output/Debug/Obj/DMP_ICM20948/nrf_atomic.o
 .debug_pubnames
                0x00002f31      0x16b Output/Debug/Obj/DMP_ICM20948/nrf_balloc.o
 .debug_pubnames
                0x0000309c       0x53 Output/Debug/Obj/DMP_ICM20948/nrf_fprintf.o
 .debug_pubnames
                0x000030ef       0x8f Output/Debug/Obj/DMP_ICM20948/nrf_fprintf_format.o
 .debug_pubnames
                0x0000317e      0x127 Output/Debug/Obj/DMP_ICM20948/nrf_memobj.o
 .debug_pubnames
                0x000032a5      0x14c Output/Debug/Obj/DMP_ICM20948/nrf_sortlist.o
 .debug_pubnames
                0x000033f1      0x178 Output/Debug/Obj/DMP_ICM20948/nrf_log_backend_rtt.o
 .debug_pubnames
                0x00003569       0xab Output/Debug/Obj/DMP_ICM20948/nrf_log_backend_serial.o
 .debug_pubnames
                0x00003614      0x160 Output/Debug/Obj/DMP_ICM20948/nrf_log_default_backends.o
 .debug_pubnames
                0x00003774      0x76f Output/Debug/Obj/DMP_ICM20948/nrf_log_frontend.o
 .debug_pubnames
                0x00003ee3      0x22b Output/Debug/Obj/DMP_ICM20948/nrf_log_str_formatter.o

.debug_pubtypes
                0x00000000     0x2039
 .debug_pubtypes
                0x00000000      0x1ea Output/Debug/Obj/DMP_ICM20948/system_nrf52.o
 .debug_pubtypes
                0x000001ea      0x397 Output/Debug/Obj/DMP_ICM20948/nrfx_spim.o
 .debug_pubtypes
                0x00000581      0x3a9 Output/Debug/Obj/DMP_ICM20948/app_timer2.o
 .debug_pubtypes
                0x0000092a      0x126 Output/Debug/Obj/DMP_ICM20948/app_util_platform.o
 .debug_pubtypes
                0x00000a50      0x22a Output/Debug/Obj/DMP_ICM20948/drv_rtc.o
 .debug_pubtypes
                0x00000c7a      0x118 Output/Debug/Obj/DMP_ICM20948/nrf_atomic.o
 .debug_pubtypes
                0x00000d92      0x13b Output/Debug/Obj/DMP_ICM20948/nrf_balloc.o
 .debug_pubtypes
                0x00000ecd      0x15f Output/Debug/Obj/DMP_ICM20948/nrf_fprintf.o
 .debug_pubtypes
                0x0000102c      0x178 Output/Debug/Obj/DMP_ICM20948/nrf_fprintf_format.o
 .debug_pubtypes
                0x000011a4      0x204 Output/Debug/Obj/DMP_ICM20948/nrf_memobj.o
 .debug_pubtypes
                0x000013a8      0x1b6 Output/Debug/Obj/DMP_ICM20948/nrf_sortlist.o
 .debug_pubtypes
                0x0000155e      0x1ac Output/Debug/Obj/DMP_ICM20948/nrf_log_backend_rtt.o
 .debug_pubtypes
                0x0000170a      0x298 Output/Debug/Obj/DMP_ICM20948/nrf_log_backend_serial.o
 .debug_pubtypes
                0x000019a2      0x1a0 Output/Debug/Obj/DMP_ICM20948/nrf_log_default_backends.o
 .debug_pubtypes
                0x00001b42      0x365 Output/Debug/Obj/DMP_ICM20948/nrf_log_frontend.o
 .debug_pubtypes
                0x00001ea7      0x192 Output/Debug/Obj/DMP_ICM20948/nrf_log_str_formatter.o

.debug_aranges  0x00000000      0xea0
 .debug_aranges
                0x00000000      0x628 Output/Debug/Obj/DMP_ICM20948/system_nrf52.o
 .debug_aranges
                0x00000628      0x198 Output/Debug/Obj/DMP_ICM20948/nrfx_spim.o
 .debug_aranges
                0x000007c0       0xd8 Output/Debug/Obj/DMP_ICM20948/app_timer2.o
 .debug_aranges
                0x00000898       0x50 Output/Debug/Obj/DMP_ICM20948/app_util_platform.o
 .debug_aranges
                0x000008e8      0x160 Output/Debug/Obj/DMP_ICM20948/drv_rtc.o
 .debug_aranges
                0x00000a48       0xb8 Output/Debug/Obj/DMP_ICM20948/nrf_atomic.o
 .debug_aranges
                0x00000b00       0x40 Output/Debug/Obj/DMP_ICM20948/nrf_balloc.o
 .debug_aranges
                0x00000b40       0x28 Output/Debug/Obj/DMP_ICM20948/nrf_fprintf.o
 .debug_aranges
                0x00000b68       0x40 Output/Debug/Obj/DMP_ICM20948/nrf_fprintf_format.o
 .debug_aranges
                0x00000ba8       0x58 Output/Debug/Obj/DMP_ICM20948/nrf_memobj.o
 .debug_aranges
                0x00000c00       0x40 Output/Debug/Obj/DMP_ICM20948/nrf_sortlist.o
 .debug_aranges
                0x00000c40       0x50 Output/Debug/Obj/DMP_ICM20948/nrf_log_backend_rtt.o
 .debug_aranges
                0x00000c90       0x20 Output/Debug/Obj/DMP_ICM20948/nrf_log_backend_serial.o
 .debug_aranges
                0x00000cb0       0x28 Output/Debug/Obj/DMP_ICM20948/nrf_log_default_backends.o
 .debug_aranges
                0x00000cd8      0x140 Output/Debug/Obj/DMP_ICM20948/nrf_log_frontend.o
 .debug_aranges
                0x00000e18       0x48 Output/Debug/Obj/DMP_ICM20948/nrf_log_str_formatter.o
 .debug_aranges
                0x00000e60       0x20 Output/Debug/Obj/DMP_ICM20948/ses_startup_nrf52.o
 .debug_aranges
                0x00000e80       0x20 Output/Debug/Obj/DMP_ICM20948/ses_startup_nrf_common.o

.debug_ranges   0x00000000      0xda8
 .debug_ranges  0x00000000      0x618 Output/Debug/Obj/DMP_ICM20948/system_nrf52.o
 .debug_ranges  0x00000618      0x188 Output/Debug/Obj/DMP_ICM20948/nrfx_spim.o
 .debug_ranges  0x000007a0       0xf8 Output/Debug/Obj/DMP_ICM20948/app_timer2.o
 .debug_ranges  0x00000898       0x40 Output/Debug/Obj/DMP_ICM20948/app_util_platform.o
 .debug_ranges  0x000008d8      0x150 Output/Debug/Obj/DMP_ICM20948/drv_rtc.o
 .debug_ranges  0x00000a28       0xa8 Output/Debug/Obj/DMP_ICM20948/nrf_atomic.o
 .debug_ranges  0x00000ad0       0x30 Output/Debug/Obj/DMP_ICM20948/nrf_balloc.o
 .debug_ranges  0x00000b00       0x18 Output/Debug/Obj/DMP_ICM20948/nrf_fprintf.o
 .debug_ranges  0x00000b18       0x30 Output/Debug/Obj/DMP_ICM20948/nrf_fprintf_format.o
 .debug_ranges  0x00000b48       0x48 Output/Debug/Obj/DMP_ICM20948/nrf_memobj.o
 .debug_ranges  0x00000b90       0x30 Output/Debug/Obj/DMP_ICM20948/nrf_sortlist.o
 .debug_ranges  0x00000bc0       0x58 Output/Debug/Obj/DMP_ICM20948/nrf_log_backend_rtt.o
 .debug_ranges  0x00000c18       0x10 Output/Debug/Obj/DMP_ICM20948/nrf_log_backend_serial.o
 .debug_ranges  0x00000c28       0x18 Output/Debug/Obj/DMP_ICM20948/nrf_log_default_backends.o
 .debug_ranges  0x00000c40      0x130 Output/Debug/Obj/DMP_ICM20948/nrf_log_frontend.o
 .debug_ranges  0x00000d70       0x38 Output/Debug/Obj/DMP_ICM20948/nrf_log_str_formatter.o

.debug_macro    0x00000000     0x41b2
 .debug_macro   0x00000000      0x125 Output/Debug/Obj/DMP_ICM20948/system_nrf52.o
 .debug_macro   0x00000125      0xb86 Output/Debug/Obj/DMP_ICM20948/system_nrf52.o
 .debug_macro   0x00000cab      0xa52 Output/Debug/Obj/DMP_ICM20948/system_nrf52.o
 .debug_macro   0x000016fd      0x308 Output/Debug/Obj/DMP_ICM20948/nrfx_spim.o
 .debug_macro   0x00001a05       0x28 Output/Debug/Obj/DMP_ICM20948/nrfx_spim.o
 .debug_macro   0x00001a2d       0x1c Output/Debug/Obj/DMP_ICM20948/nrfx_spim.o
 .debug_macro   0x00001a49       0x1c Output/Debug/Obj/DMP_ICM20948/nrfx_spim.o
 .debug_macro   0x00001a65       0x22 Output/Debug/Obj/DMP_ICM20948/nrfx_spim.o
 .debug_macro   0x00001a87       0x5b Output/Debug/Obj/DMP_ICM20948/nrfx_spim.o
 .debug_macro   0x00001ae2       0x10 Output/Debug/Obj/DMP_ICM20948/nrfx_spim.o
 .debug_macro   0x00001af2      0x17f Output/Debug/Obj/DMP_ICM20948/nrfx_spim.o
 .debug_macro   0x00001c71       0x9a Output/Debug/Obj/DMP_ICM20948/nrfx_spim.o
 .debug_macro   0x00001d0b       0x42 Output/Debug/Obj/DMP_ICM20948/nrfx_spim.o
 .debug_macro   0x00001d4d      0x304 Output/Debug/Obj/DMP_ICM20948/app_timer2.o
 .debug_macro   0x00002051       0x27 Output/Debug/Obj/DMP_ICM20948/app_timer2.o
 .debug_macro   0x00002078       0x45 Output/Debug/Obj/DMP_ICM20948/app_timer2.o
 .debug_macro   0x000020bd       0xac Output/Debug/Obj/DMP_ICM20948/app_timer2.o
 .debug_macro   0x00002169       0x2e Output/Debug/Obj/DMP_ICM20948/app_timer2.o
 .debug_macro   0x00002197       0x28 Output/Debug/Obj/DMP_ICM20948/app_timer2.o
 .debug_macro   0x000021bf      0x146 Output/Debug/Obj/DMP_ICM20948/app_util_platform.o
 .debug_macro   0x00002305      0x2f4 Output/Debug/Obj/DMP_ICM20948/drv_rtc.o
 .debug_macro   0x000025f9       0x10 Output/Debug/Obj/DMP_ICM20948/drv_rtc.o
 .debug_macro   0x00002609      0x180 Output/Debug/Obj/DMP_ICM20948/nrf_atomic.o
 .debug_macro   0x00002789       0x42 Output/Debug/Obj/DMP_ICM20948/nrf_atomic.o
 .debug_macro   0x000027cb      0x22e Output/Debug/Obj/DMP_ICM20948/nrf_balloc.o
 .debug_macro   0x000029f9      0x181 Output/Debug/Obj/DMP_ICM20948/nrf_fprintf.o
 .debug_macro   0x00002b7a       0x22 Output/Debug/Obj/DMP_ICM20948/nrf_fprintf.o
 .debug_macro   0x00002b9c       0x10 Output/Debug/Obj/DMP_ICM20948/nrf_fprintf.o
 .debug_macro   0x00002bac      0x1f3 Output/Debug/Obj/DMP_ICM20948/nrf_fprintf_format.o
 .debug_macro   0x00002d9f      0x1f6 Output/Debug/Obj/DMP_ICM20948/nrf_memobj.o
 .debug_macro   0x00002f95       0x3a Output/Debug/Obj/DMP_ICM20948/nrf_memobj.o
 .debug_macro   0x00002fcf       0x52 Output/Debug/Obj/DMP_ICM20948/nrf_memobj.o
 .debug_macro   0x00003021       0x10 Output/Debug/Obj/DMP_ICM20948/nrf_memobj.o
 .debug_macro   0x00003031      0x1e3 Output/Debug/Obj/DMP_ICM20948/nrf_sortlist.o
 .debug_macro   0x00003214      0x32b Output/Debug/Obj/DMP_ICM20948/nrf_log_backend_rtt.o
 .debug_macro   0x0000353f       0x28 Output/Debug/Obj/DMP_ICM20948/nrf_log_backend_rtt.o
 .debug_macro   0x00003567       0x5a Output/Debug/Obj/DMP_ICM20948/nrf_log_backend_rtt.o
 .debug_macro   0x000035c1       0x4d Output/Debug/Obj/DMP_ICM20948/nrf_log_backend_rtt.o
 .debug_macro   0x0000360e      0x115 Output/Debug/Obj/DMP_ICM20948/nrf_log_backend_rtt.o
 .debug_macro   0x00003723      0x24c Output/Debug/Obj/DMP_ICM20948/nrf_log_backend_serial.o
 .debug_macro   0x0000396f      0x248 Output/Debug/Obj/DMP_ICM20948/nrf_log_default_backends.o
 .debug_macro   0x00003bb7       0x10 Output/Debug/Obj/DMP_ICM20948/nrf_log_default_backends.o
 .debug_macro   0x00003bc7      0x2be Output/Debug/Obj/DMP_ICM20948/nrf_log_frontend.o
 .debug_macro   0x00003e85       0x9e Output/Debug/Obj/DMP_ICM20948/nrf_log_frontend.o
 .debug_macro   0x00003f23      0x28f Output/Debug/Obj/DMP_ICM20948/nrf_log_str_formatter.o

.debug_line     0x00000000     0xc4c8
 .debug_line    0x00000000     0x2c37 Output/Debug/Obj/DMP_ICM20948/system_nrf52.o
 .debug_line    0x00002c37     0x1294 Output/Debug/Obj/DMP_ICM20948/nrfx_spim.o
 .debug_line    0x00003ecb      0xf60 Output/Debug/Obj/DMP_ICM20948/app_timer2.o
 .debug_line    0x00004e2b      0x4c0 Output/Debug/Obj/DMP_ICM20948/app_util_platform.o
 .debug_line    0x000052eb      0xfe0 Output/Debug/Obj/DMP_ICM20948/drv_rtc.o
 .debug_line    0x000062cb      0x684 Output/Debug/Obj/DMP_ICM20948/nrf_atomic.o
 .debug_line    0x0000694f      0x7ae Output/Debug/Obj/DMP_ICM20948/nrf_balloc.o
 .debug_line    0x000070fd      0x4c9 Output/Debug/Obj/DMP_ICM20948/nrf_fprintf.o
 .debug_line    0x000075c6      0x7aa Output/Debug/Obj/DMP_ICM20948/nrf_fprintf_format.o
 .debug_line    0x00007d70      0x85e Output/Debug/Obj/DMP_ICM20948/nrf_memobj.o
 .debug_line    0x000085ce      0x738 Output/Debug/Obj/DMP_ICM20948/nrf_sortlist.o
 .debug_line    0x00008d06      0xbe1 Output/Debug/Obj/DMP_ICM20948/nrf_log_backend_rtt.o
 .debug_line    0x000098e7      0x7f4 Output/Debug/Obj/DMP_ICM20948/nrf_log_backend_serial.o
 .debug_line    0x0000a0db      0x748 Output/Debug/Obj/DMP_ICM20948/nrf_log_default_backends.o
 .debug_line    0x0000a823     0x11ff Output/Debug/Obj/DMP_ICM20948/nrf_log_frontend.o
 .debug_line    0x0000ba22      0x940 Output/Debug/Obj/DMP_ICM20948/nrf_log_str_formatter.o
 .debug_line    0x0000c362       0xa2 Output/Debug/Obj/DMP_ICM20948/ses_startup_nrf52.o
 .debug_line    0x0000c404       0xc4 Output/Debug/Obj/DMP_ICM20948/ses_startup_nrf_common.o

.debug_str      0x00000000    0x8970b
 .debug_str     0x00000000    0x8970b Output/Debug/Obj/DMP_ICM20948/system_nrf52.o
                              0x67a16 (size before relaxing)
 .debug_str     0x0008970b    0x80331 Output/Debug/Obj/DMP_ICM20948/nrfx_spim.o
 .debug_str     0x0008970b    0x7fea5 Output/Debug/Obj/DMP_ICM20948/app_timer2.o
 .debug_str     0x0008970b    0x63bad Output/Debug/Obj/DMP_ICM20948/app_util_platform.o
 .debug_str     0x0008970b    0x7f831 Output/Debug/Obj/DMP_ICM20948/drv_rtc.o
 .debug_str     0x0008970b    0x74924 Output/Debug/Obj/DMP_ICM20948/nrf_atomic.o
 .debug_str     0x0008970b    0x780be Output/Debug/Obj/DMP_ICM20948/nrf_balloc.o
 .debug_str     0x0008970b    0x744c2 Output/Debug/Obj/DMP_ICM20948/nrf_fprintf.o
 .debug_str     0x0008970b    0x749bc Output/Debug/Obj/DMP_ICM20948/nrf_fprintf_format.o
 .debug_str     0x0008970b    0x7642b Output/Debug/Obj/DMP_ICM20948/nrf_memobj.o
 .debug_str     0x0008970b    0x76d33 Output/Debug/Obj/DMP_ICM20948/nrf_sortlist.o
 .debug_str     0x0008970b    0x7fd3e Output/Debug/Obj/DMP_ICM20948/nrf_log_backend_rtt.o
 .debug_str     0x0008970b    0x782fb Output/Debug/Obj/DMP_ICM20948/nrf_log_backend_serial.o
 .debug_str     0x0008970b    0x780aa Output/Debug/Obj/DMP_ICM20948/nrf_log_default_backends.o
 .debug_str     0x0008970b    0x796d6 Output/Debug/Obj/DMP_ICM20948/nrf_log_frontend.o
 .debug_str     0x0008970b    0x7839e Output/Debug/Obj/DMP_ICM20948/nrf_log_str_formatter.o
 .debug_str     0x0008970b       0x99 Output/Debug/Obj/DMP_ICM20948/ses_startup_nrf52.o
 .debug_str     0x0008970b       0x9e Output/Debug/Obj/DMP_ICM20948/ses_startup_nrf_common.o

.comment        0x00000000       0x7a
 .comment       0x00000000       0x7a Output/Debug/Obj/DMP_ICM20948/system_nrf52.o
                                 0x3e (size before relaxing)
 .comment       0x0000007a       0x3e Output/Debug/Obj/DMP_ICM20948/nrfx_spim.o
 .comment       0x0000007a       0x3e Output/Debug/Obj/DMP_ICM20948/app_timer2.o
 .comment       0x0000007a       0x3e Output/Debug/Obj/DMP_ICM20948/app_util_platform.o
 .comment       0x0000007a       0x3e Output/Debug/Obj/DMP_ICM20948/drv_rtc.o
 .comment       0x0000007a       0x3e Output/Debug/Obj/DMP_ICM20948/nrf_atomic.o
 .comment       0x0000007a       0x3e Output/Debug/Obj/DMP_ICM20948/nrf_balloc.o
 .comment       0x0000007a       0x3e Output/Debug/Obj/DMP_ICM20948/nrf_fprintf.o
 .comment       0x0000007a       0x3e Output/Debug/Obj/DMP_ICM20948/nrf_fprintf_format.o
 .comment       0x0000007a       0x3e Output/Debug/Obj/DMP_ICM20948/nrf_memobj.o
 .comment       0x0000007a       0x3e Output/Debug/Obj/DMP_ICM20948/nrf_sortlist.o
 .comment       0x0000007a       0x3e Output/Debug/Obj/DMP_ICM20948/nrf_log_backend_rtt.o
 .comment       0x0000007a       0x3e Output/Debug/Obj/DMP_ICM20948/nrf_log_backend_serial.o
 .comment       0x0000007a       0x3e Output/Debug/Obj/DMP_ICM20948/nrf_log_default_backends.o
 .comment       0x0000007a       0x3e Output/Debug/Obj/DMP_ICM20948/nrf_log_frontend.o
 .comment       0x0000007a       0x3e Output/Debug/Obj/DMP_ICM20948/nrf_log_str_formatter.o
 .comment       0x0000007a       0x3e /opt/SEGGER/segger_embedded_studio_8.22a/lib/prinops_rtt_v7em_fpv4_sp_d16_hard_t_le_eabi_balanced.a(SEGGER_RTT.o)
 .comment       0x0000007a       0x3e /opt/SEGGER/segger_embedded_studio_8.22a/lib/strops_unaligned_v7em_fpv4_sp_d16_hard_t_le_eabi_balanced.a(strops.o)
 .comment       0x0000007a       0x3e /opt/SEGGER/segger_embedded_studio_8.22a/lib/mbops_timeops_v7em_fpv4_sp_d16_hard_t_le_eabi_balanced.a(mbops.o)

.ARM.attributes
                0x00000000       0x38
 .ARM.attributes
                0x00000000       0x36 Output/Debug/Obj/DMP_ICM20948/system_nrf52.o
 .ARM.attributes
                0x00000036       0x36 Output/Debug/Obj/DMP_ICM20948/nrfx_spim.o
 .ARM.attributes
                0x0000006c       0x36 Output/Debug/Obj/DMP_ICM20948/app_timer2.o
 .ARM.attributes
                0x000000a2       0x36 Output/Debug/Obj/DMP_ICM20948/app_util_platform.o
 .ARM.attributes
                0x000000d8       0x36 Output/Debug/Obj/DMP_ICM20948/drv_rtc.o
 .ARM.attributes
                0x0000010e       0x36 Output/Debug/Obj/DMP_ICM20948/nrf_atomic.o
 .ARM.attributes
                0x00000144       0x36 Output/Debug/Obj/DMP_ICM20948/nrf_balloc.o
 .ARM.attributes
                0x0000017a       0x36 Output/Debug/Obj/DMP_ICM20948/nrf_fprintf.o
 .ARM.attributes
                0x000001b0       0x36 Output/Debug/Obj/DMP_ICM20948/nrf_fprintf_format.o
 .ARM.attributes
                0x000001e6       0x36 Output/Debug/Obj/DMP_ICM20948/nrf_memobj.o
 .ARM.attributes
                0x0000021c       0x36 Output/Debug/Obj/DMP_ICM20948/nrf_sortlist.o
 .ARM.attributes
                0x00000252       0x36 Output/Debug/Obj/DMP_ICM20948/nrf_log_backend_rtt.o
 .ARM.attributes
                0x00000288       0x36 Output/Debug/Obj/DMP_ICM20948/nrf_log_backend_serial.o
 .ARM.attributes
                0x000002be       0x36 Output/Debug/Obj/DMP_ICM20948/nrf_log_default_backends.o
 .ARM.attributes
                0x000002f4       0x36 Output/Debug/Obj/DMP_ICM20948/nrf_log_frontend.o
 .ARM.attributes
                0x0000032a       0x36 Output/Debug/Obj/DMP_ICM20948/nrf_log_str_formatter.o
 .ARM.attributes
                0x00000360       0x20 Output/Debug/Obj/DMP_ICM20948/ses_startup_nrf52.o
 .ARM.attributes
                0x00000380       0x20 Output/Debug/Obj/DMP_ICM20948/ses_startup_nrf_common.o
 .ARM.attributes
                0x000003a0       0x3e /opt/SEGGER/segger_embedded_studio_8.22a/lib/prinops_rtt_v7em_fpv4_sp_d16_hard_t_le_eabi_balanced.a(SEGGER_RTT.o)
 .ARM.attributes
                0x000003de       0x3e /opt/SEGGER/segger_embedded_studio_8.22a/lib/strops_unaligned_v7em_fpv4_sp_d16_hard_t_le_eabi_balanced.a(strops.o)
 .ARM.attributes
                0x0000041c       0x20 /opt/SEGGER/segger_embedded_studio_8.22a/lib/strops_unaligned_v7em_fpv4_sp_d16_hard_t_le_eabi_balanced.a(strasmops_arm.o)
 .ARM.attributes
                0x0000043c       0x3e /opt/SEGGER/segger_embedded_studio_8.22a/lib/mbops_timeops_v7em_fpv4_sp_d16_hard_t_le_eabi_balanced.a(mbops.o)

.note.GNU-stack
                0x00000000        0x0
 .note.GNU-stack
                0x00000000        0x0 /opt/SEGGER/segger_embedded_studio_8.22a/lib/prinops_rtt_v7em_fpv4_sp_d16_hard_t_le_eabi_balanced.a(SEGGER_RTT.o)
 .note.GNU-stack
                0x00000000        0x0 /opt/SEGGER/segger_embedded_studio_8.22a/lib/strops_unaligned_v7em_fpv4_sp_d16_hard_t_le_eabi_balanced.a(strops.o)
 .note.GNU-stack
                0x00000000        0x0 /opt/SEGGER/segger_embedded_studio_8.22a/lib/mbops_timeops_v7em_fpv4_sp_d16_hard_t_le_eabi_balanced.a(mbops.o)

.debug_frame    0x00000000     0x27a0
 .debug_frame   0x00000000      0xfb4 Output/Debug/Obj/DMP_ICM20948/system_nrf52.o
 .debug_frame   0x00000fb4      0x4e4 Output/Debug/Obj/DMP_ICM20948/nrfx_spim.o
 .debug_frame   0x00001498      0x2a8 Output/Debug/Obj/DMP_ICM20948/app_timer2.o
 .debug_frame   0x00001740       0xb4 Output/Debug/Obj/DMP_ICM20948/app_util_platform.o
 .debug_frame   0x000017f4      0x448 Output/Debug/Obj/DMP_ICM20948/drv_rtc.o
 .debug_frame   0x00001c3c      0x284 Output/Debug/Obj/DMP_ICM20948/nrf_atomic.o
 .debug_frame   0x00001ec0       0x94 Output/Debug/Obj/DMP_ICM20948/nrf_balloc.o
 .debug_frame   0x00001f54       0x5c Output/Debug/Obj/DMP_ICM20948/nrf_fprintf.o
 .debug_frame   0x00001fb0       0xa0 Output/Debug/Obj/DMP_ICM20948/nrf_fprintf_format.o
 .debug_frame   0x00002050       0xf0 Output/Debug/Obj/DMP_ICM20948/nrf_memobj.o
 .debug_frame   0x00002140       0x8c Output/Debug/Obj/DMP_ICM20948/nrf_sortlist.o
 .debug_frame   0x000021cc       0xc8 Output/Debug/Obj/DMP_ICM20948/nrf_log_backend_rtt.o
 .debug_frame   0x00002294       0x30 Output/Debug/Obj/DMP_ICM20948/nrf_log_backend_serial.o
 .debug_frame   0x000022c4       0x44 Output/Debug/Obj/DMP_ICM20948/nrf_log_default_backends.o
 .debug_frame   0x00002308      0x3e0 Output/Debug/Obj/DMP_ICM20948/nrf_log_frontend.o
 .debug_frame   0x000026e8       0xb8 Output/Debug/Obj/DMP_ICM20948/nrf_log_str_formatter.o
