Archive member included to satisfy reference by file (symbol)

/opt/SEGGER/segger_embedded_studio_8.22a/lib/libc_v7em_fpv4_sp_d16_hard_t_le_eabi_balanced.a(intasmops_arm.o)
                              Output/Debug/Obj/DMP_ICM20948/bsp.o (__aeabi_uldivmod)
/opt/SEGGER/segger_embedded_studio_8.22a/lib/libc_v7em_fpv4_sp_d16_hard_t_le_eabi_balanced.a(__SEGGER_RTL_vfprintf_long.o)
                              (__SEGGER_RTL_vfprintf_long)
/opt/SEGGER/segger_embedded_studio_8.22a/lib/libc_v7em_fpv4_sp_d16_hard_t_le_eabi_balanced.a(__SEGGER_RTL_vfscanf_long.o)
                              (__SEGGER_RTL_vfscanf_long)
/opt/SEGGER/segger_embedded_studio_8.22a/lib/libc_v7em_fpv4_sp_d16_hard_t_le_eabi_balanced.a(utilops.o)
                              /opt/SEGGER/segger_embedded_studio_8.22a/lib/libc_v7em_fpv4_sp_d16_hard_t_le_eabi_balanced.a(__SEGGER_RTL_vfscanf_long.o) (__SEGGER_RTL_digit)
/opt/SEGGER/segger_embedded_studio_8.22a/lib/libc_v7em_fpv4_sp_d16_hard_t_le_eabi_balanced.a(floatasmops_arm.o)
                              /opt/SEGGER/segger_embedded_studio_8.22a/lib/libc_v7em_fpv4_sp_d16_hard_t_le_eabi_balanced.a(utilops.o) (__aeabi_dmul)
/opt/SEGGER/segger_embedded_studio_8.22a/lib/libc_v7em_fpv4_sp_d16_hard_t_le_eabi_balanced.a(prinops.o)
                              /opt/SEGGER/segger_embedded_studio_8.22a/lib/libc_v7em_fpv4_sp_d16_hard_t_le_eabi_balanced.a(__SEGGER_RTL_vfprintf_long.o) (__SEGGER_RTL_putc)
/opt/SEGGER/segger_embedded_studio_8.22a/lib/libc_v7em_fpv4_sp_d16_hard_t_le_eabi_balanced.a(fileops.o)
                              /opt/SEGGER/segger_embedded_studio_8.22a/lib/libc_v7em_fpv4_sp_d16_hard_t_le_eabi_balanced.a(prinops.o) (fwrite)
/opt/SEGGER/segger_embedded_studio_8.22a/lib/libc_v7em_fpv4_sp_d16_hard_t_le_eabi_balanced.a(errno.o)
                              /opt/SEGGER/segger_embedded_studio_8.22a/lib/libc_v7em_fpv4_sp_d16_hard_t_le_eabi_balanced.a(fileops.o) (__aeabi_errno_addr)
/opt/SEGGER/segger_embedded_studio_8.22a/lib/heapops_basic_v7em_fpv4_sp_d16_hard_t_le_eabi_balanced.a(heapops_basic.o)
                              Output/Debug/Obj/DMP_ICM20948/thumb_crt0.o (__SEGGER_RTL_init_heap)
/opt/SEGGER/segger_embedded_studio_8.22a/lib/heapops_disable_interrupts_locking_v7em_fpv4_sp_d16_hard_t_le_eabi_balanced.a(heapops.o)
                              /opt/SEGGER/segger_embedded_studio_8.22a/lib/libc_v7em_fpv4_sp_d16_hard_t_le_eabi_balanced.a(prinops.o) (free)
/opt/SEGGER/segger_embedded_studio_8.22a/lib/strops_unaligned_v7em_fpv4_sp_d16_hard_t_le_eabi_balanced.a(strops.o)
                              Output/Debug/Obj/DMP_ICM20948/nrf_fprintf_format.o (strlen)
/opt/SEGGER/segger_embedded_studio_8.22a/lib/strops_unaligned_v7em_fpv4_sp_d16_hard_t_le_eabi_balanced.a(strasmops_arm.o)
                              /opt/SEGGER/segger_embedded_studio_8.22a/lib/strops_unaligned_v7em_fpv4_sp_d16_hard_t_le_eabi_balanced.a(strops.o) (strcmp)
/opt/SEGGER/segger_embedded_studio_8.22a/lib/mbops_timeops_v7em_fpv4_sp_d16_hard_t_le_eabi_balanced.a(mbops.o)
                              /opt/SEGGER/segger_embedded_studio_8.22a/lib/libc_v7em_fpv4_sp_d16_hard_t_le_eabi_balanced.a(prinops.o) (__SEGGER_RTL_current_locale)
/opt/SEGGER/segger_embedded_studio_8.22a/lib/mbops_timeops_v7em_fpv4_sp_d16_hard_t_le_eabi_balanced.a(timeops.o)
                              /opt/SEGGER/segger_embedded_studio_8.22a/lib/mbops_timeops_v7em_fpv4_sp_d16_hard_t_le_eabi_balanced.a(mbops.o) (__SEGGER_RTL_string_list_encode)
/opt/SEGGER/segger_embedded_studio_8.22a/lib/libc_v7em_fpv4_sp_d16_hard_t_le_eabi_balanced.a(execops.o)
                              /opt/SEGGER/segger_embedded_studio_8.22a/lib/strops_unaligned_v7em_fpv4_sp_d16_hard_t_le_eabi_balanced.a(strops.o) (__SEGGER_RTL_constraint_violation)
/opt/SEGGER/segger_embedded_studio_8.22a/lib/libc_v7em_fpv4_sp_d16_hard_t_le_eabi_balanced.a(execops_arm.o)
                              /opt/SEGGER/segger_embedded_studio_8.22a/lib/libc_v7em_fpv4_sp_d16_hard_t_le_eabi_balanced.a(execops.o) (__aeabi_SIGABRT)
/opt/SEGGER/segger_embedded_studio_8.22a/lib/libc_v7em_fpv4_sp_d16_hard_t_le_eabi_balanced.a(intops.o)
                              /opt/SEGGER/segger_embedded_studio_8.22a/lib/mbops_timeops_v7em_fpv4_sp_d16_hard_t_le_eabi_balanced.a(timeops.o) (div)
/opt/SEGGER/segger_embedded_studio_8.22a/lib/libc_v7em_fpv4_sp_d16_hard_t_le_eabi_balanced.a(sortops.o)
                              /opt/SEGGER/segger_embedded_studio_8.22a/lib/mbops_timeops_v7em_fpv4_sp_d16_hard_t_le_eabi_balanced.a(mbops.o) (bsearch)
/opt/SEGGER/segger_embedded_studio_8.22a/lib/libc_v7em_fpv4_sp_d16_hard_t_le_eabi_balanced.a(convops.o)
                              /opt/SEGGER/segger_embedded_studio_8.22a/lib/libc_v7em_fpv4_sp_d16_hard_t_le_eabi_balanced.a(execops.o) (itoa)
/opt/SEGGER/segger_embedded_studio_8.22a/lib/libc_v7em_fpv4_sp_d16_hard_t_le_eabi_balanced.a(floatops.o)
[...]
Memory Configuration

Name             Origin             Length             Attributes
UNPLACED_SECTIONS 0x00000000         0x00000000         xw
RAM              0x20000000         0x00010000         xw
FLASH            0x00000000         0x00080000         xw
*default*        0x00000000         0xffffffff

Linker script and memory map

                0x20000000                        __RAM_segment_start__ = 0x20000000
                0x20010000                        __RAM_segment_end__ = 0x20010000
                0x00010000                        __RAM_segment_size__ = 0x10000
                0x00000000                        __FLASH_segment_start__ = 0x0
                0x00080000                        __FLASH_segment_end__ = 0x80000
                0x00080000                        __FLASH_segment_size__ = 0x80000
                0x00002000                        __HEAPSIZE__ = 0x2000
                0x00000000                        __SEGGER_RTL_vfprintf = __SEGGER_RTL_vfprintf_long
                0x00000000                        __SEGGER_RTL_vfscanf = __SEGGER_RTL_vfscanf_long
                0x00000000                        __STACKSIZE_PROCESS__ = 0x0
                0x00002000                        __STACKSIZE__ = 0x2000
                0x20000000                        __reserved_ram_load_start__ = 0x20000000

.reserved_ram   0x20000000        0x0
                0x20000000                        __reserved_ram_start__ = .
 *(.reserved_ram .reserved_ram.*)
                0x20000000                        . = MAX (((__reserved_ram_start__ + 0x20000000) - 0x20000000), .)
                0x20000000                        __reserved_ram_end__ = (__reserved_ram_start__ + SIZEOF (.reserved_ram))
                0x00000000                        __reserved_ram_size__ = SIZEOF (.reserved_ram)
                0x20000000                        __reserved_ram_load_end__ = __reserved_ram_end__
                0x00000001                        . = ASSERT (((__reserved_ram_start__ == __reserved_ram_end__) || ((__reserved_ram_end__ - __RAM_segment_start__) <= __RAM_segment_size__)), error: .reserved_ram is too large to fit in RAM memory segment)
                0x00000001                        . = ASSERT ((__reserved_ram_size__ <= 0x0), error: .reserved_ram section is larger than specified size)
                0x20000000                        __vectors_ram_load_start__ = 0x20000000

.vectors_ram    0x20000000        0x0
                0x20000000                        __vectors_ram_start__ = .
                0x20000000                        __app_ram_start__ = __vectors_ram_start__
 *(.vectors_ram .vectors_ram.*)
                0x20000000                        __vectors_ram_end__ = (__vectors_ram_start__ + SIZEOF (.vectors_ram))
                0x00000000                        __vectors_ram_size__ = SIZEOF (.vectors_ram)
                0x20000000                        __vectors_ram_load_end__ = __vectors_ram_end__
                0x00000001                        . = ASSERT (((__vectors_ram_start__ == __vectors_ram_end__) || ((__vectors_ram_end__ - __RAM_segment_start__) <= __RAM_segment_size__)), error: .vectors_ram is too large to fit in RAM memory segment)
                0x00000001                        . = ASSERT ((__reserved_ram_end__ <= __vectors_ram_start__), error: section .reserved_ram overlaps absolute placed section .vectors_ram)
                0x20000000                        __nrf_sections_run_load_start__ = ALIGN (__vectors_ram_end__, 0x4)

.nrf_sections_run
                0x20000000        0x0
                0x20000000                        __nrf_sections_run_start__ = .
                0x20000000                        __start_nrf_sections_run = __nrf_sections_run_start__
 *(.nrf_sections_run .nrf_sections_run.*)
                0x20000000                        __nrf_sections_run_end__ = (__nrf_sections_run_start__ + SIZEOF (.nrf_sections_run))
                0x00000000                        __nrf_sections_run_size__ = SIZEOF (.nrf_sections_run)
                0x20000000                        __nrf_sections_run_load_end__ = __nrf_sections_run_end__
                0x00000001                        . = ASSERT (((__nrf_sections_run_start__ == __nrf_sections_run_end__) || ((__nrf_sections_run_end__ - __RAM_segment_start__) <= __RAM_segment_size__)), error: .nrf_sections_run is too large to fit in RAM memory segment)
                0x00000000                        __reserved_flash_load_start__ = 0x0

.reserved_flash
                0x00000000        0x0
                0x00000000                        __reserved_flash_start__ = .
 *(.reserved_flash .reserved_flash.*)
                0x00000000                        . = MAX (((__reserved_flash_start__ + 0x0) - 0x0), .)
                0x00000000                        __reserved_flash_end__ = (__reserved_flash_start__ + SIZEOF (.reserved_flash))
                0x00000000                        __reserved_flash_size__ = SIZEOF (.reserved_flash)
                0x00000000                        __reserved_flash_load_end__ = __reserved_flash_end__
                0x00000001                        . = ASSERT (((__reserved_flash_start__ == __reserved_flash_end__) || ((__reserved_flash_end__ - __FLASH_segment_start__) <= __FLASH_segment_size__)), error: .reserved_flash is too large to fit in FLASH memory segment)
                0x00000001                        . = ASSERT ((__reserved_flash_size__ <= 0x0), error: .reserved_flash section is larger than specified size)
                0x00000000                        __vectors_load_start__ = 0x0

.vectors        0x00000000      0x200
                0x00000000                        __vectors_start__ = .
 *(.vectors .vectors.*)
 .vectors       0x00000000      0x200 Output/Debug/Obj/DMP_ICM20948/ses_startup_nrf52.o
                0x00000000                _vectors
                0x00000200                        __vectors_end__ = (__vectors_start__ + SIZEOF (.vectors))
                0x00000200                        __vectors_size__ = SIZEOF (.vectors)
                0x00000200                        __vectors_load_end__ = __vectors_end__
                0x00000001                        . = ASSERT (((__vectors_start__ == __vectors_end__) || ((__vectors_end__ - __FLASH_segment_start__) <= __FLASH_segment_size__)), error: .vectors is too large to fit in FLASH memory segment)
                0x00000001                        . = ASSERT ((__reserved_flash_end__ <= __vectors_start__), error: section .reserved_flash overlaps absolute placed section .vectors)
                0x00000200                        __init_load_start__ = ALIGN (__vectors_end__, 0x4)

.init           0x00000200      0x1e4
                0x00000200                        __init_start__ = .
 *(.init .init.*)
 .init          0x00000200      0x170 Output/Debug/Obj/DMP_ICM20948/thumb_crt0.o
                0x00000200                _start
                0x000002ae                _Exit
                0x000002ae                exit
 .init          0x00000370       0x18 Output/Debug/Obj/DMP_ICM20948/ses_startup_nrf52.o
                0x00000370                NMI_Handler
                0x00000372                HardFault_Handler
                0x00000374                MemoryManagement_Handler
                0x00000376                BusFault_Handler
                0x00000378                UsageFault_Handler
                0x0000037a                SVC_Handler
                0x0000037c                DebugMon_Handler
                0x0000037e                PendSV_Handler
                0x00000380                SysTick_Handler
                0x00000382                TIMER2_IRQHandler
                0x00000382                RTC0_IRQHandler
                0x00000382                SWI0_EGU0_IRQHandler
                0x00000382                SWI2_EGU2_IRQHandler
                0x00000382                PWM1_IRQHandler
                0x00000382                POWER_CLOCK_IRQHandler
                0x00000382                RADIO_IRQHandler
                0x00000382                PDM_IRQHandler
                0x00000382                TEMP_IRQHandler
                0x00000382                QDEC_IRQHandler
                0x00000382                TIMER3_IRQHandler
                0x00000382                FPU_IRQHandler
                0x00000382                TIMER4_IRQHandler
                0x00000382                I2S_IRQHandler
                0x00000382                SWI4_EGU4_IRQHandler
                0x00000382                TIMER0_IRQHandler
                0x00000382                Dummy_Handler
                0x00000382                TIMER1_IRQHandler
                0x00000382                PWM2_IRQHandler
                0x00000382                ECB_IRQHandler
                0x00000382                SPIM1_SPIS1_TWIM1_TWIS1_SPI1_TWI1_IRQHandler
                0x00000382                SAADC_IRQHandler
                0x00000382                CCM_AAR_IRQHandler
                0x00000382                WDT_IRQHandler
                0x00000382                SWI5_EGU5_IRQHandler
                0x00000382                RNG_IRQHandler
                0x00000382                RTC2_IRQHandler
                0x00000382                PWM0_IRQHandler
                0x00000382                SWI3_EGU3_IRQHandler
                0x00000382                SWI1_EGU1_IRQHandler
                0x00000382                SPIM2_SPIS2_SPI2_IRQHandler
                0x00000382                NFCT_IRQHandler
                0x00000382                MWU_IRQHandler
                0x00000382                COMP_LPCOMP_IRQHandler
                0x00000384                nRFInitialize
 .init          0x00000388       0x5c Output/Debug/Obj/DMP_ICM20948/ses_startup_nrf_common.o
                0x00000388                Reset_Handler
                0x0000038c                afterInitialize
                0x000003b0                InitializeUserMemorySections
                0x000003e4                        __init_end__ = (__init_start__ + SIZEOF (.init))
                0x000001e4                        __init_size__ = SIZEOF (.init)
                0x000003e4                        __init_load_end__ = __init_end__
                0x00000001                        . = ASSERT (((__init_start__ == __init_end__) || ((__init_end__ - __FLASH_segment_start__) <= __FLASH_segment_size__)), error: .init is too large to fit in FLASH memory segment)
                0x000003e4                        __init_rodata_load_start__ = ALIGN (__init_end__, 0x4)

.init_rodata    0x000003e4        0x0
                0x000003e4                        __init_rodata_start__ = .
 *(.init_rodata .init_rodata.*)
                0x000003e4                        __init_rodata_end__ = (__init_rodata_start__ + SIZEOF (.init_rodata))
                0x00000000                        __init_rodata_size__ = SIZEOF (.init_rodata)
                0x000003e4                        __init_rodata_load_end__ = __init_rodata_end__
                0x00000001                        . = ASSERT (((__init_rodata_start__ == __init_rodata_end__) || ((__init_rodata_end__ - __FLASH_segment_start__) <= __FLASH_segment_size__)), error: .init_rodata is too large to fit in FLASH memory segment)
                0x000003e4                        __text_load_start__ = ALIGN (__init_rodata_end__, 0x4)

.text           0x000003e4     0x5c5a
                0x000003e4                        __text_start__ = .
 *(.text .text.* .gnu.linkonce.t.* .glue_7t .glue_7 .gcc_except_table .ARM.extab* .gnu.linkonce.armextab.*)
 .glue_7        0x000003e4        0x0 linker stubs
 .glue_7t       0x000003e4        0x0 linker stubs
 .text.nrf_gpio_pin_port_decode
                0x000003e4       0x28 Output/Debug/Obj/DMP_ICM20948/boards.o
 .text.nrf_gpio_cfg
                0x0000040c       0x62 Output/Debug/Obj/DMP_ICM20948/boards.o
 .text.nrf_gpio_cfg_output
                0x0000046e       0x22 Output/Debug/Obj/DMP_ICM20948/boards.o
 .text.nrf_gpio_cfg_input
                0x00000490       0x2a Output/Debug/Obj/DMP_ICM20948/boards.o
 .text.nrf_gpio_pin_set
                0x000004ba       0x28 Output/Debug/Obj/DMP_ICM20948/boards.o
 .text.nrf_gpio_pin_clear
                0x000004e2       0x28 Output/Debug/Obj/DMP_ICM20948/boards.o
 .text.nrf_gpio_pin_toggle
                0x0000050a       0x44 Output/Debug/Obj/DMP_ICM20948/boards.o
 .text.nrf_gpio_pin_write
                0x0000054e       0x24 Output/Debug/Obj/DMP_ICM20948/boards.o
 .text.nrf_gpio_port_out_set
                0x00000572       0x14 Output/Debug/Obj/DMP_ICM20948/boards.o
 .text.nrf_gpio_port_out_clear
                0x00000586       0x14 Output/Debug/Obj/DMP_ICM20948/boards.o
 *fill*         0x0000059a        0x2 
 .text.bsp_board_led_off
                0x0000059c       0x34 Output/Debug/Obj/DMP_ICM20948/boards.o
                0x0000059c                bsp_board_led_off
 .text.bsp_board_leds_off
                0x000005d0       0x26 Output/Debug/Obj/DMP_ICM20948/boards.o
                0x000005d0                bsp_board_leds_off
 *fill*         0x000005f6        0x2 
 .text.bsp_board_led_invert
                0x000005f8       0x34 Output/Debug/Obj/DMP_ICM20948/boards.o
                0x000005f8                bsp_board_led_invert
 .text.bsp_board_leds_init
                0x0000062c       0x34 Output/Debug/Obj/DMP_ICM20948/boards.o
 .text.bsp_board_buttons_init
                0x00000660       0x34 Output/Debug/Obj/DMP_ICM20948/boards.o
 .text.bsp_board_init
                0x00000694       0x2a Output/Debug/Obj/DMP_ICM20948/boards.o
                0x00000694                bsp_board_init
 *fill*         0x000006be        0x2 
 .text.spim_evt_handler
                0x000006c0       0x5c Output/Debug/Obj/DMP_ICM20948/nrf_drv_spi.o
 .text.nrf_drv_spi_init
                0x0000071c       0xac Output/Debug/Obj/DMP_ICM20948/nrf_drv_spi.o
                0x0000071c                nrf_drv_spi_init
 .text.uarte_evt_handler
                0x000007c8       0x50 Output/Debug/Obj/DMP_ICM20948/nrf_drv_uart.o
 .text.uart_evt_handler
                0x00000818       0x50 Output/Debug/Obj/DMP_ICM20948/nrf_drv_uart.o
 .text.nrf_drv_uart_init
                0x00000868       0xc0 Output/Debug/Obj/DMP_ICM20948/nrf_drv_uart.o
                0x00000868                nrf_drv_uart_init
 .text.nrf_gpiote_event_is_set
                0x00000928       0x2a Output/Debug/Obj/DMP_ICM20948/nrfx_gpiote.o
 .text.nrf_gpiote_event_clear
                0x00000952       0x36 Output/Debug/Obj/DMP_ICM20948/nrfx_gpiote.o
 .text.nrf_gpiote_event_addr_get
                0x00000988       0x1a Output/Debug/Obj/DMP_ICM20948/nrfx_gpiote.o
 *fill*         0x000009a2        0x2 
 .text.nrf_gpiote_int_is_enabled
                0x000009a4       0x18 Output/Debug/Obj/DMP_ICM20948/nrfx_gpiote.o
 .text.nrf_gpiote_event_pin_get
                0x000009bc       0x20 Output/Debug/Obj/DMP_ICM20948/nrfx_gpiote.o
 .text.nrf_gpiote_event_polarity_get
                0x000009dc       0x24 Output/Debug/Obj/DMP_ICM20948/nrfx_gpiote.o
 .text.nrf_gpio_pin_port_decode
                0x00000a00       0x28 Output/Debug/Obj/DMP_ICM20948/nrfx_gpiote.o
 .text.nrf_gpio_cfg_sense_set
                0x00000a28       0x5a Output/Debug/Obj/DMP_ICM20948/nrfx_gpiote.o
 .text.nrf_gpio_pin_sense_get
                0x00000a82       0x2c Output/Debug/Obj/DMP_ICM20948/nrfx_gpiote.o
 .text.nrf_gpio_port_in_read
                0x00000aae       0x10 Output/Debug/Obj/DMP_ICM20948/nrfx_gpiote.o
 *fill*         0x00000abe        0x2 
 .text.nrf_gpio_ports_read
                0x00000ac0       0x68 Output/Debug/Obj/DMP_ICM20948/nrfx_gpiote.o
 .text.nrf_bitmask_bit_is_set
                0x00000b28       0x30 Output/Debug/Obj/DMP_ICM20948/nrfx_gpiote.o
 .text.nrf_bitmask_bit_set
                0x00000b58       0x40 Output/Debug/Obj/DMP_ICM20948/nrfx_gpiote.o
 .text.channel_port_get
                0x00000b98       0x1c Output/Debug/Obj/DMP_ICM20948/nrfx_gpiote.o
 .text.channel_handler_get
                0x00000bb4       0x18 Output/Debug/Obj/DMP_ICM20948/nrfx_gpiote.o
 .text.GPIOTE_IRQHandler
                0x00000bcc      0x2e0 Output/Debug/Obj/DMP_ICM20948/nrfx_gpiote.o
                0x00000bcc                GPIOTE_IRQHandler
 .text.UARTE0_UART0_IRQHandler
                0x00000eac       0x24 Output/Debug/Obj/DMP_ICM20948/nrfx_prs.o
                0x00000eac                UARTE0_UART0_IRQHandler
 .text.prs_box_get
                0x00000ed0       0x20 Output/Debug/Obj/DMP_ICM20948/nrfx_prs.o
 .text.nrfx_prs_acquire
                0x00000ef0       0x74 Output/Debug/Obj/DMP_ICM20948/nrfx_prs.o
                0x00000ef0                nrfx_prs_acquire
 .text.nrfx_prs_release
                0x00000f64       0x3c Output/Debug/Obj/DMP_ICM20948/nrfx_prs.o
                0x00000f64                nrfx_prs_release
 .text.__NVIC_EnableIRQ
                0x00000fa0       0x34 Output/Debug/Obj/DMP_ICM20948/nrfx_spim.o
 .text.__NVIC_SetPriority
                0x00000fd4       0x50 Output/Debug/Obj/DMP_ICM20948/nrfx_spim.o
 .text.nrfx_is_in_ram
                0x00001024       0x1c Output/Debug/Obj/DMP_ICM20948/nrfx_spim.o
 .text.nrfx_get_irq_number
                0x00001040       0x10 Output/Debug/Obj/DMP_ICM20948/nrfx_spim.o
 .text._NRFX_IRQ_PRIORITY_SET
                0x00001050       0x40 Output/Debug/Obj/DMP_ICM20948/nrfx_spim.o
 .text._NRFX_IRQ_ENABLE
                0x00001090       0x1c Output/Debug/Obj/DMP_ICM20948/nrfx_spim.o
 .text.nrf_spim_task_trigger
                0x000010ac       0x1c Output/Debug/Obj/DMP_ICM20948/nrfx_spim.o
 .text.nrf_spim_event_clear
                0x000010c8       0x2a Output/Debug/Obj/DMP_ICM20948/nrfx_spim.o
 .text.nrf_spim_event_check
                0x000010f2       0x24 Output/Debug/Obj/DMP_ICM20948/nrfx_spim.o
 .text.nrf_spim_int_enable
                0x00001116       0x14 Output/Debug/Obj/DMP_ICM20948/nrfx_spim.o
 .text.nrf_spim_int_disable
                0x0000112a       0x14 Output/Debug/Obj/DMP_ICM20948/nrfx_spim.o
 .text.nrf_spim_enable
                0x0000113e       0x12 Output/Debug/Obj/DMP_ICM20948/nrfx_spim.o
 .text.nrf_spim_pins_set
                0x00001150       0x28 Output/Debug/Obj/DMP_ICM20948/nrfx_spim.o
 .text.nrf_spim_frequency_set
                0x00001178       0x14 Output/Debug/Obj/DMP_ICM20948/nrfx_spim.o
 .text.nrf_spim_tx_buffer_set
                0x0000118c       0x1e Output/Debug/Obj/DMP_ICM20948/nrfx_spim.o
 .text.nrf_spim_rx_buffer_set
                0x000011aa       0x1e Output/Debug/Obj/DMP_ICM20948/nrfx_spim.o
 .text.nrf_spim_configure
                0x000011c8       0x64 Output/Debug/Obj/DMP_ICM20948/nrfx_spim.o
 .text.nrf_spim_orc_set
                0x0000122c       0x1a Output/Debug/Obj/DMP_ICM20948/nrfx_spim.o
 .text.nrf_spim_tx_list_enable
                0x00001246       0x12 Output/Debug/Obj/DMP_ICM20948/nrfx_spim.o
 .text.nrf_spim_tx_list_disable
                0x00001258       0x12 Output/Debug/Obj/DMP_ICM20948/nrfx_spim.o
 .text.nrf_spim_rx_list_enable
                0x0000126a       0x12 Output/Debug/Obj/DMP_ICM20948/nrfx_spim.o
 .text.nrf_spim_rx_list_disable
                0x0000127c       0x12 Output/Debug/Obj/DMP_ICM20948/nrfx_spim.o
 *fill*         0x0000128e        0x2 
 .text.nrf_gpio_pin_port_decode
                0x00001290       0x28 Output/Debug/Obj/DMP_ICM20948/nrfx_spim.o
 .text.nrf_gpio_cfg
                0x000012b8       0x62 Output/Debug/Obj/DMP_ICM20948/nrfx_spim.o
 .text.nrf_gpio_cfg_output
                0x0000131a       0x22 Output/Debug/Obj/DMP_ICM20948/nrfx_spim.o
 .text.nrf_gpio_cfg_input
                0x0000133c       0x2a Output/Debug/Obj/DMP_ICM20948/nrfx_spim.o
 .text.nrf_gpio_pin_set
                0x00001366       0x28 Output/Debug/Obj/DMP_ICM20948/nrfx_spim.o
 .text.nrf_gpio_pin_clear
                0x0000138e       0x28 Output/Debug/Obj/DMP_ICM20948/nrfx_spim.o
 .text.nrf_gpio_port_out_set
                0x000013b6       0x14 Output/Debug/Obj/DMP_ICM20948/nrfx_spim.o
 .text.nrf_gpio_port_out_clear
                0x000013ca       0x14 Output/Debug/Obj/DMP_ICM20948/nrfx_spim.o
 *fill*         0x000013de        0x2 
 .text.nrfx_spim_init
                0x000013e0      0x1e0 Output/Debug/Obj/DMP_ICM20948/nrfx_spim.o
                0x000013e0                nrfx_spim_init
 .text.finish_transfer
                0x000015c0       0x52 Output/Debug/Obj/DMP_ICM20948/nrfx_spim.o
 .text.spim_int_enable
                0x00001612       0x34 Output/Debug/Obj/DMP_ICM20948/nrfx_spim.o
 .text.spim_list_enable_handle
                0x00001646       0x40 Output/Debug/Obj/DMP_ICM20948/nrfx_spim.o
 .text.spim_xfer
                0x00001686      0x108 Output/Debug/Obj/DMP_ICM20948/nrfx_spim.o
 *fill*         0x0000178e        0x2 
 .text.nrfx_spim_xfer
                0x00001790      0x108 Output/Debug/Obj/DMP_ICM20948/nrfx_spim.o
                0x00001790                nrfx_spim_xfer
 .text.irq_handler
                0x00001898       0x48 Output/Debug/Obj/DMP_ICM20948/nrfx_spim.o
 .text.SPIM0_SPIS0_TWIM0_TWIS0_SPI0_TWI0_IRQHandler
                0x000018e0       0x18 Output/Debug/Obj/DMP_ICM20948/nrfx_spim.o
                0x000018e0                SPIM0_SPIS0_TWIM0_TWIS0_SPI0_TWI0_IRQHandler
 .text.__NVIC_EnableIRQ
                0x000018f8       0x34 Output/Debug/Obj/DMP_ICM20948/nrfx_uart.o
 .text.__NVIC_DisableIRQ
                0x0000192c       0x44 Output/Debug/Obj/DMP_ICM20948/nrfx_uart.o
 .text.__NVIC_SetPriority
                0x00001970       0x50 Output/Debug/Obj/DMP_ICM20948/nrfx_uart.o
 .text.nrfx_get_irq_number
                0x000019c0       0x10 Output/Debug/Obj/DMP_ICM20948/nrfx_uart.o
 .text._NRFX_IRQ_PRIORITY_SET
                0x000019d0       0x40 Output/Debug/Obj/DMP_ICM20948/nrfx_uart.o
 .text._NRFX_IRQ_ENABLE
                0x00001a10       0x1c Output/Debug/Obj/DMP_ICM20948/nrfx_uart.o
 .text._NRFX_IRQ_DISABLE
                0x00001a2c       0x1c Output/Debug/Obj/DMP_ICM20948/nrfx_uart.o
 .text.nrf_uart_event_clear
                0x00001a48       0x2a Output/Debug/Obj/DMP_ICM20948/nrfx_uart.o
 .text.nrf_uart_event_check
                0x00001a72       0x24 Output/Debug/Obj/DMP_ICM20948/nrfx_uart.o
 .text.nrf_uart_int_enable
                0x00001a96       0x14 Output/Debug/Obj/DMP_ICM20948/nrfx_uart.o
 .text.nrf_uart_int_enable_check
                0x00001aaa       0x20 Output/Debug/Obj/DMP_ICM20948/nrfx_uart.o
 .text.nrf_uart_int_disable
                0x00001aca       0x14 Output/Debug/Obj/DMP_ICM20948/nrfx_uart.o
 .text.nrf_uart_errorsrc_get_and_clear
                0x00001ade       0x1c Output/Debug/Obj/DMP_ICM20948/nrfx_uart.o
 .text.nrf_uart_enable
                0x00001afa       0x12 Output/Debug/Obj/DMP_ICM20948/nrfx_uart.o
 .text.nrf_uart_disable
                0x00001b0c       0x12 Output/Debug/Obj/DMP_ICM20948/nrfx_uart.o
 .text.nrf_uart_txrx_pins_set
                0x00001b1e       0x1e Output/Debug/Obj/DMP_ICM20948/nrfx_uart.o
 .text.nrf_uart_txrx_pins_disconnect
                0x00001b3c       0x1c Output/Debug/Obj/DMP_ICM20948/nrfx_uart.o
 .text.nrf_uart_tx_pin_get
                0x00001b58       0x10 Output/Debug/Obj/DMP_ICM20948/nrfx_uart.o
 .text.nrf_uart_rx_pin_get
                0x00001b68       0x10 Output/Debug/Obj/DMP_ICM20948/nrfx_uart.o
 .text.nrf_uart_rts_pin_get
                0x00001b78       0x10 Output/Debug/Obj/DMP_ICM20948/nrfx_uart.o
 .text.nrf_uart_cts_pin_get
                0x00001b88       0x10 Output/Debug/Obj/DMP_ICM20948/nrfx_uart.o
 .text.nrf_uart_hwfc_pins_set
                0x00001b98       0x1e Output/Debug/Obj/DMP_ICM20948/nrfx_uart.o
 .text.nrf_uart_hwfc_pins_disconnect
                0x00001bb6       0x1c Output/Debug/Obj/DMP_ICM20948/nrfx_uart.o
 .text.nrf_uart_rxd_get
                0x00001bd2       0x12 Output/Debug/Obj/DMP_ICM20948/nrfx_uart.o
 .text.nrf_uart_txd_set
                0x00001be4       0x1a Output/Debug/Obj/DMP_ICM20948/nrfx_uart.o
 .text.nrf_uart_task_trigger
                0x00001bfe       0x1c Output/Debug/Obj/DMP_ICM20948/nrfx_uart.o
 .text.nrf_uart_configure
                0x00001c1a       0x2a Output/Debug/Obj/DMP_ICM20948/nrfx_uart.o
 .text.nrf_uart_baudrate_set
                0x00001c44       0x14 Output/Debug/Obj/DMP_ICM20948/nrfx_uart.o
 .text.nrf_gpio_pin_port_decode
                0x00001c58       0x28 Output/Debug/Obj/DMP_ICM20948/nrfx_uart.o
 .text.nrf_gpio_cfg
                0x00001c80       0x62 Output/Debug/Obj/DMP_ICM20948/nrfx_uart.o
 .text.nrf_gpio_cfg_output
                0x00001ce2       0x22 Output/Debug/Obj/DMP_ICM20948/nrfx_uart.o
 .text.nrf_gpio_cfg_input
                0x00001d04       0x2a Output/Debug/Obj/DMP_ICM20948/nrfx_uart.o
 .text.nrf_gpio_cfg_default
                0x00001d2e       0x22 Output/Debug/Obj/DMP_ICM20948/nrfx_uart.o
 .text.nrf_gpio_pin_set
                0x00001d50       0x28 Output/Debug/Obj/DMP_ICM20948/nrfx_uart.o
 .text.nrf_gpio_port_out_set
                0x00001d78       0x14 Output/Debug/Obj/DMP_ICM20948/nrfx_uart.o
 .text.apply_config
                0x00001d8c       0xc6 Output/Debug/Obj/DMP_ICM20948/nrfx_uart.o
 *fill*         0x00001e52        0x2 
 .text.interrupts_enable
                0x00001e54       0x6c Output/Debug/Obj/DMP_ICM20948/nrfx_uart.o
 .text.interrupts_disable
                0x00001ec0       0x30 Output/Debug/Obj/DMP_ICM20948/nrfx_uart.o
 .text.pins_to_default
                0x00001ef0       0x8a Output/Debug/Obj/DMP_ICM20948/nrfx_uart.o
 *fill*         0x00001f7a        0x2 
 .text.nrfx_uart_init
                0x00001f7c       0xd4 Output/Debug/Obj/DMP_ICM20948/nrfx_uart.o
                0x00001f7c                nrfx_uart_init
 .text.nrfx_uart_uninit
                0x00002050       0x5c Output/Debug/Obj/DMP_ICM20948/nrfx_uart.o
                0x00002050                nrfx_uart_uninit
 .text.tx_byte  0x000020ac       0x40 Output/Debug/Obj/DMP_ICM20948/nrfx_uart.o
 .text.tx_blocking
                0x000020ec       0x52 Output/Debug/Obj/DMP_ICM20948/nrfx_uart.o
 *fill*         0x0000213e        0x2 
 .text.nrfx_uart_tx
                0x00002140      0x110 Output/Debug/Obj/DMP_ICM20948/nrfx_uart.o
                0x00002140                nrfx_uart_tx
 .text.nrfx_uart_tx_in_progress
                0x00002250       0x2c Output/Debug/Obj/DMP_ICM20948/nrfx_uart.o
                0x00002250                nrfx_uart_tx_in_progress
 .text.rx_byte  0x0000227c       0x4e Output/Debug/Obj/DMP_ICM20948/nrfx_uart.o
 .text.rx_done_event
                0x000022ca       0x2e Output/Debug/Obj/DMP_ICM20948/nrfx_uart.o
 .text.tx_done_event
                0x000022f8       0x34 Output/Debug/Obj/DMP_ICM20948/nrfx_uart.o
 .text.uart_irq_handler
                0x0000232c      0x1de Output/Debug/Obj/DMP_ICM20948/nrfx_uart.o
 *fill*         0x0000250a        0x2 
 .text.nrfx_uart_0_irq_handler
                0x0000250c       0x18 Output/Debug/Obj/DMP_ICM20948/nrfx_uart.o
                0x0000250c                nrfx_uart_0_irq_handler
 .text.__NVIC_EnableIRQ
                0x00002524       0x34 Output/Debug/Obj/DMP_ICM20948/nrfx_uarte.o
 .text.__NVIC_DisableIRQ
                0x00002558       0x44 Output/Debug/Obj/DMP_ICM20948/nrfx_uarte.o
 .text.__NVIC_SetPriority
                0x0000259c       0x50 Output/Debug/Obj/DMP_ICM20948/nrfx_uarte.o
 .text.nrfx_is_in_ram
                0x000025ec       0x1c Output/Debug/Obj/DMP_ICM20948/nrfx_uarte.o
 .text.nrfx_get_irq_number
                0x00002608       0x10 Output/Debug/Obj/DMP_ICM20948/nrfx_uarte.o
 .text._NRFX_IRQ_PRIORITY_SET
                0x00002618       0x40 Output/Debug/Obj/DMP_ICM20948/nrfx_uarte.o
 .text._NRFX_IRQ_ENABLE
                0x00002658       0x1c Output/Debug/Obj/DMP_ICM20948/nrfx_uarte.o
 .text._NRFX_IRQ_DISABLE
                0x00002674       0x1c Output/Debug/Obj/DMP_ICM20948/nrfx_uarte.o
 .text.nrf_uarte_event_clear
                0x00002690       0x2a Output/Debug/Obj/DMP_ICM20948/nrfx_uarte.o
 .text.nrf_uarte_event_check
                0x000026ba       0x24 Output/Debug/Obj/DMP_ICM20948/nrfx_uarte.o
 .text.nrf_uarte_shorts_disable
                0x000026de       0x1e Output/Debug/Obj/DMP_ICM20948/nrfx_uarte.o
 .text.nrf_uarte_int_enable
                0x000026fc       0x14 Output/Debug/Obj/DMP_ICM20948/nrfx_uarte.o
 .text.nrf_uarte_int_disable
                0x00002710       0x14 Output/Debug/Obj/DMP_ICM20948/nrfx_uarte.o
 .text.nrf_uarte_errorsrc_get_and_clear
                0x00002724       0x1c Output/Debug/Obj/DMP_ICM20948/nrfx_uarte.o
 .text.nrf_uarte_enable
                0x00002740       0x12 Output/Debug/Obj/DMP_ICM20948/nrfx_uarte.o
 .text.nrf_uarte_disable
                0x00002752       0x12 Output/Debug/Obj/DMP_ICM20948/nrfx_uarte.o
 .text.nrf_uarte_txrx_pins_set
                0x00002764       0x1e Output/Debug/Obj/DMP_ICM20948/nrfx_uarte.o
 .text.nrf_uarte_txrx_pins_disconnect
                0x00002782       0x1c Output/Debug/Obj/DMP_ICM20948/nrfx_uarte.o
 .text.nrf_uarte_tx_pin_get
                0x0000279e       0x10 Output/Debug/Obj/DMP_ICM20948/nrfx_uarte.o
 .text.nrf_uarte_rx_pin_get
                0x000027ae       0x10 Output/Debug/Obj/DMP_ICM20948/nrfx_uarte.o
 .text.nrf_uarte_rts_pin_get
                0x000027be       0x10 Output/Debug/Obj/DMP_ICM20948/nrfx_uarte.o
 .text.nrf_uarte_cts_pin_get
                0x000027ce       0x10 Output/Debug/Obj/DMP_ICM20948/nrfx_uarte.o
 .text.nrf_uarte_hwfc_pins_set
                0x000027de       0x1e Output/Debug/Obj/DMP_ICM20948/nrfx_uarte.o
 .text.nrf_uarte_hwfc_pins_disconnect
                0x000027fc       0x1c Output/Debug/Obj/DMP_ICM20948/nrfx_uarte.o
 .text.nrf_uarte_task_trigger
                0x00002818       0x1c Output/Debug/Obj/DMP_ICM20948/nrfx_uarte.o
 .text.nrf_uarte_configure
                0x00002834       0x2a Output/Debug/Obj/DMP_ICM20948/nrfx_uarte.o
 .text.nrf_uarte_baudrate_set
                0x0000285e       0x14 Output/Debug/Obj/DMP_ICM20948/nrfx_uarte.o
 .text.nrf_uarte_tx_buffer_set
                0x00002872       0x1e Output/Debug/Obj/DMP_ICM20948/nrfx_uarte.o
 .text.nrf_uarte_tx_amount_get
                0x00002890       0x10 Output/Debug/Obj/DMP_ICM20948/nrfx_uarte.o
 .text.nrf_uarte_rx_amount_get
                0x000028a0       0x10 Output/Debug/Obj/DMP_ICM20948/nrfx_uarte.o
 .text.nrf_gpio_pin_port_decode
                0x000028b0       0x28 Output/Debug/Obj/DMP_ICM20948/nrfx_uarte.o
 .text.nrf_gpio_cfg
                0x000028d8       0x62 Output/Debug/Obj/DMP_ICM20948/nrfx_uarte.o
 .text.nrf_gpio_cfg_output
                0x0000293a       0x22 Output/Debug/Obj/DMP_ICM20948/nrfx_uarte.o
 .text.nrf_gpio_cfg_input
                0x0000295c       0x2a Output/Debug/Obj/DMP_ICM20948/nrfx_uarte.o
 .text.nrf_gpio_cfg_default
                0x00002986       0x22 Output/Debug/Obj/DMP_ICM20948/nrfx_uarte.o
 .text.nrf_gpio_pin_set
                0x000029a8       0x28 Output/Debug/Obj/DMP_ICM20948/nrfx_uarte.o
 .text.nrf_gpio_port_out_set
                0x000029d0       0x14 Output/Debug/Obj/DMP_ICM20948/nrfx_uarte.o
 .text.apply_config
                0x000029e4       0xc6 Output/Debug/Obj/DMP_ICM20948/nrfx_uarte.o
 *fill*         0x00002aaa        0x2 
 .text.interrupts_enable
                0x00002aac       0x98 Output/Debug/Obj/DMP_ICM20948/nrfx_uarte.o
 .text.interrupts_disable
                0x00002b44       0x30 Output/Debug/Obj/DMP_ICM20948/nrfx_uarte.o
 .text.pins_to_default
                0x00002b74       0x8a Output/Debug/Obj/DMP_ICM20948/nrfx_uarte.o
 *fill*         0x00002bfe        0x2 
 .text.nrfx_uarte_init
                0x00002c00       0xcc Output/Debug/Obj/DMP_ICM20948/nrfx_uarte.o
                0x00002c00                nrfx_uarte_init
 .text.nrfx_uarte_uninit
                0x00002ccc       0xac Output/Debug/Obj/DMP_ICM20948/nrfx_uarte.o
                0x00002ccc                nrfx_uarte_uninit
 .text.nrfx_uarte_tx
                0x00002d78      0x17c Output/Debug/Obj/DMP_ICM20948/nrfx_uarte.o
                0x00002d78                nrfx_uarte_tx
 .text.nrfx_uarte_tx_in_progress
                0x00002ef4       0x30 Output/Debug/Obj/DMP_ICM20948/nrfx_uarte.o
                0x00002ef4                nrfx_uarte_tx_in_progress
 .text.rx_done_event
                0x00002f24       0x2e Output/Debug/Obj/DMP_ICM20948/nrfx_uarte.o
 .text.tx_done_event
                0x00002f52       0x34 Output/Debug/Obj/DMP_ICM20948/nrfx_uarte.o
 .text.uarte_irq_handler
                0x00002f86      0x18c Output/Debug/Obj/DMP_ICM20948/nrfx_uarte.o
 *fill*         0x00003112        0x2 
 .text.nrfx_uarte_0_irq_handler
                0x00003114       0x18 Output/Debug/Obj/DMP_ICM20948/nrfx_uarte.o
                0x00003114                nrfx_uarte_0_irq_handler
 .text.app_error_save_and_stop
                0x0000312c       0x9c Output/Debug/Obj/DMP_ICM20948/app_error.o
                0x0000312c                app_error_save_and_stop
 .text.app_error_handler
                0x000031c8       0x1c Output/Debug/Obj/DMP_ICM20948/app_error_handler_gcc.o
                0x000031c8                app_error_handler
 .text.app_error_fault_handler
                0x000031e4      0x104 Output/Debug/Obj/DMP_ICM20948/app_error_weak.o
                0x000031e4                app_error_fault_handler
 .text.app_util_disable_irq
                0x000032e8       0x18 Output/Debug/Obj/DMP_ICM20948/app_util_platform.o
                0x000032e8                app_util_disable_irq
 .text.app_util_enable_irq
                0x00003300       0x20 Output/Debug/Obj/DMP_ICM20948/app_util_platform.o
                0x00003300                app_util_enable_irq
 .text.app_util_critical_region_enter
                0x00003320       0x28 Output/Debug/Obj/DMP_ICM20948/app_util_platform.o
                0x00003320                app_util_critical_region_enter
 .text.app_util_critical_region_exit
                0x00003348       0x2c Output/Debug/Obj/DMP_ICM20948/app_util_platform.o
                0x00003348                app_util_critical_region_exit
 .text.privilege_level_get
                0x00003374       0x3a Output/Debug/Obj/DMP_ICM20948/app_util_platform.o
                0x00003374                privilege_level_get
 *fill*         0x000033ae        0x2 
 .text.RTC1_IRQHandler
                0x000033b0       0x1c Output/Debug/Obj/DMP_ICM20948/drv_rtc.o
                0x000033b0                RTC1_IRQHandler
 .text.assert_nrf_callback
                0x000033cc       0x2e Output/Debug/Obj/DMP_ICM20948/nrf_assert.o
                0x000033cc                assert_nrf_callback
 .text.nrf_atomic_u32_fetch_store
                0x000033fa       0x2e Output/Debug/Obj/DMP_ICM20948/nrf_atomic.o
                0x000033fa                nrf_atomic_u32_fetch_store
 .text.nrf_atomic_u32_or
                0x00003428       0x30 Output/Debug/Obj/DMP_ICM20948/nrf_atomic.o
                0x00003428                nrf_atomic_u32_or
 .text.nrf_atomic_u32_fetch_and
                0x00003458       0x30 Output/Debug/Obj/DMP_ICM20948/nrf_atomic.o
                0x00003458                nrf_atomic_u32_fetch_and
 .text.nrf_atomic_u32_add
                0x00003488       0x30 Output/Debug/Obj/DMP_ICM20948/nrf_atomic.o
                0x00003488                nrf_atomic_u32_add
 .text.nrf_atomic_u32_sub
                0x000034b8       0x30 Output/Debug/Obj/DMP_ICM20948/nrf_atomic.o
                0x000034b8                nrf_atomic_u32_sub
 .text.nrf_atomic_flag_set
                0x000034e8       0x18 Output/Debug/Obj/DMP_ICM20948/nrf_atomic.o
                0x000034e8                nrf_atomic_flag_set
 .text.nrf_atomic_flag_clear_fetch
                0x00003500       0x18 Output/Debug/Obj/DMP_ICM20948/nrf_atomic.o
                0x00003500                nrf_atomic_flag_clear_fetch
 .text.nrf_balloc_idx2block
                0x00003518       0x38 Output/Debug/Obj/DMP_ICM20948/nrf_balloc.o
 .text.nrf_balloc_block2idx
                0x00003550       0x34 Output/Debug/Obj/DMP_ICM20948/nrf_balloc.o
 .text.nrf_balloc_init
                0x00003584       0xb8 Output/Debug/Obj/DMP_ICM20948/nrf_balloc.o
                0x00003584                nrf_balloc_init
 .text.nrf_balloc_alloc
                0x0000363c       0x84 Output/Debug/Obj/DMP_ICM20948/nrf_balloc.o
                0x0000363c                nrf_balloc_alloc
 .text.nrf_balloc_free
                0x000036c0       0x58 Output/Debug/Obj/DMP_ICM20948/nrf_balloc.o
                0x000036c0                nrf_balloc_free
 .text.nrf_fprintf_buffer_flush
                0x00003718       0x44 Output/Debug/Obj/DMP_ICM20948/nrf_fprintf.o
                0x00003718                nrf_fprintf_buffer_flush
 .text.nrf_fprintf
                0x0000375c       0x74 Output/Debug/Obj/DMP_ICM20948/nrf_fprintf.o
                0x0000375c                nrf_fprintf
 .text.buffer_add
                0x000037d0       0x4c Output/Debug/Obj/DMP_ICM20948/nrf_fprintf_format.o
 .text.string_print
                0x0000381c       0xc2 Output/Debug/Obj/DMP_ICM20948/nrf_fprintf_format.o
 *fill*         0x000038de        0x2 
 .text.unsigned_print
                0x000038e0      0x130 Output/Debug/Obj/DMP_ICM20948/nrf_fprintf_format.o
 .text.int_print
                0x00003a10      0x11c Output/Debug/Obj/DMP_ICM20948/nrf_fprintf_format.o
 .text.nrf_fprintf_fmt
                0x00003b2c      0x388 Output/Debug/Obj/DMP_ICM20948/nrf_fprintf_format.o
                0x00003b2c                nrf_fprintf_fmt
 .text.nrf_memobj_pool_init
                0x00003eb4       0x16 Output/Debug/Obj/DMP_ICM20948/nrf_memobj.o
                0x00003eb4                nrf_memobj_pool_init
 .text.nrf_memobj_alloc
                0x00003eca       0xae Output/Debug/Obj/DMP_ICM20948/nrf_memobj.o
                0x00003eca                nrf_memobj_alloc
 .text.nrf_memobj_free
                0x00003f78       0x74 Output/Debug/Obj/DMP_ICM20948/nrf_memobj.o
                0x00003f78                nrf_memobj_free
 .text.nrf_memobj_get
                0x00003fec       0x1e Output/Debug/Obj/DMP_ICM20948/nrf_memobj.o
                0x00003fec                nrf_memobj_get
 .text.nrf_memobj_put
                0x0000400a       0x34 Output/Debug/Obj/DMP_ICM20948/nrf_memobj.o
                0x0000400a                nrf_memobj_put
 *fill*         0x0000403e        0x2 
 .text.memobj_op
                0x00004040      0x124 Output/Debug/Obj/DMP_ICM20948/nrf_memobj.o
 .text.nrf_memobj_write
                0x00004164       0x3c Output/Debug/Obj/DMP_ICM20948/nrf_memobj.o
                0x00004164                nrf_memobj_write
 .text.nrf_memobj_read
                0x000041a0       0x40 Output/Debug/Obj/DMP_ICM20948/nrf_memobj.o
                0x000041a0                nrf_memobj_read
 .text.nrf_ringbuf_init
                0x000041e0       0x3a Output/Debug/Obj/DMP_ICM20948/nrf_ringbuf.o
                0x000041e0                nrf_ringbuf_init
 *fill*         0x0000421a        0x2 
 .text.nrf_strerror_get
                0x0000421c       0x28 Output/Debug/Obj/DMP_ICM20948/nrf_strerror.o
                0x0000421c                nrf_strerror_get
 .text.nrf_strerror_find
                0x00004244       0x68 Output/Debug/Obj/DMP_ICM20948/nrf_strerror.o
                0x00004244                nrf_strerror_find
 .text.nrf_log_backend_serial_put
                0x000042ac      0x124 Output/Debug/Obj/DMP_ICM20948/nrf_log_backend_serial.o
                0x000042ac                nrf_log_backend_serial_put
 .text.nrf_drv_uart_uninit
                0x000043d0       0x44 Output/Debug/Obj/DMP_ICM20948/nrf_log_backend_uart.o
 .text.nrf_drv_uart_tx
                0x00004414       0x64 Output/Debug/Obj/DMP_ICM20948/nrf_log_backend_uart.o
 .text.uart_evt_handler
                0x00004478       0x18 Output/Debug/Obj/DMP_ICM20948/nrf_log_backend_uart.o
 .text.uart_init
                0x00004490       0x88 Output/Debug/Obj/DMP_ICM20948/nrf_log_backend_uart.o
 .text.nrf_log_backend_uart_init
                0x00004518       0x1c Output/Debug/Obj/DMP_ICM20948/nrf_log_backend_uart.o
                0x00004518                nrf_log_backend_uart_init
 .text.serial_tx
                0x00004534       0x6c Output/Debug/Obj/DMP_ICM20948/nrf_log_backend_uart.o
 .text.nrf_log_backend_uart_put
                0x000045a0       0x28 Output/Debug/Obj/DMP_ICM20948/nrf_log_backend_uart.o
 .text.nrf_log_backend_uart_flush
                0x000045c8        0xa Output/Debug/Obj/DMP_ICM20948/nrf_log_backend_uart.o
 *fill*         0x000045d2        0x2 
 .text.nrf_log_backend_uart_panic_set
                0x000045d4       0x20 Output/Debug/Obj/DMP_ICM20948/nrf_log_backend_uart.o
 .text.nrf_log_backend_enable
                0x000045f4       0x12 Output/Debug/Obj/DMP_ICM20948/nrf_log_default_backends.o
 *fill*         0x00004606        0x2 
 .text.nrf_log_default_backends_init
                0x00004608       0x3c Output/Debug/Obj/DMP_ICM20948/nrf_log_default_backends.o
                0x00004608                nrf_log_default_backends_init
 .text.nrf_log_backend_put
                0x00004644       0x1c Output/Debug/Obj/DMP_ICM20948/nrf_log_frontend.o
 .text.nrf_log_backend_panic_set
                0x00004660       0x18 Output/Debug/Obj/DMP_ICM20948/nrf_log_frontend.o
 .text.nrf_log_backend_flush
                0x00004678       0x18 Output/Debug/Obj/DMP_ICM20948/nrf_log_frontend.o
 .text.nrf_log_backend_id_set
                0x00004690       0x1a Output/Debug/Obj/DMP_ICM20948/nrf_log_frontend.o
 .text.nrf_log_backend_id_get
                0x000046aa       0x10 Output/Debug/Obj/DMP_ICM20948/nrf_log_frontend.o
 .text.nrf_log_backend_enable
                0x000046ba       0x12 Output/Debug/Obj/DMP_ICM20948/nrf_log_frontend.o
 .text.nrf_log_backend_is_enabled
                0x000046cc       0x10 Output/Debug/Obj/DMP_ICM20948/nrf_log_frontend.o
 .text.nrf_log_init
                0x000046dc       0x74 Output/Debug/Obj/DMP_ICM20948/nrf_log_frontend.o
                0x000046dc                nrf_log_init
 .text.nrf_log_module_cnt_get
                0x00004750       0x14 Output/Debug/Obj/DMP_ICM20948/nrf_log_frontend.o
                0x00004750                nrf_log_module_cnt_get
 .text.module_idx_get
                0x00004764       0x64 Output/Debug/Obj/DMP_ICM20948/nrf_log_frontend.o
 .text.nrf_log_module_name_get
                0x000047c8       0x40 Output/Debug/Obj/DMP_ICM20948/nrf_log_frontend.o
                0x000047c8                nrf_log_module_name_get
 .text.nrf_log_color_id_get
                0x00004808       0x70 Output/Debug/Obj/DMP_ICM20948/nrf_log_frontend.o
                0x00004808                nrf_log_color_id_get
 .text.invalid_packets_omit
                0x00004878       0x6e Output/Debug/Obj/DMP_ICM20948/nrf_log_frontend.o
 *fill*         0x000048e6        0x2 
 .text.log_skip
                0x000048e8      0x114 Output/Debug/Obj/DMP_ICM20948/nrf_log_frontend.o
 .text.dropped_sat16_get
                0x000049fc       0x28 Output/Debug/Obj/DMP_ICM20948/nrf_log_frontend.o
 .text.std_header_set
                0x00004a24       0xb4 Output/Debug/Obj/DMP_ICM20948/nrf_log_frontend.o
 .text.buf_prealloc
                0x00004ad8      0x124 Output/Debug/Obj/DMP_ICM20948/nrf_log_frontend.o
 .text.std_n    0x00004bfc       0x90 Output/Debug/Obj/DMP_ICM20948/nrf_log_frontend.o
 .text.nrf_log_frontend_std_0
                0x00004c8c       0x1c Output/Debug/Obj/DMP_ICM20948/nrf_log_frontend.o
                0x00004c8c                nrf_log_frontend_std_0
 .text.nrf_log_frontend_std_1
                0x00004ca8       0x22 Output/Debug/Obj/DMP_ICM20948/nrf_log_frontend.o
                0x00004ca8                nrf_log_frontend_std_1
 .text.nrf_log_frontend_std_2
                0x00004cca       0x28 Output/Debug/Obj/DMP_ICM20948/nrf_log_frontend.o
                0x00004cca                nrf_log_frontend_std_2
 .text.nrf_log_frontend_std_5
                0x00004cf2       0x34 Output/Debug/Obj/DMP_ICM20948/nrf_log_frontend.o
                0x00004cf2                nrf_log_frontend_std_5
 *fill*         0x00004d26        0x2 
 .text.buffer_is_empty
                0x00004d28       0x1c Output/Debug/Obj/DMP_ICM20948/nrf_log_frontend.o
                0x00004d28                buffer_is_empty
 .text.nrf_log_frontend_dequeue
                0x00004d44      0x39c Output/Debug/Obj/DMP_ICM20948/nrf_log_frontend.o
                0x00004d44                nrf_log_frontend_dequeue
 .text.backend_id_assign
                0x000050e0       0x68 Output/Debug/Obj/DMP_ICM20948/nrf_log_frontend.o
 .text.nrf_log_backend_add
                0x00005148       0x70 Output/Debug/Obj/DMP_ICM20948/nrf_log_frontend.o
                0x00005148                nrf_log_backend_add
 .text.nrf_log_panic
                0x000051b8       0x40 Output/Debug/Obj/DMP_ICM20948/nrf_log_frontend.o
                0x000051b8                nrf_log_panic
 .text.timestamp_print
                0x000051f8        0xc Output/Debug/Obj/DMP_ICM20948/nrf_log_str_formatter.o
 .text.prefix_process
                0x00005204       0xb0 Output/Debug/Obj/DMP_ICM20948/nrf_log_str_formatter.o
 .text.postfix_process
                0x000052b4       0x60 Output/Debug/Obj/DMP_ICM20948/nrf_log_str_formatter.o
 .text.nrf_log_std_entry_process
                0x00005314      0x144 Output/Debug/Obj/DMP_ICM20948/nrf_log_str_formatter.o
                0x00005314                nrf_log_std_entry_process
 .text.nrf_log_hexdump_entry_process
                0x00005458       0xf0 Output/Debug/Obj/DMP_ICM20948/nrf_log_str_formatter.o
                0x00005458                nrf_log_hexdump_entry_process
 .text.nrfx_coredep_delay_us
                0x00005548       0x30 Output/Debug/Obj/DMP_ICM20948/main.o
 .text.nrf_gpio_pin_port_decode
                0x00005578       0x28 Output/Debug/Obj/DMP_ICM20948/main.o
 .text.nrf_gpio_pin_set
                0x000055a0       0x28 Output/Debug/Obj/DMP_ICM20948/main.o
 .text.nrf_gpio_pin_clear
                0x000055c8       0x28 Output/Debug/Obj/DMP_ICM20948/main.o
 .text.nrf_gpio_port_out_set
                0x000055f0       0x14 Output/Debug/Obj/DMP_ICM20948/main.o
 .text.nrf_gpio_port_out_clear
                0x00005604       0x14 Output/Debug/Obj/DMP_ICM20948/main.o
 .text.nrf_delay_ms
                0x00005618       0x2a Output/Debug/Obj/DMP_ICM20948/main.o
 .text.nrf_drv_spi_transfer
                0x00005642       0x42 Output/Debug/Obj/DMP_ICM20948/main.o
 .text.spi_event_handler
                0x00005684       0x18 Output/Debug/Obj/DMP_ICM20948/main.o
                0x00005684                spi_event_handler
 .text.read_icm_who_am_i
                0x0000569c       0xfc Output/Debug/Obj/DMP_ICM20948/main.o
                0x0000569c                read_icm_who_am_i
 .text.main     0x00005798       0xc0 Output/Debug/Obj/DMP_ICM20948/main.o
                0x00005798                main
 .text.__NVIC_SystemReset
                0x00005858       0x28 Output/Debug/Obj/DMP_ICM20948/system_nrf52.o
 .text.SystemCoreClockUpdate
                0x00005880       0x14 Output/Debug/Obj/DMP_ICM20948/system_nrf52.o
                0x00005880                SystemCoreClockUpdate
 .text.SystemInit
                0x00005894      0x2d8 Output/Debug/Obj/DMP_ICM20948/system_nrf52.o
                0x00005894                SystemInit
 .text.errata_12
                0x00005b6c       0x58 Output/Debug/Obj/DMP_ICM20948/system_nrf52.o
 .text.errata_16
                0x00005bc4       0x38 Output/Debug/Obj/DMP_ICM20948/system_nrf52.o
 .text.errata_31
                0x00005bfc       0x58 Output/Debug/Obj/DMP_ICM20948/system_nrf52.o
 .text.errata_32
                0x00005c54       0x38 Output/Debug/Obj/DMP_ICM20948/system_nrf52.o
 .text.errata_36
                0x00005c8c       0x58 Output/Debug/Obj/DMP_ICM20948/system_nrf52.o
 .text.errata_37
                0x00005ce4       0x38 Output/Debug/Obj/DMP_ICM20948/system_nrf52.o
 .text.errata_57
                0x00005d1c       0x38 Output/Debug/Obj/DMP_ICM20948/system_nrf52.o
 .text.errata_66
                0x00005d54       0x38 Output/Debug/Obj/DMP_ICM20948/system_nrf52.o
 .text.errata_108
                0x00005d8c       0x58 Output/Debug/Obj/DMP_ICM20948/system_nrf52.o
 .text.errata_136
                0x00005de4       0x58 Output/Debug/Obj/DMP_ICM20948/system_nrf52.o
 .text.errata_182
                0x00005e3c       0x24 Output/Debug/Obj/DMP_ICM20948/system_nrf52.o
 .text.libc.__SEGGER_RTL_init_heap
                0x00005e60       0x18 /opt/SEGGER/segger_embedded_studio_8.22a/lib/heapops_basic_v7em_fpv4_sp_d16_hard_t_le_eabi_balanced.a(heapops_basic.o)
                0x00005e60                __SEGGER_RTL_init_heap
 .text.libc.strlen
                0x00005e78       0x2c /opt/SEGGER/segger_embedded_studio_8.22a/lib/strops_unaligned_v7em_fpv4_sp_d16_hard_t_le_eabi_balanced.a(strops.o)
                0x00005e78                strlen
 .text.libc.memcpy
                0x00005ea4       0x5c /opt/SEGGER/segger_embedded_studio_8.22a/lib/strops_unaligned_v7em_fpv4_sp_d16_hard_t_le_eabi_balanced.a(strasmops_arm.o)
                0x00005ea4                memcpy
                0x00005ea4                __aeabi_memcpy
                0x00005ec2                __aeabi_memcpy4
                0x00005ec2                __aeabi_memcpy8
 .text.libc.__aeabi_memclr
                0x00005f00       0x68 /opt/SEGGER/segger_embedded_studio_8.22a/lib/strops_unaligned_v7em_fpv4_sp_d16_hard_t_le_eabi_balanced.a(strasmops_arm.o)
                0x00005f00                __aeabi_memclr8
                0x00005f00                __aeabi_memclr
                0x00005f00                __aeabi_memclr4
                0x00005f02                __aeabi_memset
                0x00005f02                __aeabi_memset8
                0x00005f02                __aeabi_memset4
                0x00005f08                memset
 .text.libc.__SEGGER_RTL_ascii_mbtowc
                0x00005f68       0x34 /opt/SEGGER/segger_embedded_studio_8.22a/lib/mbops_timeops_v7em_fpv4_sp_d16_hard_t_le_eabi_balanced.a(mbops.o)
                0x00005f68                __SEGGER_RTL_ascii_mbtowc
 .text.libc.__SEGGER_RTL_ascii_wctomb
                0x00005f9c        0xe /opt/SEGGER/segger_embedded_studio_8.22a/lib/mbops_timeops_v7em_fpv4_sp_d16_hard_t_le_eabi_balanced.a(mbops.o)
                0x00005f9c                __SEGGER_RTL_ascii_wctomb
 .text.libc.isprint
                0x00005faa       0x20 /opt/SEGGER/segger_embedded_studio_8.22a/lib/mbops_timeops_v7em_fpv4_sp_d16_hard_t_le_eabi_balanced.a(mbops.o)
                0x00005faa                isprint
 .text.libc.__SEGGER_RTL_ascii_isctype
                0x00005fca       0x20 /opt/SEGGER/segger_embedded_studio_8.22a/lib/mbops_timeops_v7em_fpv4_sp_d16_hard_t_le_eabi_balanced.a(mbops.o)
 .text.libc.__SEGGER_RTL_ascii_toupper
                0x00005fea        0xc /opt/SEGGER/segger_embedded_studio_8.22a/lib/mbops_timeops_v7em_fpv4_sp_d16_hard_t_le_eabi_balanced.a(mbops.o)
 .text.libc.__SEGGER_RTL_ascii_tolower
                0x00005ff6        0xe /opt/SEGGER/segger_embedded_studio_8.22a/lib/mbops_timeops_v7em_fpv4_sp_d16_hard_t_le_eabi_balanced.a(mbops.o)
 .text.libc.__SEGGER_RTL_ascii_iswctype
                0x00006004       0x20 /opt/SEGGER/segger_embedded_studio_8.22a/lib/mbops_timeops_v7em_fpv4_sp_d16_hard_t_le_eabi_balanced.a(mbops.o)
 .text.libc.__SEGGER_RTL_ascii_towupper
                0x00006024        0xc /opt/SEGGER/segger_embedded_studio_8.22a/lib/mbops_timeops_v7em_fpv4_sp_d16_hard_t_le_eabi_balanced.a(mbops.o)
 .text.libc.__SEGGER_RTL_ascii_towlower
                0x00006030        0xe /opt/SEGGER/segger_embedded_studio_8.22a/lib/mbops_timeops_v7em_fpv4_sp_d16_hard_t_le_eabi_balanced.a(mbops.o)
                0x0000603e                        __text_end__ = (__text_start__ + SIZEOF (.text))
                0x00005c5a                        __text_size__ = SIZEOF (.text)
                0x0000603e                        __text_load_end__ = __text_end__

.vfp11_veneer   0x00000000        0x0
 .vfp11_veneer  0x00000000        0x0 linker stubs

.v4_bx          0x00000000        0x0
 .v4_bx         0x00000000        0x0 linker stubs

.iplt           0x00000000        0x0
 .iplt          0x00000000        0x0 Output/Debug/Obj/DMP_ICM20948/boards.o
                0x00000001                        . = ASSERT (((__text_start__ == __text_end__) || ((__text_end__ - __FLASH_segment_start__) <= __FLASH_segment_size__)), error: .text is too large to fit in FLASH memory segment)
                0x00006040                        __sdh_ant_observers_load_start__ = ALIGN (__text_end__, 0x4)

.sdh_ant_observers
                0x00006040        0x0
                0x00006040                        __sdh_ant_observers_start__ = .
                0x00006040                        __start_sdh_ant_observers = __sdh_ant_observers_start__
 *(SORT_BY_NAME(.sdh_ant_observers*))
                0x00006040                        __sdh_ant_observers_end__ = (__sdh_ant_observers_start__ + SIZEOF (.sdh_ant_observers))
                0x00000000                        __sdh_ant_observers_size__ = SIZEOF (.sdh_ant_observers)
                0x00006040                        __stop_sdh_ant_observers = __sdh_ant_observers_end__
                0x00006040                        __sdh_ant_observers_load_end__ = __sdh_ant_observers_end__
                0x00000001                        . = ASSERT (((__sdh_ant_observers_start__ == __sdh_ant_observers_end__) || ((__sdh_ant_observers_end__ - __FLASH_segment_start__) <= __FLASH_segment_size__)), error: .sdh_ant_observers is too large to fit in FLASH memory segment)
                0x00006040                        __sdh_ble_observers_load_start__ = ALIGN (__sdh_ant_observers_end__, 0x4)

.sdh_ble_observers
                0x00006040        0x0
                0x00006040                        __sdh_ble_observers_start__ = .
                0x00006040                        __start_sdh_ble_observers = __sdh_ble_observers_start__
 *(SORT_BY_NAME(.sdh_ble_observers*))
                0x00006040                        __sdh_ble_observers_end__ = (__sdh_ble_observers_start__ + SIZEOF (.sdh_ble_observers))
                0x00000000                        __sdh_ble_observers_size__ = SIZEOF (.sdh_ble_observers)
                0x00006040                        __stop_sdh_ble_observers = __sdh_ble_observers_end__
                0x00006040                        __sdh_ble_observers_load_end__ = __sdh_ble_observers_end__
                0x00000001                        . = ASSERT (((__sdh_ble_observers_start__ == __sdh_ble_observers_end__) || ((__sdh_ble_observers_end__ - __FLASH_segment_start__) <= __FLASH_segment_size__)), error: .sdh_ble_observers is too large to fit in FLASH memory segment)
                0x00006040                        __sdh_soc_observers_load_start__ = ALIGN (__sdh_ble_observers_end__, 0x4)

.sdh_soc_observers
                0x00006040        0x0
                0x00006040                        __sdh_soc_observers_start__ = .
                0x00006040                        __start_sdh_soc_observers = __sdh_soc_observers_start__
 *(SORT_BY_NAME(.sdh_soc_observers*))
                0x00006040                        __sdh_soc_observers_end__ = (__sdh_soc_observers_start__ + SIZEOF (.sdh_soc_observers))
                0x00000000                        __sdh_soc_observers_size__ = SIZEOF (.sdh_soc_observers)
                0x00006040                        __stop_sdh_soc_observers = __sdh_soc_observers_end__
                0x00006040                        __sdh_soc_observers_load_end__ = __sdh_soc_observers_end__
                0x00000001                        . = ASSERT (((__sdh_soc_observers_start__ == __sdh_soc_observers_end__) || ((__sdh_soc_observers_end__ - __FLASH_segment_start__) <= __FLASH_segment_size__)), error: .sdh_soc_observers is too large to fit in FLASH memory segment)
                0x00006040                        __sdh_state_observers_load_start__ = ALIGN (__sdh_soc_observers_end__, 0x4)

.sdh_state_observers
                0x00006040        0x0
                0x00006040                        __sdh_state_observers_start__ = .
                0x00006040                        __start_sdh_state_observers = __sdh_state_observers_start__
 *(SORT_BY_NAME(.sdh_state_observers*))
                0x00006040                        __sdh_state_observers_end__ = (__sdh_state_observers_start__ + SIZEOF (.sdh_state_observers))
                0x00000000                        __sdh_state_observers_size__ = SIZEOF (.sdh_state_observers)
                0x00006040                        __stop_sdh_state_observers = __sdh_state_observers_end__
                0x00006040                        __sdh_state_observers_load_end__ = __sdh_state_observers_end__
                0x00000001                        . = ASSERT (((__sdh_state_observers_start__ == __sdh_state_observers_end__) || ((__sdh_state_observers_end__ - __FLASH_segment_start__) <= __FLASH_segment_size__)), error: .sdh_state_observers is too large to fit in FLASH memory segment)
                0x00006040                        __sdh_stack_observers_load_start__ = ALIGN (__sdh_state_observers_end__, 0x4)

.sdh_stack_observers
                0x00006040        0x0
                0x00006040                        __sdh_stack_observers_start__ = .
                0x00006040                        __start_sdh_stack_observers = __sdh_stack_observers_start__
 *(SORT_BY_NAME(.sdh_stack_observers*))
                0x00006040                        __sdh_stack_observers_end__ = (__sdh_stack_observers_start__ + SIZEOF (.sdh_stack_observers))
                0x00000000                        __sdh_stack_observers_size__ = SIZEOF (.sdh_stack_observers)
                0x00006040                        __stop_sdh_stack_observers = __sdh_stack_observers_end__
                0x00006040                        __sdh_stack_observers_load_end__ = __sdh_stack_observers_end__
                0x00000001                        . = ASSERT (((__sdh_stack_observers_start__ == __sdh_stack_observers_end__) || ((__sdh_stack_observers_end__ - __FLASH_segment_start__) <= __FLASH_segment_size__)), error: .sdh_stack_observers is too large to fit in FLASH memory segment)
                0x00006040                        __sdh_req_observers_load_start__ = ALIGN (__sdh_stack_observers_end__, 0x4)

.sdh_req_observers
                0x00006040        0x0
                0x00006040                        __sdh_req_observers_start__ = .
                0x00006040                        __start_sdh_req_observers = __sdh_req_observers_start__
 *(SORT_BY_NAME(.sdh_req_observers*))
                0x00006040                        __sdh_req_observers_end__ = (__sdh_req_observers_start__ + SIZEOF (.sdh_req_observers))
                0x00000000                        __sdh_req_observers_size__ = SIZEOF (.sdh_req_observers)
                0x00006040                        __stop_sdh_req_observers = __sdh_req_observers_end__
                0x00006040                        __sdh_req_observers_load_end__ = __sdh_req_observers_end__
                0x00000001                        . = ASSERT (((__sdh_req_observers_start__ == __sdh_req_observers_end__) || ((__sdh_req_observers_end__ - __FLASH_segment_start__) <= __FLASH_segment_size__)), error: .sdh_req_observers is too large to fit in FLASH memory segment)
                0x00006040                        __log_const_data_load_start__ = ALIGN (__sdh_req_observers_end__, 0x4)

.log_const_data
                0x00006040       0x48
                0x00006040                        __log_const_data_start__ = .
                0x00006040                        __start_log_const_data = __log_const_data_start__
 *(SORT_BY_NAME(.log_const_data*))
 .log_const_data_GPIOTE
                0x00006040        0x8 Output/Debug/Obj/DMP_ICM20948/nrfx_gpiote.o
                0x00006040                m_nrf_log_GPIOTE_logs_data_const
 .log_const_data_PRS
                0x00006048        0x8 Output/Debug/Obj/DMP_ICM20948/nrfx_prs.o
                0x00006048                m_nrf_log_PRS_logs_data_const
 .log_const_data_SPIM
                0x00006050        0x8 Output/Debug/Obj/DMP_ICM20948/nrfx_spim.o
                0x00006050                m_nrf_log_SPIM_logs_data_const
 .log_const_data_UART
                0x00006058        0x8 Output/Debug/Obj/DMP_ICM20948/nrfx_uart.o
                0x00006058                m_nrf_log_UART_logs_data_const
 .log_const_data_UARTE
                0x00006060        0x8 Output/Debug/Obj/DMP_ICM20948/nrfx_uarte.o
                0x00006060                m_nrf_log_UARTE_logs_data_const
 .log_const_data_app
                0x00006068        0x8 Output/Debug/Obj/DMP_ICM20948/nrf_log_frontend.o
                0x00006068                m_nrf_log_app_logs_data_const
 .log_const_data_app_button
                0x00006070        0x8 Output/Debug/Obj/DMP_ICM20948/app_button.o
                0x00006070                m_nrf_log_app_button_logs_data_const
 .log_const_data_app_timer
                0x00006078        0x8 Output/Debug/Obj/DMP_ICM20948/app_timer2.o
                0x00006078                m_nrf_log_app_timer_logs_data_const
 .log_const_data_sortlist
                0x00006080        0x8 Output/Debug/Obj/DMP_ICM20948/nrf_sortlist.o
                0x00006080                m_nrf_log_sortlist_logs_data_const
                0x00006088                        __log_const_data_end__ = (__log_const_data_start__ + SIZEOF (.log_const_data))
                0x00000048                        __log_const_data_size__ = SIZEOF (.log_const_data)
                0x00006088                        __stop_log_const_data = __log_const_data_end__
                0x00006088                        __log_const_data_load_end__ = __log_const_data_end__
                0x00000001                        . = ASSERT (((__log_const_data_start__ == __log_const_data_end__) || ((__log_const_data_end__ - __FLASH_segment_start__) <= __FLASH_segment_size__)), error: .log_const_data is too large to fit in FLASH memory segment)
                0x00006088                        __nrf_balloc_load_start__ = ALIGN (__log_const_data_end__, 0x4)

.nrf_balloc     0x00006088       0x14
                0x00006088                        __nrf_balloc_start__ = .
                0x00006088                        __start_nrf_balloc = __nrf_balloc_start__
 *(.nrf_balloc*)
 .nrf_balloc    0x00006088       0x14 Output/Debug/Obj/DMP_ICM20948/nrf_log_frontend.o
                0x00006088                log_mempool
                0x0000609c                        __nrf_balloc_end__ = (__nrf_balloc_start__ + SIZEOF (.nrf_balloc))
                0x00000014                        __nrf_balloc_size__ = SIZEOF (.nrf_balloc)
                0x0000609c                        __stop_nrf_balloc = __nrf_balloc_end__
                0x0000609c                        __nrf_balloc_load_end__ = __nrf_balloc_end__
                0x00000001                        . = ASSERT (((__nrf_balloc_start__ == __nrf_balloc_end__) || ((__nrf_balloc_end__ - __FLASH_segment_start__) <= __FLASH_segment_size__)), error: .nrf_balloc is too large to fit in FLASH memory segment)
                0x0000609c                        __nrf_queue_load_start__ = ALIGN (__nrf_balloc_end__, 0x4)

.nrf_queue      0x0000609c        0x0
                0x0000609c                        __nrf_queue_start__ = .
                0x0000609c                        __start_nrf_queue = __nrf_queue_start__
 *(.nrf_queue*)
                0x0000609c                        __nrf_queue_end__ = (__nrf_queue_start__ + SIZEOF (.nrf_queue))
                0x00000000                        __nrf_queue_size__ = SIZEOF (.nrf_queue)
                0x0000609c                        __stop_nrf_queue = __nrf_queue_end__
                0x0000609c                        __nrf_queue_load_end__ = __nrf_queue_end__
                0x00000001                        . = ASSERT (((__nrf_queue_start__ == __nrf_queue_end__) || ((__nrf_queue_end__ - __FLASH_segment_start__) <= __FLASH_segment_size__)), error: .nrf_queue is too large to fit in FLASH memory segment)
                0x0000609c                        __cli_command_load_start__ = ALIGN (__nrf_queue_end__, 0x4)

.cli_command    0x0000609c        0x0
                0x0000609c                        __cli_command_start__ = .
                0x0000609c                        __start_cli_command = __cli_command_start__
 *(.cli_command*)
                0x0000609c                        __cli_command_end__ = (__cli_command_start__ + SIZEOF (.cli_command))
                0x00000000                        __cli_command_size__ = SIZEOF (.cli_command)
                0x0000609c                        __stop_cli_command = __cli_command_end__
                0x0000609c                        __cli_command_load_end__ = __cli_command_end__
                0x00000001                        . = ASSERT (((__cli_command_start__ == __cli_command_end__) || ((__cli_command_end__ - __FLASH_segment_start__) <= __FLASH_segment_size__)), error: .cli_command is too large to fit in FLASH memory segment)
                0x0000609c                        __crypto_data_load_start__ = ALIGN (__cli_command_end__, 0x4)

.crypto_data    0x0000609c        0x0
                0x0000609c                        __crypto_data_start__ = .
                0x0000609c                        __start_crypto_data = __crypto_data_start__
 *(SORT_BY_NAME(.crypto_data*))
                0x0000609c                        __crypto_data_end__ = (__crypto_data_start__ + SIZEOF (.crypto_data))
                0x00000000                        __crypto_data_size__ = SIZEOF (.crypto_data)
                0x0000609c                        __stop_crypto_data = __crypto_data_end__
                0x0000609c                        __crypto_data_load_end__ = __crypto_data_end__
                0x00000001                        . = ASSERT (((__crypto_data_start__ == __crypto_data_end__) || ((__crypto_data_end__ - __FLASH_segment_start__) <= __FLASH_segment_size__)), error: .crypto_data is too large to fit in FLASH memory segment)
                0x0000609c                        __pwr_mgmt_data_load_start__ = ALIGN (__crypto_data_end__, 0x4)

.pwr_mgmt_data  0x0000609c        0x0
                0x0000609c                        __pwr_mgmt_data_start__ = .
                0x0000609c                        __start_pwr_mgmt_data = __pwr_mgmt_data_start__
 *(SORT_BY_NAME(.pwr_mgmt_data*))
                0x0000609c                        __pwr_mgmt_data_end__ = (__pwr_mgmt_data_start__ + SIZEOF (.pwr_mgmt_data))
                0x00000000                        __pwr_mgmt_data_size__ = SIZEOF (.pwr_mgmt_data)
                0x0000609c                        __stop_pwr_mgmt_data = __pwr_mgmt_data_end__
                0x0000609c                        __pwr_mgmt_data_load_end__ = __pwr_mgmt_data_end__
                0x00000001                        . = ASSERT (((__pwr_mgmt_data_start__ == __pwr_mgmt_data_end__) || ((__pwr_mgmt_data_end__ - __FLASH_segment_start__) <= __FLASH_segment_size__)), error: .pwr_mgmt_data is too large to fit in FLASH memory segment)
                0x0000609c                        __log_backends_load_start__ = ALIGN (__pwr_mgmt_data_end__, 0x4)

.log_backends   0x0000609c       0x10
                0x0000609c                        __log_backends_start__ = .
                0x0000609c                        __start_log_backends = __log_backends_start__
 *(SORT_BY_NAME(.log_backends*))
 .log_backends  0x0000609c       0x10 Output/Debug/Obj/DMP_ICM20948/nrf_log_default_backends.o
                0x000060ac                        __log_backends_end__ = (__log_backends_start__ + SIZEOF (.log_backends))
                0x00000010                        __log_backends_size__ = SIZEOF (.log_backends)
                0x000060ac                        __stop_log_backends = __log_backends_end__
                0x000060ac                        __log_backends_load_end__ = __log_backends_end__
                0x00000001                        . = ASSERT (((__log_backends_start__ == __log_backends_end__) || ((__log_backends_end__ - __FLASH_segment_start__) <= __FLASH_segment_size__)), error: .log_backends is too large to fit in FLASH memory segment)
                0x000060ac                        __nrf_sections_load_start__ = ALIGN (__log_backends_end__, 0x4)

.nrf_sections   0x000060ac        0x0
                0x000060ac                        __nrf_sections_start__ = .
                0x000060ac                        __start_nrf_sections = __nrf_sections_start__
 *(.nrf_sections .nrf_sections.*)
                0x000060ac                        __nrf_sections_end__ = (__nrf_sections_start__ + SIZEOF (.nrf_sections))
                0x00000000                        __nrf_sections_size__ = SIZEOF (.nrf_sections)
                0x000060ac                        __nrf_sections_load_end__ = __nrf_sections_end__
                0x00000001                        . = ASSERT (((__nrf_sections_start__ == __nrf_sections_end__) || ((__nrf_sections_end__ - __FLASH_segment_start__) <= __FLASH_segment_size__)), error: .nrf_sections is too large to fit in FLASH memory segment)
                0x000060ac                        __log_dynamic_data_load_start__ = ALIGN (__nrf_sections_end__, 0x4)

.log_dynamic_data
                0x20000000        0x0 load address 0x000060ac
                0x20000000                        __log_dynamic_data_start__ = .
 *(SORT_BY_NAME(.log_dynamic_data*))
                0x20000000                        __log_dynamic_data_end__ = (__log_dynamic_data_start__ + SIZEOF (.log_dynamic_data))
                0x00000000                        __log_dynamic_data_size__ = SIZEOF (.log_dynamic_data)
                0x000060ac                        __log_dynamic_data_load_end__ = (__log_dynamic_data_load_start__ + SIZEOF (.log_dynamic_data))
                0x00000001                        . = ASSERT (((__log_dynamic_data_load_start__ == __log_dynamic_data_load_end__) || ((__log_dynamic_data_load_end__ - __FLASH_segment_start__) <= __FLASH_segment_size__)), error: .log_dynamic_data is too large to fit in FLASH memory segment)

.log_dynamic_data_run
                0x20000000        0x0
                0x20000000                        __log_dynamic_data_run_start__ = .
                0x20000000                        __start_log_dynamic_data = __log_dynamic_data_run_start__
                0x20000000                        __log_dynamic_data_run_end__ = (__log_dynamic_data_run_start__ + SIZEOF (.log_dynamic_data))
                0x00000000                        __log_dynamic_data_run_size__ = (__log_dynamic_data_run_end__ - __log_dynamic_data_run_start__)
                0x20000000                        __stop_log_dynamic_data = __log_dynamic_data_run_end__
                0x20000000                        __log_dynamic_data_run_load_end__ = __log_dynamic_data_run_end__
                0x00000001                        . = ASSERT (((__log_dynamic_data_run_start__ == __log_dynamic_data_run_end__) || ((__log_dynamic_data_run_end__ - __RAM_segment_start__) <= __RAM_segment_size__)), error: .log_dynamic_data_run is too large to fit in RAM memory segment)
                0x000060ac                        __log_filter_data_load_start__ = ALIGN ((__log_dynamic_data_load_start__ + SIZEOF (.log_dynamic_data)), 0x4)

.log_filter_data
                0x20000000        0x0 load address 0x000060ac
                0x20000000                        __log_filter_data_start__ = .
 *(SORT_BY_NAME(.log_filter_data*))
                0x20000000                        __log_filter_data_end__ = (__log_filter_data_start__ + SIZEOF (.log_filter_data))
                0x00000000                        __log_filter_data_size__ = SIZEOF (.log_filter_data)
                0x000060ac                        __log_filter_data_load_end__ = (__log_filter_data_load_start__ + SIZEOF (.log_filter_data))
                0x00000001                        . = ASSERT (((__log_filter_data_load_start__ == __log_filter_data_load_end__) || ((__log_filter_data_load_end__ - __FLASH_segment_start__) <= __FLASH_segment_size__)), error: .log_filter_data is too large to fit in FLASH memory segment)

.log_filter_data_run
                0x20000000        0x0
                0x20000000                        __log_filter_data_run_start__ = .
                0x20000000                        __start_log_filter_data = __log_filter_data_run_start__
                0x20000000                        __log_filter_data_run_end__ = (__log_filter_data_run_start__ + SIZEOF (.log_filter_data))
                0x00000000                        __log_filter_data_run_size__ = (__log_filter_data_run_end__ - __log_filter_data_run_start__)
                0x20000000                        __stop_log_filter_data = __log_filter_data_run_end__
                0x20000000                        __log_filter_data_run_load_end__ = __log_filter_data_run_end__
                0x00000001                        . = ASSERT (((__log_filter_data_run_start__ == __log_filter_data_run_end__) || ((__log_filter_data_run_end__ - __RAM_segment_start__) <= __RAM_segment_size__)), error: .log_filter_data_run is too large to fit in RAM memory segment)
                0x000060ac                        __cli_sorted_cmd_ptrs_load_start__ = ALIGN ((__log_filter_data_load_start__ + SIZEOF (.log_filter_data)), 0x4)

.cli_sorted_cmd_ptrs
                0x20000000        0x0 load address 0x000060ac
                0x20000000                        __cli_sorted_cmd_ptrs_start__ = .
 *(.cli_sorted_cmd_ptrs*)
                0x20000000                        __cli_sorted_cmd_ptrs_end__ = (__cli_sorted_cmd_ptrs_start__ + SIZEOF (.cli_sorted_cmd_ptrs))
                0x00000000                        __cli_sorted_cmd_ptrs_size__ = SIZEOF (.cli_sorted_cmd_ptrs)
                0x000060ac                        __cli_sorted_cmd_ptrs_load_end__ = (__cli_sorted_cmd_ptrs_load_start__ + SIZEOF (.cli_sorted_cmd_ptrs))
                0x00000001                        . = ASSERT (((__cli_sorted_cmd_ptrs_load_start__ == __cli_sorted_cmd_ptrs_load_end__) || ((__cli_sorted_cmd_ptrs_load_end__ - __FLASH_segment_start__) <= __FLASH_segment_size__)), error: .cli_sorted_cmd_ptrs is too large to fit in FLASH memory segment)

.cli_sorted_cmd_ptrs_run
                0x20000000        0x0
                0x20000000                        __cli_sorted_cmd_ptrs_run_start__ = .
                0x20000000                        __start_cli_sorted_cmd_ptrs = __cli_sorted_cmd_ptrs_run_start__
                0x20000000                        __cli_sorted_cmd_ptrs_run_end__ = (__cli_sorted_cmd_ptrs_run_start__ + SIZEOF (.cli_sorted_cmd_ptrs))
                0x00000000                        __cli_sorted_cmd_ptrs_run_size__ = (__cli_sorted_cmd_ptrs_run_end__ - __cli_sorted_cmd_ptrs_run_start__)
                0x20000000                        __stop_cli_sorted_cmd_ptrs = __cli_sorted_cmd_ptrs_run_end__
                0x20000000                        __cli_sorted_cmd_ptrs_run_load_end__ = __cli_sorted_cmd_ptrs_run_end__
                0x00000001                        . = ASSERT (((__cli_sorted_cmd_ptrs_run_start__ == __cli_sorted_cmd_ptrs_run_end__) || ((__cli_sorted_cmd_ptrs_run_end__ - __RAM_segment_start__) <= __RAM_segment_size__)), error: .cli_sorted_cmd_ptrs_run is too large to fit in RAM memory segment)
                0x000060ac                        __fs_data_load_start__ = ALIGN ((__cli_sorted_cmd_ptrs_load_start__ + SIZEOF (.cli_sorted_cmd_ptrs)), 0x4)

.fs_data        0x20000000        0x0 load address 0x000060ac
                0x20000000                        __fs_data_start__ = .
 *(.fs_data*)
                0x20000000                        __fs_data_end__ = (__fs_data_start__ + SIZEOF (.fs_data))
                0x00000000                        __fs_data_size__ = SIZEOF (.fs_data)
                0x000060ac                        __fs_data_load_end__ = (__fs_data_load_start__ + SIZEOF (.fs_data))
                0x00000001                        . = ASSERT (((__fs_data_load_start__ == __fs_data_load_end__) || ((__fs_data_load_end__ - __FLASH_segment_start__) <= __FLASH_segment_size__)), error: .fs_data is too large to fit in FLASH memory segment)

.fs_data_run    0x20000000        0x0
                0x20000000                        __fs_data_run_start__ = .
                0x20000000                        __start_fs_data = __fs_data_run_start__
                0x20000000                        __fs_data_run_end__ = (__fs_data_run_start__ + SIZEOF (.fs_data))
                0x00000000                        __fs_data_run_size__ = (__fs_data_run_end__ - __fs_data_run_start__)
                0x20000000                        __stop_fs_data = __fs_data_run_end__
                0x20000000                        __fs_data_run_load_end__ = __fs_data_run_end__
                0x00000001                        . = ASSERT (((__fs_data_run_start__ == __fs_data_run_end__) || ((__fs_data_run_end__ - __RAM_segment_start__) <= __RAM_segment_size__)), error: .fs_data_run is too large to fit in RAM memory segment)
                0x20000000                        __nrf_sections_run_end_load_start__ = ALIGN (__fs_data_run_end__, 0x4)

.nrf_sections_run_end
                0x20000000        0x0
                0x20000000                        __nrf_sections_run_end_start__ = .
                0x20000000                        __end_nrf_sections_run = __nrf_sections_run_end_start__
 *(.nrf_sections_run_end .nrf_sections_run_end.*)
                0x20000000                        __nrf_sections_run_end_end__ = (__nrf_sections_run_end_start__ + SIZEOF (.nrf_sections_run_end))
                0x00000000                        __nrf_sections_run_end_size__ = SIZEOF (.nrf_sections_run_end)
                0x20000000                        __nrf_sections_run_end_load_end__ = __nrf_sections_run_end_end__
                0x00000001                        . = ASSERT (((__nrf_sections_run_end_start__ == __nrf_sections_run_end_end__) || ((__nrf_sections_run_end_end__ - __RAM_segment_start__) <= __RAM_segment_size__)), error: .nrf_sections_run_end is too large to fit in RAM memory segment)
                0x000060ac                        __dtors_load_start__ = ALIGN ((__fs_data_load_start__ + SIZEOF (.fs_data)), 0x4)

.dtors          0x000060ac        0x0
                0x000060ac                        __dtors_start__ = .
 *(SORT_BY_NAME(.dtors.*))
 *(.dtors)
 *(.fini_array)
 *(SORT_BY_NAME(.fini_array.*))
                0x000060ac                        __dtors_end__ = (__dtors_start__ + SIZEOF (.dtors))
                0x00000000                        __dtors_size__ = SIZEOF (.dtors)
                0x000060ac                        __dtors_load_end__ = __dtors_end__
                0x00000001                        . = ASSERT (((__dtors_start__ == __dtors_end__) || ((__dtors_end__ - __FLASH_segment_start__) <= __FLASH_segment_size__)), error: .dtors is too large to fit in FLASH memory segment)
                0x000060ac                        __ctors_load_start__ = ALIGN (__dtors_end__, 0x4)

.ctors          0x000060ac        0x0
                0x000060ac                        __ctors_start__ = .
 *(SORT_BY_NAME(.ctors.*))
 *(.ctors)
 *(.init_array)
 *(SORT_BY_NAME(.init_array.*))
                0x000060ac                        __ctors_end__ = (__ctors_start__ + SIZEOF (.ctors))
                0x00000000                        __ctors_size__ = SIZEOF (.ctors)
                0x000060ac                        __ctors_load_end__ = __ctors_end__
                0x00000001                        . = ASSERT (((__ctors_start__ == __ctors_end__) || ((__ctors_end__ - __FLASH_segment_start__) <= __FLASH_segment_size__)), error: .ctors is too large to fit in FLASH memory segment)
                0x000060ac                        __rodata_load_start__ = ALIGN (__ctors_end__, 0x4)

.rodata         0x000060ac     0x144d
                0x000060ac                        __rodata_start__ = .
 *(.rodata .rodata.* .gnu.linkonce.r.* .data.rel.ro .data.rel.ro.*)
 .rodata        0x000060ac       0xb6 Output/Debug/Obj/DMP_ICM20948/boards.o
 *fill*         0x00006162        0x2 
 .rodata.m_board_led_list
                0x00006164        0x4 Output/Debug/Obj/DMP_ICM20948/boards.o
 .rodata.m_board_btn_list
                0x00006168        0x4 Output/Debug/Obj/DMP_ICM20948/boards.o
 .rodata        0x0000616c       0x10 Output/Debug/Obj/DMP_ICM20948/nrf_drv_spi.o
 .rodata        0x0000617c      0x126 Output/Debug/Obj/DMP_ICM20948/nrfx_gpiote.o
 *fill*         0x000062a2        0x2 
 .rodata        0x000062a4       0x6b Output/Debug/Obj/DMP_ICM20948/nrfx_prs.o
 *fill*         0x0000630f        0x1 
 .rodata        0x00006310      0x124 Output/Debug/Obj/DMP_ICM20948/nrfx_spim.o
 .rodata.irq_handlers.0
                0x00006434        0x4 Output/Debug/Obj/DMP_ICM20948/nrfx_spim.o
 .rodata        0x00006438      0x124 Output/Debug/Obj/DMP_ICM20948/nrfx_uart.o
 .rodata.irq_handlers.0
                0x0000655c        0x4 Output/Debug/Obj/DMP_ICM20948/nrfx_uart.o
 .rodata        0x00006560      0x125 Output/Debug/Obj/DMP_ICM20948/nrfx_uarte.o
 *fill*         0x00006685        0x3 
 .rodata.irq_handlers.0
                0x00006688        0x4 Output/Debug/Obj/DMP_ICM20948/nrfx_uarte.o
 .rodata        0x0000668c       0x74 Output/Debug/Obj/DMP_ICM20948/app_button.o
 .rodata        0x00006700       0x70 Output/Debug/Obj/DMP_ICM20948/app_error_weak.o
 .rodata        0x00006770       0x78 Output/Debug/Obj/DMP_ICM20948/app_timer2.o
 .rodata        0x000067e8       0x6d Output/Debug/Obj/DMP_ICM20948/app_util_platform.o
 *fill*         0x00006855        0x3 
 .rodata        0x00006858       0x68 Output/Debug/Obj/DMP_ICM20948/nrf_balloc.o
 .rodata        0x000068c0       0x5e Output/Debug/Obj/DMP_ICM20948/nrf_fprintf.o
 *fill*         0x0000691e        0x2 
 .rodata        0x00006920       0x65 Output/Debug/Obj/DMP_ICM20948/nrf_fprintf_format.o
 *fill*         0x00006985        0x3 
 .rodata._aV2C.0
                0x00006988       0x10 Output/Debug/Obj/DMP_ICM20948/nrf_fprintf_format.o
 .rodata        0x00006998       0x68 Output/Debug/Obj/DMP_ICM20948/nrf_memobj.o
 .rodata        0x00006a00       0x78 Output/Debug/Obj/DMP_ICM20948/nrf_sortlist.o
 .rodata.m_unknown_str
                0x00006a78       0x13 Output/Debug/Obj/DMP_ICM20948/nrf_strerror.o
 *fill*         0x00006a8b        0x1 
 .rodata        0x00006a8c      0x3bd Output/Debug/Obj/DMP_ICM20948/nrf_strerror.o
 *fill*         0x00006e49        0x3 
 .rodata.nrf_strerror_array
                0x00006e4c      0x118 Output/Debug/Obj/DMP_ICM20948/nrf_strerror.o
 .rodata        0x00006f64       0x94 Output/Debug/Obj/DMP_ICM20948/nrf_log_backend_uart.o
 .rodata.nrf_log_backend_uart_api
                0x00006ff8        0xc Output/Debug/Obj/DMP_ICM20948/nrf_log_backend_uart.o
                0x00006ff8                nrf_log_backend_uart_api
 .rodata        0x00007004       0x8b Output/Debug/Obj/DMP_ICM20948/nrf_log_default_backends.o
 *fill*         0x0000708f        0x1 
 .rodata.m_log_push_ringbuf
                0x00007090        0xc Output/Debug/Obj/DMP_ICM20948/nrf_log_frontend.o
 .rodata        0x0000709c       0x85 Output/Debug/Obj/DMP_ICM20948/nrf_log_frontend.o
 *fill*         0x00007121        0x3 
 .rodata        0x00007124       0xaa Output/Debug/Obj/DMP_ICM20948/nrf_log_str_formatter.o
 *fill*         0x000071ce        0x2 
 .rodata        0x000071d0       0xec Output/Debug/Obj/DMP_ICM20948/main.o
 .rodata.spi    0x000072bc       0x10 Output/Debug/Obj/DMP_ICM20948/main.o
 *fill*         0x000072cc        0x4 
 .rodata.delay_machine_code.0
                0x000072d0        0x6 Output/Debug/Obj/DMP_ICM20948/main.o
 *fill*         0x000072d6        0x2 
 .rodata.libc.__SEGGER_RTL_c_locale
                0x000072d8        0xc /opt/SEGGER/segger_embedded_studio_8.22a/lib/mbops_timeops_v7em_fpv4_sp_d16_hard_t_le_eabi_balanced.a(mbops.o)
                0x000072d8                __SEGGER_RTL_c_locale
 .rodata.libc.__SEGGER_RTL_c_locale_day_names
                0x000072e4       0x3a /opt/SEGGER/segger_embedded_studio_8.22a/lib/mbops_timeops_v7em_fpv4_sp_d16_hard_t_le_eabi_balanced.a(mbops.o)
                0x000072e4                __SEGGER_RTL_c_locale_day_names
 .rodata.libc.__SEGGER_RTL_c_locale_month_names
                0x0000731e       0x57 /opt/SEGGER/segger_embedded_studio_8.22a/lib/mbops_timeops_v7em_fpv4_sp_d16_hard_t_le_eabi_balanced.a(mbops.o)
                0x0000731e                __SEGGER_RTL_c_locale_month_names
 .rodata.libc.__SEGGER_RTL_c_locale_am_pm_indicator
                0x00007375        0x7 /opt/SEGGER/segger_embedded_studio_8.22a/lib/mbops_timeops_v7em_fpv4_sp_d16_hard_t_le_eabi_balanced.a(mbops.o)
                0x00007375                __SEGGER_RTL_c_locale_am_pm_indicator
 .rodata.libc.__SEGGER_RTL_c_locale_date_format
                0x0000737c        0x9 /opt/SEGGER/segger_embedded_studio_8.22a/lib/mbops_timeops_v7em_fpv4_sp_d16_hard_t_le_eabi_balanced.a(mbops.o)
                0x0000737c                __SEGGER_RTL_c_locale_date_format
 .rodata.libc.__SEGGER_RTL_c_locale_time_format
                0x00007385        0x9 /opt/SEGGER/segger_embedded_studio_8.22a/lib/mbops_timeops_v7em_fpv4_sp_d16_hard_t_le_eabi_balanced.a(mbops.o)
                0x00007385                __SEGGER_RTL_c_locale_time_format
 .rodata.libc.__SEGGER_RTL_c_locale_date_time_format
                0x0000738e        0xf /opt/SEGGER/segger_embedded_studio_8.22a/lib/mbops_timeops_v7em_fpv4_sp_d16_hard_t_le_eabi_balanced.a(mbops.o)
                0x0000738e                __SEGGER_RTL_c_locale_date_time_format
 .rodata.libc..L.str
                0x0000739d        0x2 /opt/SEGGER/segger_embedded_studio_8.22a/lib/mbops_timeops_v7em_fpv4_sp_d16_hard_t_le_eabi_balanced.a(mbops.o)
 *fill*         0x0000739f        0x1 
 .rodata.libc.__SEGGER_RTL_codeset_ascii
                0x000073a0       0x20 /opt/SEGGER/segger_embedded_studio_8.22a/lib/mbops_timeops_v7em_fpv4_sp_d16_hard_t_le_eabi_balanced.a(mbops.o)
                0x000073a0                __SEGGER_RTL_codeset_ascii
 .rodata.libc.__SEGGER_RTL_c_locale_abbrev_day_names
                0x000073c0       0x1d /opt/SEGGER/segger_embedded_studio_8.22a/lib/mbops_timeops_v7em_fpv4_sp_d16_hard_t_le_eabi_balanced.a(mbops.o)
                0x000073c0                __SEGGER_RTL_c_locale_abbrev_day_names
 .rodata.libc.__SEGGER_RTL_c_locale_abbrev_month_names
                0x000073dd       0x31 /opt/SEGGER/segger_embedded_studio_8.22a/lib/mbops_timeops_v7em_fpv4_sp_d16_hard_t_le_eabi_balanced.a(mbops.o)
                0x000073dd                __SEGGER_RTL_c_locale_abbrev_month_names
 .rodata.libc.__SEGGER_RTL_data_utf8_period
                0x0000740e        0x2 /opt/SEGGER/segger_embedded_studio_8.22a/lib/mbops_timeops_v7em_fpv4_sp_d16_hard_t_le_eabi_balanced.a(mbops.o)
                0x0000740e                __SEGGER_RTL_data_utf8_period
 .rodata.libc.__SEGGER_RTL_data_empty_string
                0x00007410        0x1 /opt/SEGGER/segger_embedded_studio_8.22a/lib/mbops_timeops_v7em_fpv4_sp_d16_hard_t_le_eabi_balanced.a(mbops.o)
                0x00007410                __SEGGER_RTL_data_empty_string
 *fill*         0x00007411        0x3 
 .rodata.libc.__SEGGER_RTL_c_locale_data
                0x00007414       0x58 /opt/SEGGER/segger_embedded_studio_8.22a/lib/mbops_timeops_v7em_fpv4_sp_d16_hard_t_le_eabi_balanced.a(mbops.o)
                0x00007414                __SEGGER_RTL_c_locale_data
 .rodata.libc.__SEGGER_RTL_ascii_ctype_map
                0x0000746c       0x80 /opt/SEGGER/segger_embedded_studio_8.22a/lib/mbops_timeops_v7em_fpv4_sp_d16_hard_t_le_eabi_balanced.a(mbops.o)
 .rodata.libc.__SEGGER_RTL_ascii_ctype_mask
                0x000074ec        0xd /opt/SEGGER/segger_embedded_studio_8.22a/lib/mbops_timeops_v7em_fpv4_sp_d16_hard_t_le_eabi_balanced.a(mbops.o)
                0x000074f9                        __rodata_end__ = (__rodata_start__ + SIZEOF (.rodata))
                0x0000144d                        __rodata_size__ = SIZEOF (.rodata)
                0x000074f9                        __rodata_load_end__ = __rodata_end__

.rel.dyn        0x000074fc        0x0
 .rel.iplt      0x000074fc        0x0 Output/Debug/Obj/DMP_ICM20948/boards.o
                0x00000001                        . = ASSERT (((__rodata_start__ == __rodata_end__) || ((__rodata_end__ - __FLASH_segment_start__) <= __FLASH_segment_size__)), error: .rodata is too large to fit in FLASH memory segment)
                0x000074fc                        __ARM.exidx_load_start__ = ALIGN (__rodata_end__, 0x4)

.ARM.exidx      0x000074fc        0x0
                0x000074fc                        __ARM.exidx_start__ = .
                0x000074fc                        __exidx_start = __ARM.exidx_start__
 *(.ARM.exidx .ARM.exidx.*)
                0x000074fc                        __ARM.exidx_end__ = (__ARM.exidx_start__ + SIZEOF (.ARM.exidx))
                0x00000000                        __ARM.exidx_size__ = SIZEOF (.ARM.exidx)
                0x000074fc                        __exidx_end = __ARM.exidx_end__
                0x000074fc                        __ARM.exidx_load_end__ = __ARM.exidx_end__
                0x00000001                        . = ASSERT (((__ARM.exidx_start__ == __ARM.exidx_end__) || ((__ARM.exidx_end__ - __FLASH_segment_start__) <= __FLASH_segment_size__)), error: .ARM.exidx is too large to fit in FLASH memory segment)
                0x000074fc                        __fast_load_start__ = ALIGN (__ARM.exidx_end__, 0x4)

.fast           0x20000000        0x0 load address 0x000074fc
                0x20000000                        __fast_start__ = .
 *(.fast .fast.*)
                0x20000000                        __fast_end__ = (__fast_start__ + SIZEOF (.fast))
                0x00000000                        __fast_size__ = SIZEOF (.fast)
                0x000074fc                        __fast_load_end__ = (__fast_load_start__ + SIZEOF (.fast))
                0x00000001                        . = ASSERT (((__fast_load_start__ == __fast_load_end__) || ((__fast_load_end__ - __FLASH_segment_start__) <= __FLASH_segment_size__)), error: .fast is too large to fit in FLASH memory segment)

.fast_run       0x20000000        0x0
                0x20000000                        __fast_run_start__ = .
                0x20000000                        __fast_run_end__ = (__fast_run_start__ + SIZEOF (.fast))
                0x00000000                        __fast_run_size__ = (__fast_run_end__ - __fast_run_start__)
                0x20000000                        __fast_run_load_end__ = __fast_run_end__
                0x00000001                        . = ASSERT (((__fast_run_start__ == __fast_run_end__) || ((__fast_run_end__ - __RAM_segment_start__) <= __RAM_segment_size__)), error: .fast_run is too large to fit in RAM memory segment)
                0x000074fc                        __data_load_start__ = ALIGN ((__fast_load_start__ + SIZEOF (.fast)), 0x4)

.data           0x20000000       0x6c load address 0x000074fc
                0x20000000                        __data_start__ = .
 *(.data .data.* .gnu.linkonce.d.*)
 .data.m_uart   0x20000000       0x14 Output/Debug/Obj/DMP_ICM20948/nrf_log_backend_uart.o
                0x20000000                m_uart
 .data.log_backend_cb_uart_log_backend
                0x20000014        0x8 Output/Debug/Obj/DMP_ICM20948/nrf_log_default_backends.o
 .data.severity_names
                0x2000001c       0x14 Output/Debug/Obj/DMP_ICM20948/nrf_log_str_formatter.o
 .data.m_colors
                0x20000030       0x24 Output/Debug/Obj/DMP_ICM20948/nrf_log_str_formatter.o
 .data.SystemCoreClock
                0x20000054        0x4 Output/Debug/Obj/DMP_ICM20948/system_nrf52.o
                0x20000054                SystemCoreClock
 .data.libc.__SEGGER_RTL_global_locale
                0x20000058       0x14 /opt/SEGGER/segger_embedded_studio_8.22a/lib/mbops_timeops_v7em_fpv4_sp_d16_hard_t_le_eabi_balanced.a(mbops.o)
                0x20000058                __RAL_global_locale
                0x20000058                __SEGGER_RTL_global_locale
                0x2000006c                        __data_end__ = (__data_start__ + SIZEOF (.data))
                0x0000006c                        __data_size__ = SIZEOF (.data)
                0x00007568                        __data_load_end__ = (__data_load_start__ + SIZEOF (.data))

.igot.plt       0x00000000        0x0
 .igot.plt      0x00000000        0x0 Output/Debug/Obj/DMP_ICM20948/boards.o
                0x00000001                        . = ASSERT (((__data_load_start__ == __data_load_end__) || ((__data_load_end__ - __FLASH_segment_start__) <= __FLASH_segment_size__)), error: .data is too large to fit in FLASH memory segment)

.data_run       0x20000000        0x0
                0x20000000                        __data_run_start__ = .
                0x2000006c                        __data_run_end__ = (__data_run_start__ + SIZEOF (.data))
                0x0000006c                        __data_run_size__ = (__data_run_end__ - __data_run_start__)
                0x2000006c                        __data_run_load_end__ = __data_run_end__
                0x00000001                        . = ASSERT (((__data_run_start__ == __data_run_end__) || ((__data_run_end__ - __RAM_segment_start__) <= __RAM_segment_size__)), error: .data_run is too large to fit in RAM memory segment)
                0x00007568                        __tdata_load_start__ = ALIGN ((__data_load_start__ + SIZEOF (.data)), 0x4)

.tdata          0x2000006c        0x0 load address 0x00007568
                0x2000006c                        __tdata_start__ = .
 *(.tdata .tdata.*)
                0x2000006c                        __tdata_end__ = (__tdata_start__ + SIZEOF (.tdata))
                0x00000000                        __tdata_size__ = SIZEOF (.tdata)
                0x00007568                        __tdata_load_end__ = (__tdata_load_start__ + SIZEOF (.tdata))
                0x00007568                        __FLASH_segment_used_end__ = (ALIGN ((__data_load_start__ + SIZEOF (.data)), 0x4) + SIZEOF (.tdata))
                0x00007568                        __FLASH_segment_used_size__ = (__FLASH_segment_used_end__ - __FLASH_segment_start__)